python determined to be '/mingw64/bin/python3'
python version: Python 3.14.7
mkvenv: Creating non-isolated virtual environment at 'pyvenv'
mkvenv: checking for meson>=1.5.0
mkvenv: checking for pycotap>=1.1.0
mkvenv: installing pycotap==1.3.1
mkvenv: checking for qemu.qmp>=0.0.5
mkvenv: checking for setuptools>=44.1.1
mkvenv: checking for wheel>=0.34.2
mkvenv: checking for pip>=20.3.4
mkvenv: installing qemu.qmp==0.0.6, setuptools>=44.1.1, wheel>=0.34.2, pip>=20.3.4
mkvenv: installing C:/GoldenGate/darwin-vm/qemu-sptm/python
mkvenv: checking for sphinx>=3.4.3
mkvenv: checking for sphinx_rtd_theme>=0.5

'sphinx==6.2.1' not found:
 • Python package 'sphinx' was not found nor installed.
 • mkvenv was configured to operate offline and did not check PyPI.


Sphinx not found/usable, disabling docs.

ERROR: Unknown target name '0'

EXIT: 1
