[1/32] Generating qemu-version.h with a custom command (wrapped by meson to capture output)
fatal: No names found, cannot describe anything.

[2/30] Compiling C object libsystem_arm.a.p/hw_arm_xnu_patch.c.obj
[3/30] Compiling C object libsystem_arm.a.p/hw_arm_darwin.c.obj
[4/30] Compiling C object libsystem_arm.a.p/hw_arm_apple_dtree.c.obj
[5/30] Compiling C object libsystem_arm.a.p/hw_arm_apple_regs.c.obj
[6/30] Compiling C object libsystem_arm.a.p/hw_arm_apple_amcc.c.obj
[7/30] Compiling C object libsystem_arm.a.p/hw_arm_macho.c.obj
[8/30] Compiling C object libsystem_arm.a.p/hw_arm_apple_rtkit.c.obj
[9/30] Compiling C object libsystem_arm.a.p/hw_arm_apple_dcp.c.obj
[10/30] Compiling C object libsystem_arm.a.p/hw_intc_arm_gicv3_cpuif_common.c.obj
[11/30] Compiling C object libsystem_arm.a.p/hw_intc_arm_gicv3_cpuif.c.obj
[12/30] Linking static target libstubs_arm.a
[13/30] Compiling C object libsystem_arm.a.p/hw_intc_armv7m_nvic.c.obj
[14/30] Compiling C object libqemu-aarch64-softmmu.a.p/configs_targets_aarch64-softmmu.c.obj
[15/30] Compiling C object libqemu-aarch64-softmmu.a.p/target_arm_cpu64.c.obj
[16/30] Compiling C object libqemu-aarch64-softmmu.a.p/target_arm_tcg_cpu32.c.obj
[17/30] Compiling C object libqemu-aarch64-softmmu.a.p/target_arm_tcg_gengvec64.c.obj
[18/30] Compiling C object libqemu-aarch64-softmmu.a.p/target_arm_tcg_translate-a64.c.obj
[19/30] Compiling C object libqemu-aarch64-softmmu.a.p/target_arm_tcg_translate-sve.c.obj
[20/30] Compiling C object libqemu-aarch64-softmmu.a.p/target_arm_tcg_translate-sme.c.obj
[21/30] Compiling C object libqemu-aarch64-softmmu.a.p/target_arm_tcg_translate-gxf.c.obj
[22/30] Compiling C object libqemu-aarch64-softmmu.a.p/target_arm_tcg_helper-a64.c.obj
[23/30] Compiling C object libqemu-aarch64-softmmu.a.p/target_arm_tcg_mte_helper.c.obj
[24/30] Compiling C object libqemu-aarch64-softmmu.a.p/target_arm_tcg_pauth_helper.c.obj
[25/30] Compiling C object libqemu-aarch64-softmmu.a.p/target_arm_tcg_sme_helper.c.obj
[26/30] Compiling C object libqemu-aarch64-softmmu.a.p/target_arm_tcg_vec_helper64.c.obj
[27/30] Compiling C object libqemu-aarch64-softmmu.a.p/target_arm_tcg_fp8_helper.c.obj
[28/30] Compiling C object qemu-system-aarch64.exe.p/system_main.c.obj
[29/30] Compiling C object libqemu-aarch64-softmmu.a.p/target_arm_tcg_sve_helper.c.obj
[30/30] Linking target qemu-system-aarch64.exe
FAILED: [code=1] qemu-system-aarch64.exe 
"cc" "-m64" @qemu-system-aarch64.exe.rsp
C:/devkitPro/msys2/mingw64/bin/../lib/gcc/x86_64-w64-mingw32/16.2.0/../../../../x86_64-w64-mingw32/bin/ld.exe: libsystem.a.p/hw_char_exynos4210_uart.c.obj: in function `exynos4210_uart_write':
C:\GoldenGate\qemu-sptm-patchtest\build/../hw/char/exynos4210_uart.c:439:(.text+0x1414): undefined reference to `dcp_console_feed'
collect2.exe: error: ld returned 1 exit status
ninja: build stopped: subcommand failed.
EXIT: 1
