Darwin Kernel Version 27.0.0: Tue Aug 11 21:02:16 PDT 2026; root:xnu-13432.1.9~1/RELEASE_ARM64_T8112
pmap_startup() init/release time: 2111486 microsec
vm_page_bootstrap: 2450306 free pages, 170892 wired pages
VM bootstrap: 73 maps, 256 entries and 64 nodes available
ptr-packing max: compressor:0x<ptr> page:0x<ptr> vmn:0xfffffeffffffff00 vme:0x<ptr>
zone_map_range: min:0x<ptr> max:0x0, vm-size:0x5cc000000 ro-size:0x29e000000, vm_min:0x<ptr> ro_min:0x<ptr>
vm: "vm_compressor_mode" is 4
VM bootstrap done: 71 maps, 224 entries and 59 nodes left
standard timeslicing quantum is 10000 us
standard background quantum is 2500 us
OSLog stream configured: stream: 8192 bytes, cache: 2112 bytes
Long logs support configured: size: 16384
Firehose configured: 16 chunks, 8 io pages
Log queues configured: slot count: 9, per-slot size: 32768, total size: 294912
[trap_telemetry] trap_telemetry_init
mig_table_max_displ = 91 mach_kobj_count = 390
debug_log_init: Error!! gPanicBase is still not initialized
libTXM_KernelVersion: 12
libTXM_Image4Version: 1
TXM [Log]: setup logging: 32768 bytes (256 | 128)
TXM [Log]: system supports DIT feature
TXM [Log]: setup device tree range
TXM [Log]: unable to find esdm-fuses property in /chosen
TXM [Log]: resolved system platform identity: 0
TXM [Log]: Code Signing Monitor Image4 Module Version 7.0.0: Sat Aug  8 12:39:48 PDT 2026; root:AppleImage4_txm-374~7020/libima
TXM [Log]: libimage4: magazine[pdmg]: failed to read nonce slot data: 2
TXM [Log]: libimage4: magazine[cptx]: failed to read nonce slot data: 2
TXM [Log]: libimage4: magazine[dvdi]: failed to read nonce slot data: 2
TXM [Log]: libimage4: magazine[c1bt]: failed to read nonce slot data: 2
TXM [Log]: libimage4: magazine[c1ab]: failed to read nonce slot data: 2
TXM [Log]: libimage4: magazine[c1gn]: failed to read nonce slot data: 2
TXM [Log]: libimage4: magazine[c1sm]: failed to read nonce slot data: 2
TXM [Log]: libimage4: magazine[d1ma]: failed to read nonce slot data: 2
TXM [Log]: libimage4: magazine[c1ge]: failed to read nonce slot data: 2
TXM [Log]: libimage4: magazine[c1er]: failed to read nonce slot data: 2
TXM [Log]: libimage4: magazine[c1ai]: failed to read nonce slot data: 2
TXM [Log]: libimage4: magazine[c1al]: failed to read nonce slot data: 2
TXM [Log]: libimage4: failed to read from boot manifest: p = love, name = love: 2
TXM [Log]: libimage4: failed to read from boot manifest: p = vnum, name = love: 2
TXM [Log]: libimage4: failed to query property: volume group uuid: 84
TXM [Log]: libimage4: no boot uuid set
TXM [Log]: Image4: darwin pseudo-expert: invalid VolumeUuid [Length]
TXM [Log]: system is configured to not start the SEP at system boot
TXM [Log]: unable to find sepfw-never-boot property in /chosen
TXM [Log]: secure channel not supported on this platform
TXM [Log]: unable to find research-enabled property in /chosen
TXM [Log]: unable to find research ERM property in /chosen
TXM [Log]: unable to find iboot-build-variant property in /chosen/iBoot
TXM [Log]: loaded external trust cache modules: 1/1
TXM [Log]: unable to find amfi-only-platform-code property in /chosen
TXM [Log]: platform code only policy: 0
TXM [Log]: restricted execution mode support: 0
TXM [Log]: successfully queried the UniqueDeviceIDv2 from the device tree
TXM [Log]: developer mode enabled due to system policy configuration
TXM [Log]: build variant: txm.macosx.release.TrustedExecutionMonitor_Guarded-217.0.2
TXM [Log]: fusing: 0x00000000
TXM [Log]: virtualized: 1
TXM [Log]: build type: 0
TXM [Log]: device type: 0
TXM [Log]: research configuration: 0
TXM [Log]: extended research configuration: 0
panic(cpu 0 caller 0xfffffe002c52d8d0): Kernel data abort. at pc 0xfffffe002bc291ac, lr 0xfffffe002bc291ac (saved state: 0xfffffec10e04b980)
	  x0:  0x000000000046ae81 x1:  0x0000000000000000  x2:  0x0000000000000000  x3:  0xfffffec10e04bc00
	  x4:  0x0000000000000000 x5:  0xfeedfacefeedfad3  x6:  0xfeedfacefeedfad3  x7:  0xfffffe002c9d6730
	  x8:  0x0000000000000000 x9:  0x00000000000003eb  x10: 0x00000000000003eb  x11: 0x00000000000022cb
	  x12: 0x0000000000000049 x13: 0x0000000000989680  x14: 0x0000000000000000  x15: 0x0000000000000001
	  x16: 0x2badfe002c9dcf78 x17: 0x000000000000d507  x18: 0x00000000000001c0  x19: 0xfffffe1aa0074900
	  x20: 0x0000000000000000 x21: 0xfffffe002c524c88  x22: 0x000000000046ae81  x23: 0xfffffe002c9d6028
	  x24: 0x0000000000000000 x25: 0x0000000000000000  x26: 0xfffffe1aa0074900  x27: 0x0000000000000000
	  x28: 0x0000000000000000 fp:  0xfffffec10e04bd50  lr:  0xfffffe002bc291ac  sp:  0xfffffec10e04bcd0
	  pc:  0xfffffe002bc291ac cpsr: 0x804003c8         esr: 0x0000000096000005  far: 0x0000000000000268

Nested panic detected - entry count: 2 panic_caller: 0xfffffe002c52d8d0
Kernel text exec slide: 0x0000000024b94000
Kernel text exec base: 0xfffffe002bb98000
Kernel UUID: 95D4D299-EB6D-3F85-8B6D-B9F00605F492
Panicked thread: 0xfffffe1aa0074900, backtrace: 0xfffffec10e04a530, tid: 101
		  lr: 0xfffffe002bbebc74  fp: 0xfffffec10e04a5b0
		  lr: 0xfffffe002bbeb5fc  fp: 0xfffffec10e04a780
		  lr: 0xfffffe002c51d9f0  fp: 0xfffffec10e04a7a0
		  lr: 0xfffffe002c52d8d0  fp: 0xfffffec10e04a920
		  lr: 0xfffffe002bd79734  fp: 0xfffffec10e04a9d0
		  lr: 0xfffffe002bd779c0  fp: 0xfffffec10e04aa90
		  lr: 0xfffffe002bb9b1f4  fp: 0xfffffec10e04aaa0
		  lr: 0xfffffe002bd815f4  fp: 0xfffffec10e04af50
		  lr: 0xfffffe002bbec218  fp: 0xfffffec10e04aff0
		  lr: 0xfffffe002bd798f0  fp: 0xfffffec10e04b060
		  lr: 0xfffffe002bd77714  fp: 0xfffffec10e04b120
		  lr: 0xfffffe002bb9b1f4  fp: 0xfffffec10e04b130
		  lr: 0xfffffe002bbec53c  fp: 0xfffffec10e04b650
		  lr: 0xfffffe002c51d9f0  fp: 0xfffffec10e04b670
		  lr: 0xfffffe002c52d8d0  fp: 0xfffffec10e04b7f0
		  lr: 0xfffffe002bd79734  fp: 0xfffffec10e04b8a0
		  lr: 0xfffffe002bd77898  fp: 0xfffffec10e04b960
		  lr: 0xfffffe002bb9b1f4  fp: 0xfffffec10e04b970
		  lr: 0xfffffe002bc291ac  fp: 0xfffffec10e04bd50
		  lr: 0xfffffe002bc28120  fp: 0xfffffec10e04bdc0
		  lr: 0xfffffe002bc51630  fp: 0xfffffec10e04be90
		  lr: 0xfffffe002bc55c38  fp: 0xfffffec10e04bee0
		  lr: 0xfffffe002bc55b24  fp: 0xfffffec10e04bf20
		  lr: 0xfffffe002bd853ec  fp: 0x0000000000000000
         can't perform kext scan: no kext summaryNested panic string:
Kernel data abort. at pc 0xfffffe002bd815f4, lr 0xfffffe002bbec218 (saved state: 0xfffffec10e04aab0)
	  x0:  0xfffffe002706c32a x1:  0x000000000000000a  x2:  0x0000000000000000  x3:  0x0000000000000000
	  x4:  0x0000000000000010 x5:  0x0000000000000001  x6:  0x0000000000000001  x7:  0xfffffe002c52d8d0
	  x8:  0x0000000000000000 x9:  0xa9a59c65af780016  x10: 0xfffffe0027e346f0  x11: 0x0000000000000000
	  x12: 0x000000000000003c x13: 0x0000000000000000  x14: 0x0000000000000002  x15: 0xfffffe002704e5f8
	  x16: 0xfffffe002c4d8ec8 x17: 0x0000000000000a98  x18: 0x00000000000001c0  x19: 0xfffffe002ca64228
	  x20: 0x0000000000000000 x21: 0xfffffe002ca68000  x22: 0x0000000000000000  x23: 0xfffffe002c9db000
	  x24: 0xfffffe002706c32a x25: 0xfffffe1aa0074900  x26: 0xfffffe002ca64000  x27: 0x0000000000000000
	  x28: 0xfffffe002c99c0d8 fp:  0xfffffec10e04af50  lr:  0xfffffe002bbec218  sp:  0xfffffec10e04ae00
	  pc:  0xfffffe002bd815f4 cpsr: 0x604033c8         esr: 0x0000000096000045  far: 0x00000000000000b1

<end nested panic string>
panic(cpu 0 caller 0xfffffe002c52d8d0): Kernel data abort. at pc 0xfffffe002bc291ac, lr 0xfffffe002bc291ac (saved state: 0xfffffec10e04b980)
	  x0:  0x000000000046ae81 x1:  0x0000000000000000  x2:  0x0000000000000000  x3:  0xfffffec10e04bc00
	  x4:  0x0000000000000000 x5:  0xfeedfacefeedfad3  x6:  0xfeedfacefeedfad3  x7:  0xfffffe002c9d6730
	  x8:  0x0000000000000000 x9:  0x00000000000003eb  x10: 0x00000000000003eb  x11: 0x00000000000022cb
	  x12: 0x0000000000000049 x13: 0x0000000000989680  x14: 0x0000000000000000  x15: 0x0000000000000001
	  x16: 0x2badfe002c9dcf78 x17: 0x000000000000d507  x18: 0x00000000000001c0  x19: 0xfffffe1aa0074900
	  x20: 0x0000000000000000 x21: 0xfffffe002c524c88  x22: 0x000000000046ae81  x23: 0xfffffe002c9d6028
	  x24: 0x0000000000000000 x25: 0x0000000000000000  x26: 0xfffffe1aa0074900  x27: 0x0000000000000000
	  x28: 0x0000000000000000 fp:  0xfffffec10e04bd50  lr:  0xfffffe002bc291ac  sp:  0xfffffec10e04bcd0
	  pc:  0xfffffe002bc291ac cpsr: 0x804003c8         esr: 0x0000000096000005  far: 0x0000000000000268

Nested panic detected - entry count: 3 panic_caller: 0xfffffe002c52d8d0
Kernel text exec slide: 0x0000000024b94000
Kernel text exec base: 0xfffffe002bb98000
Kernel UUID: 95D4D299-EB6D-3F85-8B6D-B9F00605F492
Panicked thread: 0xfffffe1aa0074900, backtrace: 0xfffffec10e049660, tid: 101
		  lr: 0xfffffe002bbebc74  fp: 0xfffffec10e0496e0
		  lr: 0xfffffe002bbeb5fc  fp: 0xfffffec10e0498b0
		  lr: 0xfffffe002c51d9f0  fp: 0xfffffec10e0498d0
		  lr: 0xfffffe002c52d8d0  fp: 0xfffffec10e049a50
		  lr: 0xfffffe002bd79734  fp: 0xfffffec10e049b00
		  lr: 0xfffffe002bd779c0  fp: 0xfffffec10e049bc0
		  lr: 0xfffffe002bb9b1f4  fp: 0xfffffec10e049bd0
		  lr: 0xfffffe002bd815f4  fp: 0xfffffec10e04a080
		  lr: 0xfffffe002bbec218  fp: 0xfffffec10e04a120
		  lr: 0xfffffe002bd798f0  fp: 0xfffffec10e04a190
		  lr: 0xfffffe002bd77714  fp: 0xfffffec10e04a250
		  lr: 0xfffffe002bb9b1f4  fp: 0xfffffec10e04a260
		  lr: 0xfffffe002bbec53c  fp: 0xfffffec10e04a780
		  lr: 0xfffffe002c51d9f0  fp: 0xfffffec10e04a7a0
		  lr: 0xfffffe002c52d8d0  fp: 0xfffffec10e04a920
		  lr: 0xfffffe002bd79734  fp: 0xfffffec10e04a9d0
		  lr: 0xfffffe002bd779c0  fp: 0xfffffec10e04aa90
		  lr: 0xfffffe002bb9b1f4  fp: 0xfffffec10e04aaa0
		  lr: 0xfffffe002bd815f4  fp: 0xfffffec10e04af50
		  lr: 0xfffffe002bbec218  fp: 0xfffffec10e04aff0
		  lr: 0xfffffe002bd798f0  fp: 0xfffffec10e04b060
		  lr: 0xfffffe002bd77714  fp: 0xfffffec10e04b120
		  lr: 0xfffffe002bb9b1f4  fp: 0xfffffec10e04b130
		  lr: 0xfffffe002bbec53c  fp: 0xfffffec10e04b650
		  lr: 0xfffffe002c51d9f0  fp: 0xfffffec10e04b670
		  lr: 0xfffffe002c52d8d0  fp: 0xfffffec10e04b7f0
		  lr: 0xfffffe002bd79734  fp: 0xfffffec10e04b8a0
		  lr: 0xfffffe002bd77898  fp: 0xfffffec10e04b960
		  lr: 0xfffffe002bb9b1f4  fp: 0xfffffec10e04b970
		  lr: 0xfffffe002bc291ac  fp: 0xfffffec10e04bd50
		  lr: 0xfffffe002bc28120  fp: 0xfffffec10e04bdc0
		  lr: 0xfffffe002bc51630  fp: 0xfffffec10e04be90
		  lr: 0xfffffe002bc55c38  fp: 0xfffffec10e04bee0
		  lr: 0xfffffe002bc55b24  fp: 0xfffffec10e04bf20
		  lr: 0xfffffe002bd853ec  fp: 0x0000000000000000
         can't perform kext scan: no kext summaryNested panic string:
Kernel data abort. at pc 0xfffffe002bd815f4, lr 0xfffffe002bbec218 (saved state: 0xfffffec10e049be0)
	  x0:  0xfffffe002706c32a x1:  0x000000000000000a  x2:  0x0000000000000000  x3:  0x0000000000000000
	  x4:  0x0000000000000010 x5:  0x0000000000000001  x6:  0x0000000000000001  x7:  0xfffffe002c52d8d0
	  x8:  0x0000000000000000 x9:  0xa9a59c65af780016  x10: 0xfffffe0027e346f0  x11: 0x0000000000000000
	  x12: 0x000000000000003c x13: 0x0000000000000000  x14: 0x0000000000000002  x15: 0xfffffe002704e5f8
	  x16: 0xfffffe002c4d8ec8 x17: 0x0000000000000a98  x18: 0x00000000000001c0  x19: 0xfffffe002ca64228
	  x20: 0x0000000000000000 x21: 0xfffffe002ca68000  x22: 0x0000000000000000  x23: 0xfffffe002c9db000
	  x24: 0xfffffe002706c32a x25: 0xfffffe1aa0074900  x26: 0xfffffe002ca64000  x27: 0x0000000000000003
	  x28: 0xfffffe002c99c0d8 fp:  0xfffffec10e04a080  lr:  0xfffffe002bbec218  sp:  0xfffffec10e049f30
	  pc:  0xfffffe002bd815f4 cpsr: 0x604033c8         esr: 0x0000000096000045  far: 0x00000000000000b1

<end nested panic string>
panic(cpu 0 caller 0xfffffe002c52d8d0): Kernel data abort. at pc 0xfffffe002bc291ac, lr 0xfffffe002bc291ac (saved state: 0xfffffec10e04b980)
	  x0:  0x000000000046ae81 x1:  0x0000000000000000  x2:  0x0000000000000000  x3:  0xfffffec10e04bc00
	  x4:  0x0000000000000000 x5:  0xfeedfacefeedfad3  x6:  0xfeedfacefeedfad3  x7:  0xfffffe002c9d6730
	  x8:  0x0000000000000000 x9:  0x00000000000003eb  x10: 0x00000000000003eb  x11: 0x00000000000022cb
	  x12: 0x0000000000000049 x13: 0x0000000000989680  x14: 0x0000000000000000  x15: 0x0000000000000001
	  x16: 0x2badfe002c9dcf78 x17: 0x000000000000d507  x18: 0x00000000000001c0  x19: 0xfffffe1aa0074900
	  x20: 0x0000000000000000 x21: 0xfffffe002c524c88  x22: 0x000000000046ae81  x23: 0xfffffe002c9d6028
	  x24: 0x0000000000000000 x25: 0x0000000000000000  x26: 0xfffffe1aa0074900  x27: 0x0000000000000000
	  x28: 0x0000000000000000 fp:  0xfffffec10e04bd50  lr:  0xfffffe002bc291ac  sp:  0xfffffec10e04bcd0
	  pc:  0xfffffe002bc291ac cpsr: 0x804003c8         esr: 0x0000000096000005  far: 0x0000000000000268

Nested panic detected - entry count: 4 panic_caller: 0xfffffe002c52d8d0
Kernel text exec slide: 0x0000000024b94000
Kernel text exec base: 0xfffffe002bb98000
Kernel UUID: 95D4D299-EB6D-3F85-8B6D-B9F00605F492
Panicked thread: 0xfffffe1aa0074900, backtrace: 0xfffffec10e048790, tid: 101
		  lr: 0xfffffe002bbebc74  fp: 0xfffffec10e048810
		  lr: 0xfffffe002bbeb5fc  fp: 0xfffffec10e0489e0
		  lr: 0xfffffe002c51d9f0  fp: 0xfffffec10e048a00
		  lr: 0xfffffe002c52d8d0  fp: 0xfffffec10e048b80
		  lr: 0xfffffe002bd79734  fp: 0xfffffec10e048c30
		  lr: 0xfffffe002bd779c0  fp: 0xfffffec10e048cf0
		  lr: 0xfffffe002bb9b1f4  fp: 0xfffffec10e048d00
		  lr: 0xfffffe002bd815f4  fp: 0xfffffec10e0491b0
		  lr: 0xfffffe002bbec218  fp: 0xfffffec10e049250
		  lr: 0xfffffe002bd798f0  fp: 0xfffffec10e0492c0
		  lr: 0xfffffe002bd77714  fp: 0xfffffec10e049380
		  lr: 0xfffffe002bb9b1f4  fp: 0xfffffec10e049390
		  lr: 0xfffffe002bbec53c  fp: 0xfffffec10e0498b0
		  lr: 0xfffffe002c51d9f0  fp: 0xfffffec10e0498d0
		  lr: 0xfffffe002c52d8d0  fp: 0xfffffec10e049a50
		  lr: 0xfffffe002bd79734  fp: 0xfffffec10e049b00
		  lr: 0xfffffe002bd779c0  fp: 0xfffffec10e049bc0
		  lr: 0xfffffe002bb9b1f4  fp: 0xfffffec10e049bd0
		  lr: 0xfffffe002bd815f4  fp: 0xfffffec10e04a080
		  lr: 0xfffffe002bbec218  fp: 0xfffffec10e04a120
		  lr: 0xfffffe002bd798f0  fp: 0xfffffec10e04a190
		  lr: 0xfffffe002bd77714  fp: 0xfffffec10e04a250
		  lr: 0xfffffe002bb9b1f4  fp: 0xfffffec10e04a260
		  lr: 0xfffffe002bbec53c  fp: 0xfffffec10e04a780
		  lr: 0xfffffe002c51d9f0  fp: 0xfffffec10e04a7a0
		  lr: 0xfffffe002c52d8d0  fp: 0xfffffec10e04a920
		  lr: 0xfffffe002bd79734  fp: 0xfffffec10e04a9d0
		  lr: 0xfffffe002bd779c0  fp: 0xfffffec10e04aa90
		  lr: 0xfffffe002bb9b1f4  fp: 0xfffffec10e04aaa0
		  lr: 0xfffffe002bd815f4  fp: 0xfffffec10e04af50
		  lr: 0xfffffe002bbec218  fp: 0xfffffec10e04aff0
		  lr: 0xfffffe002bd798f0  fp: 0xfffffec10e04b060
		  lr: 0xfffffe002bd77714  fp: 0xfffffec10e04b120
		  lr: 0xfffffe002bb9b1f4  fp: 0xfffffec10e04b130
		  lr: 0xfffffe002bbec53c  fp: 0xfffffec10e04b650
		  lr: 0xfffffe002c51d9f0  fp: 0xfffffec10e04b670
		  lr: 0xfffffe002c52d8d0  fp: 0xfffffec10e04b7f0
		  lr: 0xfffffe002bd79734  fp: 0xfffffec10e04b8a0
		  lr: 0xfffffe002bd77898  fp: 0xfffffec10e04b960
		  lr: 0xfffffe002bb9b1f4  fp: 0xfffffec10e04b970
		  lr: 0xfffffe002bc291ac  fp: 0xfffffec10e04bd50
		  lr: 0xfffffe002bc28120  fp: 0xfffffec10e04bdc0
		  lr: 0xfffffe002bc51630  fp: 0xfffffec10e04be90
		  lr: 0xfffffe002bc55c38  fp: 0xfffffec10e04bee0
		  lr: 0xfffffe002bc55b24  fp: 0xfffffec10e04bf20
		  lr: 0xfffffe002bd853ec  fp: 0x0000000000000000
         can't perform kext scan: no kext summaryNested panic string:
Kernel data abort. at pc 0xfffffe002bd815f4, lr 0xfffffe002bbec218 (saved state: 0xfffffec10e048d10)
	  x0:  0xfffffe002706c32a x1:  0x000000000000000a  x2:  0x0000000000000000  x3:  0x0000000000000000
	  x4:  0x0000000000000010 x5:  0x0000000000000001  x6:  0x0000000000000001  x7:  0xfffffe002c52d8d0
	  x8:  0x0000000000000000 x9:  0xa9a59c65af780016  x10: 0xfffffe0027e346f0  x11: 0x0000000000000000
	  x12: 0x000000000000003c x13: 0x0000000000000000  x14: 0x0000000000000002  x15: 0xfffffe002704e5f8
	  x16: 0xfffffe002c4d8ec8 x17: 0x0000000000000a98  x18: 0x00000000000001c0  x19: 0xfffffe002ca64228
	  x20: 0x0000000000000000 x21: 0xfffffe002ca68000  x22: 0x0000000000000000  x23: 0xfffffe002c9db000
	  x24: 0xfffffe002706c32a x25: 0xfffffe1aa0074900  x26: 0xfffffe002ca64000  x27: 0x0000000000000003
	  x28: 0xfffffe002c99c0d8 fp:  0xfffffec10e0491b0  lr:  0xfffffe002bbec218  sp:  0xfffffec10e049060
	  pc:  0xfffffe002bd815f4 cpsr: 0x604033c8         esr: 0x0000000096000045  far: 0x00000000000000b1

<end nested panic string>
panic(cpu 0 caller 0xfffffe002c52d8d0): Nested panic count exceeds limit 5, machine will reset or spin
MACH Reboot
