[1/1209] Generating qemu-version.h with a custom command (wrapped by meson to capture output)
fatal: No names found, cannot describe anything.

[2/1209] Compiling C object libqemuutil.a.p/util_qemu-timer-common.c.obj
[3/1209] Compiling C object libqemuutil.a.p/util_event_notifier-win32.c.obj
[4/1209] Compiling C object libqemuutil.a.p/util_cacheflush.c.obj
[5/1209] Compiling C object libqemuutil.a.p/qapi_qmp-registry.c.obj
[6/1209] Compiling C object libqemuutil.a.p/util_osdep.c.obj
[7/1209] Compiling C object libqemuutil.a.p/qapi_string-output-visitor.c.obj
[8/1209] Compiling C object libqemuutil.a.p/util_bitops.c.obj
[9/1209] Compiling C object libqemuutil.a.p/util_thread-context.c.obj
[10/1209] Compiling C object libqemuutil.a.p/qapi_qmp-dispatch.c.obj
[11/1209] Compiling C object libqemuutil.a.p/util_aio-win32.c.obj
[12/1209] Compiling C object libqemuutil.a.p/util_oslib-win32.c.obj
[13/1209] Compiling C object libqemuutil.a.p/meson-generated_.._qapi_qapi-init-commands.c.obj
[14/1209] Compiling C object libqemuutil.a.p/util_qemu-thread-win32.c.obj
[15/1209] Compiling C object libqemuutil.a.p/util_bitmap.c.obj
[16/1209] Compiling C object libqemuutil.a.p/util_error-report.c.obj
[17/1209] Compiling C object libqemuutil.a.p/util_qemu-print.c.obj
[18/1209] Compiling C object libqemuutil.a.p/util_rcu.c.obj
[19/1209] Compiling C object libqemuutil.a.p/util_range.c.obj
[20/1209] Compiling C object libqemuutil.a.p/util_reserved-region.c.obj
[21/1209] Compiling C object libqemuutil.a.p/util_log.c.obj
[22/1209] Compiling C object libqemuutil.a.p/util_qdist.c.obj
[23/1209] Compiling C object libqemuutil.a.p/util_aio-wait.c.obj
[24/1209] Compiling C object libqemuutil.a.p/util_qsp.c.obj
[25/1209] Compiling C object libqemuutil.a.p/util_qht.c.obj
[26/1209] Compiling C object libqemuutil.a.p/util_qemu-coroutine.c.obj
[27/1209] Compiling C object libqemuutil.a.p/util_async.c.obj
[28/1209] Compiling C object libqemuutil.a.p/util_dbus.c.obj
[29/1209] Compiling C object libqemuutil.a.p/util_main-loop.c.obj
[30/1209] Compiling C object libqemuutil.a.p/util_coroutine-windows.c.obj
[31/1209] Compiling C object libqemuutil.a.p/util_qemu-coroutine-io.c.obj
[32/1209] Compiling C object libqemuutil.a.p/util_qemu-coroutine-lock.c.obj
[33/1209] Compiling C object libqemuutil.a.p/util_thread-pool.c.obj
[34/1209] Compiling C object libqemuutil.a.p/util_nvdimm-utils.c.obj
[35/1209] Compiling C object libqemuutil.a.p/util_iova-tree.c.obj
[36/1209] Compiling C object libqemuutil.a.p/util_qemu-coroutine-sleep.c.obj
[37/1209] Compiling C object libqemuutil.a.p/util_qemu-sockets.c.obj
[38/1209] Compiling C object libqemuutil.a.p/util_hbitmap.c.obj
[39/1209] Compiling C object libqemuutil.a.p/util_qemu-co-timeout.c.obj
[40/1209] Compiling C object libqemuutil.a.p/util_qemu-co-shared-resource.c.obj
[41/1209] Compiling C object libqemuutil.a.p/util_qemu-timer.c.obj
[42/1209] Compiling C object libqemuutil.a.p/util_throttle.c.obj
[43/1209] Compiling C object libqemuutil.a.p/util_timed-average.c.obj
[44/1209] Compiling C object libqemuutil.a.p/stubs_cpu-get-clock.c.obj
[45/1209] Compiling C object libqemuutil.a.p/stubs_iothread-lock.c.obj
[46/1209] Compiling C object libqemuutil.a.p/trace_control.c.obj
[47/1209] Compiling C object libqemuutil.a.p/stubs_fdset.c.obj
[48/1209] Compiling C object libqemuutil.a.p/stubs_monitor-core.c.obj
[49/1209] Compiling C object libqemuutil.a.p/stubs_blk-commit-all.c.obj
[50/1209] Compiling C object libqemuutil.a.p/crypto_aes.c.obj
[51/1209] Compiling C object libqemuutil.a.p/stubs_get-vm-name.c.obj
[52/1209] Compiling C object libqemuutil.a.p/stubs_bdrv-next-monitor-owned.c.obj
[53/1209] Compiling C object libqemuutil.a.p/stubs_blockdev-close-all-bdrv-states.c.obj
[54/1209] Compiling C object libqemuutil.a.p/stubs_iothread-lock-block.c.obj
[55/1209] Compiling C object libqemuutil.a.p/stubs_replay-mode.c.obj
[56/1209] Compiling C object libqemuutil.a.p/stubs_physmem.c.obj
[57/1209] Compiling C object libqemuutil.a.p/stubs_ram-block.c.obj
[58/1209] Compiling C object libqemuutil.a.p/stubs_qemu-timer-notify-cb.c.obj
[59/1209] Compiling C object libqemuutil.a.p/stubs_cpus-virtual-clock.c.obj
[60/1209] Compiling C object libqemuutil.a.p/stubs_replay-tools.c.obj
[61/1209] Compiling C object libqemuutil.a.p/stubs_monitor-internal.c.obj
[62/1209] Compiling C object libqemuutil.a.p/stubs_qmp-command-available.c.obj
[63/1209] Compiling C object libqemuutil.a.p/stubs_qmp-quit.c.obj
[64/1209] Compiling C object libqemuutil.a.p/stubs_cpus-queue.c.obj
[65/1209] Compiling C object libqemuutil.a.p/stubs_qtest.c.obj
[66/1209] Compiling C object libqemuutil.a.p/stubs_async-run-on-cpu.c.obj
[67/1209] Compiling C object libqemuutil.a.p/stubs_hmp-cmd-info_mem.c.obj
[68/1209] Compiling C object libqemuutil.a.p/stubs_fw_cfg.c.obj
[69/1209] Compiling C object libqemuutil.a.p/stubs_hmp-cmd-info_sev.c.obj
[70/1209] Compiling C object libqemuutil.a.p/stubs_xen-hw-stub.c.obj
[71/1209] Compiling C object libqemuutil.a.p/stubs_hmp-cmd-info_tlb.c.obj
[72/1209] Compiling C object libqemuutil.a.p/stubs_hmp-cmds-target-i386.c.obj
[73/1209] Compiling C object libqemuutil.a.p/stubs_hmp-cmds-hw-s390x.c.obj
[74/1209] Compiling C object libqemuutil.a.p/stubs_hotplug-stubs.c.obj
[75/1209] Compiling C object libqemuutil.a.p/stubs_sysbus.c.obj
[76/1209] Compiling C object libqemuutil.a.p/net_vhost-vdpa-stub.c.obj
[77/1209] Compiling C object libqemuutil.a.p/migration_vfio-stub.c.obj
[78/1209] Compiling C object libqemuutil.a.p/net_vhost-user-stub.c.obj
[79/1209] Compiling C object libqemuutil.a.p/accel_stubs_mshv-stub.c.obj
[80/1209] Compiling C object libqemuutil.a.p/accel_stubs_kvm-stub.c.obj
[81/1209] Compiling C object libqemuutil.a.p/hw_arm_smmuv3-accel-stubs.c.obj
[82/1209] Compiling C object libqemuutil.a.p/hw_arm_tegra241-cmdqv-stubs.c.obj
[83/1209] Compiling C object libqemuutil.a.p/hw_i386_sgx-hmp-stub.c.obj
[84/1209] Compiling C object libqemuutil.a.p/hw_i386_kvm_xen-stubs.c.obj
[85/1209] Compiling C object libqemuutil.a.p/hw_s390x_s390-pci-vfio-stubs.c.obj
[86/1209] Compiling C object libqemuutil.a.p/hw_acpi_acpi-mem-hotplug-stub.c.obj
[87/1209] Compiling C object libqemuutil.a.p/hw_acpi_acpi-cpu-hotplug-stub.c.obj
[88/1209] Compiling C object libqemuutil.a.p/hw_acpi_acpi-nvdimm-stub.c.obj
[89/1209] Compiling C object libqemuutil.a.p/hw_acpi_wdat-ich9-stub.c.obj
[90/1209] Compiling C object libqemuutil.a.p/hw_acpi_cxl-stub.c.obj
[91/1209] Compiling C object libqemuutil.a.p/hw_acpi_acpi-pci-hotplug-stub.c.obj
[92/1209] Compiling C object libqemuutil.a.p/hw_acpi_ipmi-stub.c.obj
[93/1209] Compiling C object libqemuutil.a.p/hw_acpi_acpi-stub.c.obj
[94/1209] Compiling C object libqemuutil.a.p/hw_acpi_pci-bridge-stub.c.obj
[95/1209] Compiling C object libqemuutil.a.p/hw_acpi_aml-build-stub.c.obj
[96/1209] Compiling C object libqemuutil.a.p/hw_acpi_wdat-gwdt-stub.c.obj
[97/1209] Compiling C object libqemuutil.a.p/hw_cxl_cxl-host-stubs.c.obj
[98/1209] Compiling C object libqemuutil.a.p/hw_display_acpi-vga-stub.c.obj
[99/1209] Compiling C object libqemuutil.a.p/hw_intc_arm_gicv3_hvf_stub.c.obj
[100/1209] Compiling C object libqemuutil.a.p/hw_mem_memory-device-stubs.c.obj
[101/1209] Compiling C object libqemuutil.a.p/hw_misc_mos6522-stub.c.obj
[102/1209] Compiling C object libqemuutil.a.p/hw_smbios_smbios-stub.c.obj
[103/1209] Compiling C object libqemuutil.a.p/hw_net_vhost_net-stub.c.obj
[104/1209] Compiling C object libqemuutil.a.p/hw_smbios_smbios_legacy_stub.c.obj
[105/1209] Compiling C object libqemuutil.a.p/hw_pci_pci-stub.c.obj
[106/1209] Compiling C object libqemuutil.a.p/hw_vfio_kvm-stubs.c.obj
[107/1209] Compiling C object libqemuutil.a.p/hw_vfio_iommufd-stubs.c.obj
[108/1209] Compiling C object libqemuutil.a.p/hw_usb_bus-stub.c.obj
[109/1209] Compiling C object libqemuutil.a.p/hw_vfio_igd-stubs.c.obj
[110/1209] Compiling C object libqemuutil.a.p/hw_virtio_vhost-stub.c.obj
[111/1209] Compiling C object libqemuutil.a.p/hw_virtio_vhost-user-stub.c.obj
[112/1209] Compiling C object libqemuutil.a.p/hw_virtio_virtio-md-stubs.c.obj
[113/1209] Compiling C object libstubs_arm.a.p/target_arm_cpu32-stubs.c.obj
[114/1209] Compiling C object libstubs_arm.a.p/target_arm_gicv5-stubs.c.obj
[115/1209] Compiling C object libstubs_arm.a.p/target_arm_kvm-stub.c.obj
[116/1209] Compiling C object libstubs_arm.a.p/target_arm_whpx_whpx-stub.c.obj
[117/1209] Compiling C object libstubs_arm.a.p/target_arm_tcg-stubs.c.obj
[118/1209] Compiling C object ui/libqemuui.a.p/kbd-state.c.obj
[119/1209] Compiling C object libqom.a.p/qom_compat-properties.c.obj
[120/1209] Compiling C object libevent-loop-base.a.p/event-loop-base.c.obj
[121/1209] Compiling C object libstubs_arm.a.p/target_arm_tcg_stubs32.c.obj
[122/1209] Compiling C object libauthz.a.p/authz_listfile.c.obj
[123/1209] Compiling C object ui/libqemuui.a.p/vt100.c.obj
[124/1209] Linking static target libqemuutil.a
[125/1209] Compiling C object ui/libqemuui.a.p/console.c.obj
[126/1209] Compiling C object libio.a.p/io_channel-buffer.c.obj
[127/1209] Compiling C object libcrypto.a.p/crypto_block-luks.c.obj
[128/1209] Compiling C object libio.a.p/io_channel-command.c.obj
[129/1209] Compiling C object libio.a.p/io_channel-file.c.obj
[130/1209] Compiling C object libio.a.p/io_channel-null.c.obj
[131/1209] Compiling C object libio.a.p/io_channel-util.c.obj
[132/1209] Compiling C object libio.a.p/io_channel-socket.c.obj
[133/1209] Compiling C object libio.a.p/io_channel-tls.c.obj
[134/1209] Compiling C object libio.a.p/io_channel-watch.c.obj
[135/1209] Compiling C object libmigration.a.p/migration_migration-stats.c.obj
[136/1209] Compiling C object libio.a.p/io_net-listener.c.obj
[137/1209] Compiling C object libio.a.p/io_channel.c.obj
[138/1209] Compiling C object libio.a.p/io_channel-websock.c.obj
[139/1209] Compiling C object libmigration.a.p/migration_vmstate-types.c.obj
[140/1209] Compiling C object libmigration.a.p/migration_vmstate.c.obj
[141/1209] Compiling C object libmigration.a.p/migration_yank_functions.c.obj
[142/1209] Compiling C object libmigration.a.p/migration_qemu-file.c.obj
[143/1209] Compiling C object libblock.a.p/blockjob.c.obj
[144/1209] Compiling C object libblock.a.p/scsi_pr-manager-stub.c.obj
[145/1209] Compiling C object libblock.a.p/job.c.obj
[146/1209] Compiling C object libblock.a.p/nbd_client-connection.c.obj
[147/1209] Compiling C object libblock.a.p/nbd_common.c.obj
[148/1209] Compiling C object libblock.a.p/meson-generated_.._block_block-gen.c.obj
[149/1209] Compiling C object libblock.a.p/nbd_client.c.obj
[150/1209] Compiling C object libblock.a.p/block_accounting.c.obj
[151/1209] Compiling C object libblock.a.p/block_aio_task.c.obj
[152/1209] Compiling C object libblock.a.p/qemu-io-cmds.c.obj
[153/1209] Compiling C object libblock.a.p/block_amend.c.obj
[154/1209] Compiling C object libblock.a.p/block_backup.c.obj
[155/1209] Compiling C object libblock.a.p/block_blkdebug.c.obj
[156/1209] Compiling C object libblock.a.p/block_blklogwrites.c.obj
[157/1209] Compiling C object libblock.a.p/block_blkverify.c.obj
[158/1209] Compiling C object libblock.a.p/block_create.c.obj
[159/1209] Compiling C object libblock.a.p/block_copy-on-read.c.obj
[160/1209] Compiling C object libblock.a.p/block_copy-before-write.c.obj
[161/1209] Compiling C object libblock.a.p/block_commit.c.obj
[162/1209] Compiling C object libblock.a.p/block_block-copy.c.obj
[163/1209] Compiling C object libblock.a.p/block_filter-compress.c.obj
[164/1209] Compiling C object libblock.a.p/block_crypto.c.obj
[165/1209] Compiling C object libblock.a.p/block_dirty-bitmap.c.obj
[166/1209] Compiling C object libblock.a.p/block_graph-lock.c.obj
[167/1209] Compiling C object libblock.a.p/block.c.obj
[168/1209] Compiling C object libblock.a.p/block_block-backend.c.obj
[169/1209] Compiling C object libblock.a.p/block_progress_meter.c.obj
[170/1209] Compiling C object libblock.a.p/block_preallocate.c.obj
[171/1209] Compiling C object libblock.a.p/block_null.c.obj
[172/1209] Compiling C object libblock.a.p/block_mirror.c.obj
[173/1209] Compiling C object libblock.a.p/block_qapi.c.obj
[174/1209] Compiling C object libblock.a.p/block_nbd.c.obj
[175/1209] Compiling C object libblock.a.p/block_qcow2-cache.c.obj
[176/1209] Compiling C object libblock.a.p/block_qcow2-bitmap.c.obj
[177/1209] Compiling C object libblock.a.p/block_qcow2-snapshot.c.obj
[178/1209] Compiling C object libblock.a.p/block_io.c.obj
[179/1209] Compiling C object libblock.a.p/block_qcow2-threads.c.obj
[180/1209] Compiling C object libblock.a.p/block_qcow2-cluster.c.obj
[181/1209] Compiling C object libblock.a.p/block_reqlist.c.obj
[182/1209] Compiling C object libblock.a.p/block_snapshot-access.c.obj
[183/1209] Compiling C object libblock.a.p/block_raw-format.c.obj
[184/1209] Compiling C object libblock.a.p/block_quorum.c.obj
[185/1209] Compiling C object libblock.a.p/block_qcow2-refcount.c.obj
[186/1209] Compiling C object libblock.a.p/block_qcow2.c.obj
[187/1209] Compiling C object libblock.a.p/block_snapshot.c.obj
[188/1209] Compiling C object libblock.a.p/block_throttle.c.obj
[189/1209] Compiling C object libblock.a.p/block_write-threshold.c.obj
[190/1209] Compiling C object libblock.a.p/block_throttle-groups.c.obj
[191/1209] Compiling C object libblock.a.p/block_vdi.c.obj
[192/1209] Compiling C object libblock.a.p/block_qcow.c.obj
[193/1209] Compiling C object libblock.a.p/block_vhdx-endian.c.obj
[194/1209] Compiling C object libblock.a.p/block_vhdx-log.c.obj
[195/1209] Compiling C object libblock.a.p/block_bochs.c.obj
[196/1209] Compiling C object libblock.a.p/block_cloop.c.obj
[197/1209] Compiling C object libblock.a.p/block_vpc.c.obj
[198/1209] Compiling C object libblock.a.p/block_vhdx.c.obj
[199/1209] Compiling C object libblock.a.p/block_qed-check.c.obj
[200/1209] Compiling C object libblock.a.p/block_dmg.c.obj
[201/1209] Compiling C object libblock.a.p/block_qed-cluster.c.obj
[202/1209] Compiling C object libblock.a.p/block_qed-l2-cache.c.obj
[203/1209] Compiling C object libblock.a.p/block_vmdk.c.obj
[204/1209] Compiling C object libblock.a.p/block_qed-table.c.obj
[205/1209] Compiling C object libblock.a.p/block_qed.c.obj
[206/1209] Compiling C object libblock.a.p/block_parallels-ext.c.obj
[207/1209] Compiling C object libblock.a.p/block_parallels.c.obj
[208/1209] Compiling C object libblock.a.p/block_win32-aio.c.obj
[209/1209] Compiling C object libblock.a.p/block_file-win32.c.obj
[210/1209] Compiling C object libblock.a.p/block_monitor_bitmap-qmp-cmds.c.obj
[211/1209] Compiling C object libblock.a.p/block_dmg-bz2.c.obj
[212/1209] Compiling C object libblock.a.p/block_replication.c.obj
[213/1209] Compiling C object libblock.a.p/block_vvfat.c.obj
[214/1209] Compiling C object libblock.a.p/block_stream.c.obj
[215/1209] Compiling C object libblockdev.a.p/block_export_export.c.obj
[216/1209] Compiling C object libblockdev.a.p/blockdev-nbd.c.obj
[217/1209] Compiling C object libblockdev.a.p/job-qmp.c.obj
[218/1209] Compiling C object libblockdev.a.p/iothread.c.obj
[219/1209] Compiling C object libqmp.a.p/qom_qom-qmp-cmds.c.obj
[220/1209] Compiling C object libchardev.a.p/chardev_char-file.c.obj
[221/1209] Compiling C object libqmp.a.p/monitor_qmp-cmds-control.c.obj
[222/1209] Compiling C object libchardev.a.p/chardev_char-io.c.obj
[223/1209] Compiling C object libblockdev.a.p/nbd_server.c.obj
[224/1209] Compiling C object libqmp.a.p/monitor_qmp.c.obj
[225/1209] Compiling C object libqmp.a.p/monitor_monitor.c.obj
[226/1209] Compiling C object libchardev.a.p/chardev_char-mux.c.obj
[227/1209] Compiling C object libchardev.a.p/chardev_char-fe.c.obj
[228/1209] Compiling C object libchardev.a.p/chardev_char-hub.c.obj
[229/1209] Compiling C object libblockdev.a.p/blockdev.c.obj
[230/1209] Compiling C object libchardev.a.p/chardev_char-null.c.obj
[231/1209] Compiling C object libchardev.a.p/chardev_char-pipe.c.obj
[232/1209] Compiling C object libchardev.a.p/chardev_char-serial.c.obj
[233/1209] Compiling C object libchardev.a.p/chardev_char-ringbuf.c.obj
[234/1209] Compiling C object libchardev.a.p/chardev_char-stdio.c.obj
[235/1209] Compiling C object libchardev.a.p/chardev_char-udp.c.obj
[236/1209] Compiling C object libchardev.a.p/chardev_char-console.c.obj
[237/1209] Compiling C object libchardev.a.p/chardev_char-win-stdio.c.obj
[238/1209] Compiling C object libchardev.a.p/chardev_char-win.c.obj
[239/1209] Compiling C object libchardev.a.p/chardev_char-socket.c.obj
[240/1209] Compiling C object libhwcore.a.p/hw_core_gpio.c.obj
[241/1209] Compiling C object libhwcore.a.p/hw_core_bus.c.obj
[242/1209] Compiling C object libhwcore.a.p/hw_core_qdev-properties.c.obj
[243/1209] Compiling C object libchardev.a.p/chardev_char.c.obj
[244/1209] Compiling C object libhwcore.a.p/hw_core_qdev.c.obj
[245/1209] Compiling C object libhwcore.a.p/hw_core_irq.c.obj
[246/1209] Compiling C object libhwcore.a.p/hw_core_clock.c.obj
[247/1209] Compiling C object libhwcore.a.p/hw_core_qdev-clock.c.obj
[248/1209] Compiling C object libqemuaudio.a.p/audio_audio.c.obj
[249/1209] Compiling C object libqemuaudio.a.p/audio_noaudio.c.obj
[250/1209] Compiling C object libqemuaudio.a.p/audio_audio-be.c.obj
[251/1209] Compiling C object libqemuaudio.a.p/audio_wavaudio.c.obj
[252/1209] Compiling C object libqemuaudio.a.p/audio_audio_win_int.c.obj
[253/1209] Compiling C object libqemuaudio.a.p/audio_mixeng.c.obj
[254/1209] Compiling C object libsystem.a.p/trace_trace-hmp-cmds.c.obj
[255/1209] Compiling C object libqemuaudio.a.p/audio_dsoundaudio.c.obj
[256/1209] Compiling C object libsystem.a.p/qom_qom-hmp-cmds.c.obj
[257/1209] Compiling C object libqemuaudio.a.p/audio_dbusaudio.c.obj
[258/1209] Compiling C object libsystem.a.p/ui_input-barrier.c.obj
[259/1209] Compiling C object libsystem.a.p/ui_ui-hmp-cmds.c.obj
[260/1209] Compiling C object libqemuaudio.a.p/audio_audio-mixeng-be.c.obj
[261/1209] Compiling C object libsystem.a.p/ui_input.c.obj
[262/1209] Compiling C object libsystem.a.p/ui_ui-qmp-cmds.c.obj
[263/1209] Compiling C object libsystem.a.p/ui_util.c.obj
[264/1209] Compiling C object libsystem.a.p/ui_console-vc.c.obj
[265/1209] Compiling C object libsystem.a.p/ui_vnc-enc-zlib.c.obj
[266/1209] Compiling C object libsystem.a.p/ui_vnc-enc-hextile.c.obj
[267/1209] Compiling C object libsystem.a.p/ui_vnc-jobs.c.obj
[268/1209] Compiling C object libsystem.a.p/ui_vnc-auth-vencrypt.c.obj
[269/1209] Compiling C object libsystem.a.p/ui_vnc-ws.c.obj
[270/1209] Compiling C object libsystem.a.p/ui_vnc-system.c.obj
[271/1209] Compiling C object libsystem.a.p/ui_vnc-clipboard.c.obj
[272/1209] Compiling C object libsystem.a.p/semihosting_config.c.obj
[273/1209] Compiling C object libsystem.a.p/semihosting_console.c.obj
[274/1209] Compiling C object libsystem.a.p/semihosting_uaccess.c.obj
[275/1209] Compiling C object libsystem.a.p/ui_vnc-enc-tight.c.obj
[276/1209] Compiling C object libsystem.a.p/semihosting_syscalls.c.obj
[277/1209] Compiling C object libsystem.a.p/ui_vnc.c.obj
[278/1209] Compiling C object libsystem.a.p/semihosting_arm-compat-semi.c.obj
[279/1209] Compiling C object libsystem.a.p/chardev_char-hmp-cmds.c.obj
[280/1209] Compiling C object libsystem.a.p/chardev_msmouse.c.obj
[281/1209] Compiling C object libsystem.a.p/audio_audio-hmp-cmds.c.obj
[282/1209] Compiling C object libsystem.a.p/chardev_wctablet.c.obj
[283/1209] Compiling C object libsystem.a.p/chardev_testdev.c.obj
[284/1209] Compiling C object libsystem.a.p/dump_dump-hmp-cmds.c.obj
[285/1209] Compiling C object libsystem.a.p/accel_accel-system.c.obj
[286/1209] Compiling C object libsystem.a.p/ui_vnc-enc-zrle.c.obj
[287/1209] Compiling C object libsystem.a.p/audio_wavcapture.c.obj
[288/1209] Compiling C object libsystem.a.p/accel_accel-blocker.c.obj
[289/1209] Compiling C object libsystem.a.p/accel_accel-qmp.c.obj
[290/1209] Compiling C object libsystem.a.p/dump_dump.c.obj
[291/1209] Compiling C object libsystem.a.p/accel_accel-irq.c.obj
[292/1209] Compiling C object libsystem.a.p/accel_tcg_cpu-exec-common.c.obj
[293/1209] Compiling C object libsystem.a.p/accel_tcg_cpu-exec.c.obj
[294/1209] Compiling C object libsystem.a.p/accel_tcg_tcg-runtime.c.obj
[295/1209] Compiling C object libsystem.a.p/accel_tcg_tcg-stats.c.obj
[296/1209] Compiling C object libsystem.a.p/accel_tcg_tcg-all.c.obj
[297/1209] Compiling C object libsystem.a.p/accel_tcg_translator.c.obj
[298/1209] Compiling C object libsystem.a.p/accel_tcg_tb-maint.c.obj
[299/1209] Compiling C object libsystem.a.p/accel_tcg_translate-all.c.obj
[300/1209] Compiling C object libsystem.a.p/accel_tcg_plugin-gen.c.obj
[301/1209] Compiling C object libsystem.a.p/accel_tcg_icount-common.c.obj
[302/1209] Compiling C object libsystem.a.p/accel_tcg_monitor.c.obj
[303/1209] Compiling C object libsystem.a.p/accel_tcg_tcg-accel-ops.c.obj
[304/1209] Compiling C object libsystem.a.p/accel_dummy-cpus.c.obj
[305/1209] Compiling C object libsystem.a.p/accel_tcg_tcg-accel-ops-mttcg.c.obj
[306/1209] Compiling C object libsystem.a.p/accel_tcg_tcg-accel-ops-icount.c.obj
[307/1209] Compiling C object libsystem.a.p/accel_tcg_tcg-accel-ops-rr.c.obj
[308/1209] Compiling C object libsystem.a.p/backends_cryptodev-hmp-cmds.c.obj
[309/1209] Compiling C object libsystem.a.p/accel_tcg_watchpoint.c.obj
[310/1209] Compiling C object libsystem.a.p/backends_hostmem-ram.c.obj
[311/1209] Compiling C object libsystem.a.p/backends_cryptodev-builtin.c.obj
[312/1209] Compiling C object libsystem.a.p/backends_cryptodev.c.obj
[313/1209] Compiling C object libsystem.a.p/backends_hostmem.c.obj
[314/1209] Compiling C object libsystem.a.p/backends_rng-egd.c.obj
[315/1209] Compiling C object libsystem.a.p/backends_rng-builtin.c.obj
[316/1209] Compiling C object libsystem.a.p/backends_cryptodev-vhost.c.obj
[317/1209] Compiling C object libsystem.a.p/accel_tcg_tcg-runtime-gvec.c.obj
[318/1209] Compiling C object libsystem.a.p/backends_spdm-socket.c.obj
[319/1209] Compiling C object libsystem.a.p/disas_disas-mon.c.obj
[320/1209] Compiling C object libsystem.a.p/migration_block-active.c.obj
[321/1209] Compiling C object libsystem.a.p/accel_tcg_cputlb.c.obj
[322/1209] Compiling C object libsystem.a.p/migration_channel-block.c.obj
[323/1209] Compiling C object libsystem.a.p/backends_dbus-vmstate.c.obj
[324/1209] Compiling C object libsystem.a.p/migration_channel.c.obj
[325/1209] Compiling C object libsystem.a.p/migration_block-dirty-bitmap.c.obj
[326/1209] Compiling C object libsystem.a.p/migration_cpr.c.obj
[327/1209] Compiling C object libsystem.a.p/migration_cpr-transfer.c.obj
[328/1209] Compiling C object libsystem.a.p/migration_cpr-exec.c.obj
[329/1209] Compiling C object libsystem.a.p/migration_cpu-throttle.c.obj
[330/1209] Compiling C object libsystem.a.p/migration_exec.c.obj
[331/1209] Compiling C object libsystem.a.p/migration_fd.c.obj
[332/1209] Compiling C object libsystem.a.p/migration_file.c.obj
[333/1209] Compiling C object libsystem.a.p/migration_global_state.c.obj
[334/1209] Compiling C object libsystem.a.p/migration_dirtyrate.c.obj
[335/1209] Compiling C object libsystem.a.p/migration_multifd-device-state.c.obj
[336/1209] Compiling C object libsystem.a.p/migration_multifd-nocomp.c.obj
[337/1209] Compiling C object libsystem.a.p/migration_multifd-zlib.c.obj
[338/1209] Compiling C object libsystem.a.p/migration_multifd-zero-page.c.obj
[339/1209] Compiling C object libsystem.a.p/migration_multifd.c.obj
[340/1209] Compiling C object libsystem.a.p/migration_options.c.obj
[341/1209] Compiling C object libsystem.a.p/migration_postcopy-ram.c.obj
[342/1209] Compiling C object libsystem.a.p/migration_migration.c.obj
[343/1209] Compiling C object libsystem.a.p/migration_socket.c.obj
[344/1209] Compiling C object libsystem.a.p/migration_tls.c.obj
[345/1209] Compiling C object libsystem.a.p/migration_colo-failover.c.obj
[346/1209] Compiling C object libsystem.a.p/migration_migration-hmp-cmds.c.obj
[347/1209] Compiling C object libsystem.a.p/migration_multifd-colo.c.obj
[348/1209] Compiling C object libsystem.a.p/migration_multifd-zstd.c.obj
[349/1209] Compiling C object libsystem.a.p/monitor_fds.c.obj
[350/1209] Compiling C object libsystem.a.p/migration_colo.c.obj
[351/1209] Compiling C object libsystem.a.p/migration_ram.c.obj
[352/1209] Compiling C object libsystem.a.p/monitor_hmp-cmds.c.obj
[353/1209] Compiling C object libsystem.a.p/monitor_qmp-cmds.c.obj
[354/1209] Compiling C object libsystem.a.p/migration_savevm.c.obj
[355/1209] Compiling C object libsystem.a.p/net_announce.c.obj
[356/1209] Compiling C object libsystem.a.p/monitor_qemu-config-qmp.c.obj
[357/1209] Compiling C object libsystem.a.p/net_dump.c.obj
[358/1209] Compiling C object libsystem.a.p/monitor_hmp.c.obj
[359/1209] Compiling C object libsystem.a.p/net_dgram.c.obj
[360/1209] Compiling C object libsystem.a.p/net_filter-buffer.c.obj
[361/1209] Compiling C object libsystem.a.p/net_filter-mirror.c.obj
[362/1209] Compiling C object libsystem.a.p/net_hub.c.obj
[363/1209] Compiling C object libsystem.a.p/net_filter.c.obj
[364/1209] Compiling C object libsystem.a.p/net_net-hmp-cmds.c.obj
[365/1209] Compiling C object libsystem.a.p/net_queue.c.obj
[366/1209] Compiling C object libsystem.a.p/net_stream_data.c.obj
[367/1209] Compiling C object libsystem.a.p/net_stream.c.obj
[368/1209] Compiling C object libsystem.a.p/net_util.c.obj
[369/1209] Compiling C object libsystem.a.p/net_socket.c.obj
[370/1209] Compiling C object libsystem.a.p/net_colo.c.obj
[371/1209] Compiling C object libsystem.a.p/net_filter-rewriter.c.obj
[372/1209] Compiling C object libsystem.a.p/net_net.c.obj
[373/1209] Compiling C object libsystem.a.p/net_colo-compare.c.obj
[374/1209] Compiling C object libsystem.a.p/net_can_can_core.c.obj
[375/1209] Compiling C object libsystem.a.p/net_filter-replay.c.obj
[376/1209] Compiling C object libsystem.a.p/net_tap-win32.c.obj
[377/1209] Compiling C object libsystem.a.p/net_can_can_host.c.obj
[378/1209] Compiling C object libsystem.a.p/replay_replay.c.obj
[379/1209] Compiling C object libsystem.a.p/replay_replay-internal.c.obj
[380/1209] Compiling C object libsystem.a.p/replay_replay-time.c.obj
[381/1209] Compiling C object libsystem.a.p/replay_replay-input.c.obj
[382/1209] Compiling C object libsystem.a.p/replay_replay-events.c.obj
[383/1209] Compiling C object libsystem.a.p/replay_replay-char.c.obj
[384/1209] Compiling C object libsystem.a.p/replay_replay-net.c.obj
[385/1209] Compiling C object libsystem.a.p/replay_replay-snapshot.c.obj
[386/1209] Compiling C object libsystem.a.p/replay_replay-audio.c.obj
[387/1209] Compiling C object libsystem.a.p/stats_stats-hmp-cmds.c.obj
[388/1209] Compiling C object libsystem.a.p/replay_replay-random.c.obj
[389/1209] Compiling C object libsystem.a.p/tcg_region.c.obj
[390/1209] Compiling C object libsystem.a.p/replay_replay-debugging.c.obj
[391/1209] Compiling C object libsystem.a.p/tcg_tcg-common.c.obj
[392/1209] Compiling C object libsystem.a.p/plugins_system.c.obj
[393/1209] Compiling C object libsystem.a.p/plugins_api-system.c.obj
[394/1209] Compiling C object libsystem.a.p/tcg_tcg-op-vec.c.obj
[395/1209] Compiling C object libsystem.a.p/tcg_optimize.c.obj
[396/1209] Compiling C object libsystem.a.p/plugins_api.c.obj
[397/1209] Compiling C object libsystem.a.p/hw_acpi_bios-linker-loader.c.obj
[398/1209] Compiling C object libsystem.a.p/plugins_core.c.obj
[399/1209] Compiling C object libsystem.a.p/hw_acpi_core.c.obj
[400/1209] Compiling C object libsystem.a.p/tcg_tcg-op-ldst.c.obj
[401/1209] Compiling C object libsystem.a.p/hw_acpi_utils.c.obj
[402/1209] Compiling C object libsystem.a.p/tcg_tcg-op.c.obj
[403/1209] Compiling C object libsystem.a.p/hw_acpi_memory_hotplug.c.obj
[404/1209] Compiling C object libsystem.a.p/hw_acpi_nvdimm.c.obj
[405/1209] Compiling C object libsystem.a.p/hw_acpi_aml-build.c.obj
[406/1209] Compiling C object libsystem.a.p/hw_acpi_pci.c.obj
[407/1209] Compiling C object libsystem.a.p/hw_acpi_hmat.c.obj
[408/1209] Compiling C object libsystem.a.p/tcg_tcg-op-gvec.c.obj
[409/1209] Compiling C object libsystem.a.p/hw_acpi_cxl.c.obj
[410/1209] Compiling C object libsystem.a.p/hw_acpi_generic_event_device.c.obj
[411/1209] Compiling C object libsystem.a.p/hw_acpi_ghes.c.obj
[412/1209] Compiling C object libsystem.a.p/hw_acpi_pci-bridge.c.obj
[413/1209] Compiling C object libsystem.a.p/hw_acpi_viot.c.obj
[414/1209] Compiling C object libsystem.a.p/hw_acpi_pcihp.c.obj
[415/1209] Compiling C object libsystem.a.p/hw_acpi_acpi-qmp-cmds.c.obj
[416/1209] Compiling C object libsystem.a.p/hw_acpi_wdat-gwdt.c.obj
[417/1209] Compiling C object libsystem.a.p/hw_acpi_acpi_interface.c.obj
[418/1209] Compiling C object libsystem.a.p/tcg_tcg.c.obj
[419/1209] Compiling C object libsystem.a.p/hw_adc_npcm7xx_adc.c.obj
[420/1209] Compiling C object libsystem.a.p/hw_adc_stm32f2xx_adc.c.obj
[421/1209] Compiling C object libsystem.a.p/hw_audio_model.c.obj
[422/1209] Compiling C object libsystem.a.p/hw_adc_zynq-xadc.c.obj
[423/1209] Compiling C object libsystem.a.p/hw_adc_aspeed_adc.c.obj
[424/1209] Compiling C object libsystem.a.p/hw_acpi_erst.c.obj
[425/1209] Compiling C object libsystem.a.p/hw_audio_intel-hda.c.obj
[426/1209] Compiling C object libsystem.a.p/hw_audio_es1370.c.obj
[427/1209] Compiling C object libsystem.a.p/hw_audio_ac97.c.obj
[428/1209] Compiling C object libsystem.a.p/hw_audio_hda-codec.c.obj
[429/1209] Compiling C object libsystem.a.p/hw_block_cdrom.c.obj
[430/1209] Compiling C object libsystem.a.p/hw_audio_marvell_88w8618.c.obj
[431/1209] Compiling C object libsystem.a.p/hw_audio_lm4549.c.obj
[432/1209] Compiling C object libsystem.a.p/hw_block_block.c.obj
[433/1209] Compiling C object libsystem.a.p/hw_block_hd-geometry.c.obj
[434/1209] Compiling C object libsystem.a.p/hw_audio_pl041.c.obj
[435/1209] Compiling C object libsystem.a.p/hw_audio_wm8750.c.obj
[436/1209] Compiling C object libsystem.a.p/hw_audio_virtio-snd-pci.c.obj
[437/1209] Compiling C object libsystem.a.p/hw_block_pflash_cfi01.c.obj
[438/1209] Compiling C object libsystem.a.p/hw_audio_virtio-snd.c.obj
[439/1209] Compiling C object libsystem.a.p/hw_block_pflash_cfi02.c.obj
[440/1209] Compiling C object libsystem.a.p/hw_block_virtio-blk-common.c.obj
[441/1209] Compiling C object libsystem.a.p/hw_block_m25p80.c.obj
[442/1209] Compiling C object libsystem.a.p/hw_char_cmsdk-apb-uart.c.obj
[443/1209] Compiling C object libsystem.a.p/hw_char_cadence_uart.c.obj
[444/1209] Compiling C object libsystem.a.p/hw_char_imx_serial.c.obj
[445/1209] Compiling C object libsystem.a.p/hw_char_ipoctal232.c.obj
[446/1209] Compiling C object libsystem.a.p/hw_char_nrf51_uart.c.obj
[447/1209] Compiling C object libsystem.a.p/hw_char_pl011.c.obj
[448/1209] Compiling C object libsystem.a.p/hw_char_serial-mm.c.obj
[449/1209] Compiling C object libsystem.a.p/hw_block_virtio-blk.c.obj
[450/1209] Compiling C object libsystem.a.p/hw_char_serial.c.obj
[451/1209] Compiling C object libsystem.a.p/hw_char_serial-pci.c.obj
[452/1209] Compiling C object libsystem.a.p/hw_char_serial-pci-multi.c.obj
[453/1209] Compiling C object libsystem.a.p/hw_char_virtio-console.c.obj
[454/1209] Compiling C object libsystem.a.p/hw_char_xilinx_uartlite.c.obj
[455/1209] Compiling C object libsystem.a.p/hw_char_digic-uart.c.obj
[456/1209] Compiling C object libsystem.a.p/hw_char_max78000_uart.c.obj
[457/1209] Compiling C object libsystem.a.p/hw_char_omap_uart.c.obj
[458/1209] Compiling C object libsystem.a.p/hw_char_bcm2835_aux.c.obj
[459/1209] Compiling C object libsystem.a.p/hw_char_virtio-serial-bus.c.obj
[460/1209] Compiling C object libsystem.a.p/hw_char_exynos4210_uart.c.obj
[461/1209] Compiling C object libsystem.a.p/hw_char_stm32f2xx_usart.c.obj
[462/1209] Compiling C object libsystem.a.p/hw_core_or-irq.c.obj
[463/1209] Compiling C object libsystem.a.p/hw_core_generic-loader.c.obj
[464/1209] Compiling C object libsystem.a.p/hw_char_stm32l4x5_usart.c.obj
[465/1209] Compiling C object libsystem.a.p/hw_core_guest-loader.c.obj
[466/1209] Compiling C object libsystem.a.p/hw_core_platform-bus.c.obj
[467/1209] Compiling C object libsystem.a.p/hw_core_register.c.obj
[468/1209] Compiling C object libsystem.a.p/hw_core_ptimer.c.obj
[469/1209] Compiling C object libsystem.a.p/hw_core_split-irq.c.obj
[470/1209] Compiling C object libsystem.a.p/hw_core_sysbus-fdt.c.obj
[471/1209] Compiling C object libsystem.a.p/hw_core_cpu-system.c.obj
[472/1209] Compiling C object libsystem.a.p/hw_core_nmi.c.obj
[473/1209] Compiling C object libsystem.a.p/hw_core_qdev-fw.c.obj
[474/1209] Compiling C object libsystem.a.p/hw_core_machine-hmp-cmds.c.obj
[475/1209] Compiling C object libsystem.a.p/hw_core_null-machine.c.obj
[476/1209] Compiling C object libsystem.a.p/hw_core_machine-qmp-cmds.c.obj
[477/1209] Compiling C object libsystem.a.p/hw_core_numa.c.obj
[478/1209] Compiling C object libsystem.a.p/hw_core_qdev-hotplug.c.obj
[479/1209] Compiling C object libsystem.a.p/hw_core_machine.c.obj
[480/1209] Compiling C object libsystem.a.p/hw_core_vm-change-state-handler.c.obj
[481/1209] Compiling C object libsystem.a.p/hw_core_clock-vmstate.c.obj
[482/1209] Compiling C object libsystem.a.p/hw_core_loader.c.obj
[483/1209] Compiling C object libsystem.a.p/hw_core_sysbus.c.obj
[484/1209] Compiling C object libsystem.a.p/hw_cpu_core.c.obj
[485/1209] Compiling C object libsystem.a.p/hw_cpu_cluster.c.obj
[486/1209] Compiling C object libsystem.a.p/hw_cpu_arm11mpcore.c.obj
[487/1209] Compiling C object libsystem.a.p/hw_cpu_realview_mpcore.c.obj
[488/1209] Compiling C object libsystem.a.p/hw_cpu_a9mpcore.c.obj
[489/1209] Compiling C object libsystem.a.p/hw_cpu_a15mpcore.c.obj
[490/1209] Compiling C object libsystem.a.p/hw_core_qdev-properties-system.c.obj
[491/1209] Compiling C object libsystem.a.p/hw_cxl_cxl-component-utils.c.obj
[492/1209] Compiling C object libsystem.a.p/hw_cxl_cxl-device-utils.c.obj
[493/1209] Compiling C object libsystem.a.p/hw_display_i2c-ddc.c.obj
[494/1209] Compiling C object libsystem.a.p/hw_cxl_cxl-cdat.c.obj
[495/1209] Compiling C object libsystem.a.p/hw_cxl_cxl-events.c.obj
[496/1209] Compiling C object libsystem.a.p/hw_cxl_switch-mailbox-cci.c.obj
[497/1209] Compiling C object libsystem.a.p/hw_display_edid-region.c.obj
[498/1209] Compiling C object libsystem.a.p/hw_cxl_cxl-host.c.obj
[499/1209] Compiling C object libsystem.a.p/hw_display_ramfb-standalone.c.obj
[500/1209] Compiling C object libsystem.a.p/hw_display_ramfb.c.obj
[501/1209] Compiling C object libsystem.a.p/hw_display_imx6ul_lcdif.c.obj
[502/1209] Compiling C object libsystem.a.p/hw_display_sii9022.c.obj
[503/1209] Compiling C object libsystem.a.p/hw_display_pl110.c.obj
[504/1209] Compiling C object libsystem.a.p/hw_display_ssd0303.c.obj
[505/1209] Compiling C object libsystem.a.p/hw_cxl_cxl-mailbox-utils.c.obj
[506/1209] Compiling C object libsystem.a.p/hw_display_ssd0323.c.obj
[507/1209] Compiling C object libsystem.a.p/hw_display_framebuffer.c.obj
[508/1209] Compiling C object libsystem.a.p/hw_display_bochs-display.c.obj
[509/1209] Compiling C object libsystem.a.p/hw_display_vga-pci.c.obj
[510/1209] Compiling C object libsystem.a.p/hw_display_bcm2835_fb.c.obj
[511/1209] Compiling C object libsystem.a.p/hw_display_virtio-dmabuf.c.obj
[512/1209] Compiling C object libsystem.a.p/hw_display_dm163.c.obj
[513/1209] Compiling C object libsystem.a.p/hw_display_exynos4210_fimd.c.obj
[514/1209] Compiling C object libsystem.a.p/hw_display_acpi-vga.c.obj
[515/1209] Compiling C object libsystem.a.p/hw_display_dpcd.c.obj
[516/1209] Compiling C object libsystem.a.p/hw_display_vga.c.obj
[517/1209] Compiling C object libsystem.a.p/hw_display_ati_dbg.c.obj
[518/1209] Compiling C object libsystem.a.p/hw_display_ati_2d.c.obj
[519/1209] Compiling C object libsystem.a.p/hw_display_ati.c.obj
[520/1209] Compiling C object libsystem.a.p/hw_display_xlnx_dp.c.obj
[521/1209] Compiling C object libsystem.a.p/hw_dma_pl080.c.obj
[522/1209] Compiling C object libsystem.a.p/hw_display_omap_lcdc.c.obj
[523/1209] Compiling C object libsystem.a.p/hw_dma_xilinx_axidma.c.obj
[524/1209] Compiling C object libsystem.a.p/hw_dma_xlnx-zynq-devcfg.c.obj
[525/1209] Compiling C object libsystem.a.p/hw_dma_xlnx_dpdma.c.obj
[526/1209] Compiling C object libsystem.a.p/hw_dma_pl330.c.obj
[527/1209] Compiling C object libsystem.a.p/hw_dma_xlnx-zdma.c.obj
[528/1209] Compiling C object libsystem.a.p/hw_dma_omap_dma.c.obj
[529/1209] Compiling C object libsystem.a.p/hw_dma_soc_dma.c.obj
[530/1209] Compiling C object libsystem.a.p/hw_dma_bcm2835_dma.c.obj
[531/1209] Compiling C object libsystem.a.p/hw_gpio_gpio_key.c.obj
[532/1209] Compiling C object libsystem.a.p/hw_gpio_gpio_pwr.c.obj
[533/1209] Compiling C object libsystem.a.p/hw_dma_xlnx_csu_dma.c.obj
[534/1209] Compiling C object libsystem.a.p/hw_gpio_pca9554.c.obj
[535/1209] Compiling C object libsystem.a.p/hw_gpio_pca9552.c.obj
[536/1209] Compiling C object libsystem.a.p/hw_gpio_pl061.c.obj
[537/1209] Compiling C object libsystem.a.p/hw_gpio_zaurus.c.obj
[538/1209] Compiling C object libsystem.a.p/hw_gpio_imx_gpio.c.obj
[539/1209] Compiling C object libsystem.a.p/hw_gpio_npcm7xx_gpio.c.obj
[540/1209] Compiling C object libsystem.a.p/hw_gpio_nrf51_gpio.c.obj
[541/1209] Compiling C object libsystem.a.p/hw_gpio_bcm2835_gpio.c.obj
[542/1209] Compiling C object libsystem.a.p/hw_gpio_omap_gpio.c.obj
[543/1209] Compiling C object libsystem.a.p/hw_gpio_bcm2838_gpio.c.obj
[544/1209] Compiling C object libsystem.a.p/hw_gpio_aspeed_sgpio.c.obj
[545/1209] Compiling C object libsystem.a.p/hw_gpio_stm32l4x5_gpio.c.obj
[546/1209] Compiling C object libsystem.a.p/hw_i2c_smbus_slave.c.obj
[547/1209] Compiling C object libsystem.a.p/hw_i2c_smbus_master.c.obj
[548/1209] Compiling C object libsystem.a.p/hw_gpio_aspeed_gpio.c.obj
[549/1209] Compiling C object libsystem.a.p/hw_i2c_core.c.obj
[550/1209] Compiling C object libsystem.a.p/hw_i2c_bitbang_i2c.c.obj
[551/1209] Compiling C object libsystem.a.p/hw_i2c_exynos4210_i2c.c.obj
[552/1209] Compiling C object libsystem.a.p/hw_i2c_imx_i2c.c.obj
[553/1209] Compiling C object libsystem.a.p/hw_i2c_microbit_i2c.c.obj
[554/1209] Compiling C object libsystem.a.p/hw_i2c_allwinner-i2c.c.obj
[555/1209] Compiling C object libsystem.a.p/hw_i2c_aspeed_i2c.c.obj
[556/1209] Compiling C object libsystem.a.p/hw_i2c_arm_sbcon_i2c.c.obj
[557/1209] Compiling C object libsystem.a.p/hw_i2c_npcm7xx_smbus.c.obj
[558/1209] Compiling C object libsystem.a.p/hw_i2c_smbus_eeprom.c.obj
[559/1209] Compiling C object libsystem.a.p/hw_i2c_omap_i2c.c.obj
[560/1209] Compiling C object libsystem.a.p/hw_i2c_i2c_mux_pca954x.c.obj
[561/1209] Compiling C object libsystem.a.p/hw_i2c_bcm2835_i2c.c.obj
[562/1209] Compiling C object libsystem.a.p/hw_i3c_aspeed_i3c.c.obj
[563/1209] Compiling C object libsystem.a.p/hw_i3c_core.c.obj
[564/1209] Compiling C object libsystem.a.p/hw_i2c_pmbus_device.c.obj
[565/1209] Compiling C object libsystem.a.p/hw_i3c_mock-i3c-target.c.obj
[566/1209] Compiling C object libsystem.a.p/hw_ide_ahci-sysbus.c.obj
[567/1209] Compiling C object libsystem.a.p/hw_ide_ahci-allwinner.c.obj
[568/1209] Compiling C object libsystem.a.p/hw_ide_ich.c.obj
[569/1209] Compiling C object libsystem.a.p/hw_ide_ide-bus.c.obj
[570/1209] Compiling C object libsystem.a.p/hw_ide_cf.c.obj
[571/1209] Compiling C object libsystem.a.p/hw_i3c_dw-i3c.c.obj
[572/1209] Compiling C object libsystem.a.p/hw_ide_ahci.c.obj
[573/1209] Compiling C object libsystem.a.p/hw_ide_atapi.c.obj
[574/1209] Compiling C object libsystem.a.p/hw_ide_ide-dev.c.obj
[575/1209] Compiling C object libsystem.a.p/hw_input_pl050.c.obj
[576/1209] Compiling C object libsystem.a.p/hw_input_hid.c.obj
[577/1209] Compiling C object libsystem.a.p/hw_ide_core.c.obj
[578/1209] Compiling C object libsystem.a.p/hw_input_stellaris_gamepad.c.obj
[579/1209] Compiling C object libsystem.a.p/hw_input_virtio-input.c.obj
[580/1209] Compiling C object libsystem.a.p/hw_input_ps2.c.obj
[581/1209] Compiling C object libsystem.a.p/hw_display_cirrus_vga.c.obj
[582/1209] Compiling C object libsystem.a.p/hw_input_virtio-input-hid.c.obj
[583/1209] Compiling C object libsystem.a.p/hw_intc_arm_gic_common.c.obj
[584/1209] Compiling C object libsystem.a.p/hw_intc_arm_gicv2m.c.obj
[585/1209] Compiling C object libsystem.a.p/hw_intc_arm_gicv3_common.c.obj
[586/1209] Compiling C object libsystem.a.p/hw_intc_arm_gicv3_its_common.c.obj
[587/1209] Compiling C object libsystem.a.p/hw_intc_arm_gicv3.c.obj
[588/1209] Compiling C object libsystem.a.p/hw_intc_arm_gic.c.obj
[589/1209] Compiling C object libsystem.a.p/hw_intc_arm_gicv3_dist.c.obj
[590/1209] Compiling C object libsystem.a.p/hw_intc_arm_gicv5_common.c.obj
[591/1209] Compiling C object libsystem.a.p/hw_intc_allwinner-a10-pic.c.obj
[592/1209] Compiling C object libsystem.a.p/hw_intc_aspeed_vic.c.obj
[593/1209] Compiling C object libsystem.a.p/hw_intc_exynos4210_gic.c.obj
[594/1209] Compiling C object libsystem.a.p/hw_intc_arm_gicv3_its.c.obj
[595/1209] Compiling C object libsystem.a.p/hw_intc_exynos4210_combiner.c.obj
[596/1209] Compiling C object libsystem.a.p/hw_intc_imx_avic.c.obj
[597/1209] Compiling C object libsystem.a.p/hw_intc_arm_gicv3_redist.c.obj
[598/1209] Compiling C object libsystem.a.p/hw_intc_aspeed_intc.c.obj
[599/1209] Compiling C object libsystem.a.p/hw_intc_imx_gpcv2.c.obj
[600/1209] Compiling C object libsystem.a.p/hw_intc_arm_gicv5.c.obj
[601/1209] Compiling C object libsystem.a.p/hw_intc_pl190.c.obj
[602/1209] Compiling C object libsystem.a.p/hw_intc_omap_intc.c.obj
[603/1209] Compiling C object libsystem.a.p/hw_intc_bcm2835_ic.c.obj
[604/1209] Compiling C object libsystem.a.p/hw_intc_realview_gic.c.obj
[605/1209] Compiling C object libsystem.a.p/hw_intc_bcm2836_control.c.obj
[606/1209] Compiling C object libsystem.a.p/hw_intc_xilinx_intc.c.obj
[607/1209] Compiling C object libsystem.a.p/hw_ipack_ipack.c.obj
[608/1209] Compiling C object libsystem.a.p/hw_intc_xlnx-zynqmp-ipi.c.obj
[609/1209] Compiling C object libsystem.a.p/hw_mem_npcm7xx_mc.c.obj
[610/1209] Compiling C object libsystem.a.p/hw_mem_pc-dimm.c.obj
[611/1209] Compiling C object libsystem.a.p/hw_ipack_tpci200.c.obj
[612/1209] Compiling C object libsystem.a.p/hw_mem_memory-device.c.obj
[613/1209] Compiling C object libsystem.a.p/hw_mem_nvdimm.c.obj
[614/1209] Compiling C object libsystem.a.p/hw_misc_edu.c.obj
[615/1209] Compiling C object libsystem.a.p/hw_misc_vmcoreinfo.c.obj
[616/1209] Compiling C object libsystem.a.p/hw_misc_pci-testdev.c.obj
[617/1209] Compiling C object libsystem.a.p/hw_misc_unimp.c.obj
[618/1209] Compiling C object libsystem.a.p/hw_misc_arm_l2x0.c.obj
[619/1209] Compiling C object libsystem.a.p/hw_misc_led.c.obj
[620/1209] Compiling C object libsystem.a.p/hw_mem_cxl_type3.c.obj
[621/1209] Compiling C object libsystem.a.p/hw_misc_iommu-testdev.c.obj
[622/1209] Compiling C object libsystem.a.p/hw_misc_pvpanic.c.obj
[623/1209] Compiling C object libsystem.a.p/hw_misc_arm_integrator_debug.c.obj
[624/1209] Compiling C object libsystem.a.p/hw_misc_arm11scu.c.obj
[625/1209] Compiling C object libsystem.a.p/hw_misc_armv7m_ras.c.obj
[626/1209] Compiling C object libsystem.a.p/hw_misc_a9scu.c.obj
[627/1209] Compiling C object libsystem.a.p/hw_misc_allwinner-sramc.c.obj
[628/1209] Compiling C object libsystem.a.p/hw_misc_allwinner-a10-ccm.c.obj
[629/1209] Compiling C object libsystem.a.p/hw_misc_allwinner-a10-dramc.c.obj
[630/1209] Compiling C object libsystem.a.p/hw_misc_allwinner-h3-ccu.c.obj
[631/1209] Compiling C object libsystem.a.p/hw_misc_allwinner-h3-sysctrl.c.obj
[632/1209] Compiling C object libsystem.a.p/hw_misc_allwinner-cpucfg.c.obj
[633/1209] Compiling C object libsystem.a.p/hw_misc_allwinner-sid.c.obj
[634/1209] Compiling C object libsystem.a.p/hw_misc_allwinner-r40-ccu.c.obj
[635/1209] Compiling C object libsystem.a.p/hw_misc_allwinner-h3-dramc.c.obj
[636/1209] Compiling C object libsystem.a.p/hw_misc_allwinner-r40-dramc.c.obj
[637/1209] Compiling C object libsystem.a.p/hw_misc_axp2xx.c.obj
[638/1209] Compiling C object libsystem.a.p/hw_misc_exynos4210_pmu.c.obj
[639/1209] Compiling C object libsystem.a.p/hw_misc_arm_sysctl.c.obj
[640/1209] Compiling C object libsystem.a.p/hw_misc_exynos4210_clk.c.obj
[641/1209] Compiling C object libsystem.a.p/hw_misc_exynos4210_rng.c.obj
[642/1209] Compiling C object libsystem.a.p/hw_misc_imx8mp_analog.c.obj
[643/1209] Compiling C object libsystem.a.p/hw_misc_imx8mp_ccm.c.obj
[644/1209] Compiling C object libsystem.a.p/hw_misc_imx25_ccm.c.obj
[645/1209] Compiling C object libsystem.a.p/hw_misc_imx31_ccm.c.obj
[646/1209] Compiling C object libsystem.a.p/hw_misc_imx7_gpr.c.obj
[647/1209] Compiling C object libsystem.a.p/hw_misc_imx7_ccm.c.obj
[648/1209] Compiling C object libsystem.a.p/hw_misc_imx6_ccm.c.obj
[649/1209] Compiling C object libsystem.a.p/hw_misc_imx6_src.c.obj
[650/1209] Compiling C object libsystem.a.p/hw_misc_imx7_src.c.obj
[651/1209] Compiling C object libsystem.a.p/hw_misc_imx6ul_ccm.c.obj
[652/1209] Compiling C object libsystem.a.p/hw_misc_imx_ccm.c.obj
[653/1209] Compiling C object libsystem.a.p/hw_misc_imx7_snvs.c.obj
[654/1209] Compiling C object libsystem.a.p/hw_misc_max78000_aes.c.obj
[655/1209] Compiling C object libsystem.a.p/hw_misc_imx_rngc.c.obj
[656/1209] Compiling C object libsystem.a.p/hw_misc_max78000_gcr.c.obj
[657/1209] Compiling C object libsystem.a.p/hw_misc_max78000_icc.c.obj
[658/1209] Compiling C object libsystem.a.p/hw_misc_max78000_trng.c.obj
[659/1209] Compiling C object libsystem.a.p/hw_misc_npcm_gcr.c.obj
[660/1209] Compiling C object libsystem.a.p/hw_misc_npcm7xx_rng.c.obj
[661/1209] Compiling C object libsystem.a.p/hw_misc_npcm7xx_mft.c.obj
[662/1209] Compiling C object libsystem.a.p/hw_misc_npcm7xx_pwm.c.obj
[663/1209] Compiling C object libsystem.a.p/hw_misc_omap_clk.c.obj
[664/1209] Compiling C object libsystem.a.p/hw_misc_npcm_clk.c.obj
[665/1209] Compiling C object libsystem.a.p/hw_misc_bcm2835_mbox.c.obj
[666/1209] Compiling C object libsystem.a.p/hw_misc_bcm2835_mphi.c.obj
[667/1209] Compiling C object libsystem.a.p/hw_misc_bcm2835_thermal.c.obj
[668/1209] Compiling C object libsystem.a.p/hw_misc_bcm2835_rng.c.obj
[669/1209] Compiling C object libsystem.a.p/hw_misc_bcm2835_property.c.obj
[670/1209] Compiling C object libsystem.a.p/hw_misc_bcm2835_powermgt.c.obj
[671/1209] Compiling C object libsystem.a.p/hw_misc_bcm2835_cprman.c.obj
[672/1209] Compiling C object libsystem.a.p/hw_misc_zynq_slcr.c.obj
[673/1209] Compiling C object libsystem.a.p/hw_misc_xlnx-zynqmp-crf.c.obj
[674/1209] Compiling C object libsystem.a.p/hw_misc_xlnx-zynq-ddrc.c.obj
[675/1209] Compiling C object libsystem.a.p/hw_misc_xlnx-zynqmp-apu-ctrl.c.obj
[676/1209] Compiling C object libsystem.a.p/hw_misc_xlnx-versal-xramc.c.obj
[677/1209] Compiling C object libsystem.a.p/hw_misc_xlnx-versal-pmc-iou-slcr.c.obj
[678/1209] Compiling C object libsystem.a.p/hw_misc_xlnx-versal-crl.c.obj
[679/1209] Compiling C object libsystem.a.p/hw_misc_xlnx-versal-cfu.c.obj
[680/1209] Compiling C object libsystem.a.p/hw_misc_xlnx-versal-cframe-reg.c.obj
[681/1209] Compiling C object libsystem.a.p/hw_misc_stm32_rcc.c.obj
[682/1209] Compiling C object libsystem.a.p/hw_misc_xlnx-versal-trng.c.obj
[683/1209] Compiling C object libsystem.a.p/hw_misc_stm32f2xx_syscfg.c.obj
[684/1209] Compiling C object libsystem.a.p/hw_misc_stm32f4xx_syscfg.c.obj
[685/1209] Compiling C object libsystem.a.p/hw_misc_stm32f4xx_exti.c.obj
[686/1209] Compiling C object libsystem.a.p/hw_misc_stm32l4x5_exti.c.obj
[687/1209] Compiling C object libsystem.a.p/hw_misc_stm32l4x5_syscfg.c.obj
[688/1209] Compiling C object libsystem.a.p/hw_misc_mps2-fpgaio.c.obj
[689/1209] Compiling C object libsystem.a.p/hw_misc_tz-msc.c.obj
[690/1209] Compiling C object libsystem.a.p/hw_misc_mps2-scc.c.obj
[691/1209] Compiling C object libsystem.a.p/hw_misc_tz-mpc.c.obj
[692/1209] Compiling C object libsystem.a.p/hw_misc_tz-ppc.c.obj
[693/1209] Compiling C object libsystem.a.p/hw_misc_stm32l4x5_rcc.c.obj
[694/1209] Compiling C object libsystem.a.p/hw_misc_armsse-cpu-pwrctrl.c.obj
[695/1209] Compiling C object libsystem.a.p/hw_misc_iotkit-sysinfo.c.obj
[696/1209] Compiling C object libsystem.a.p/hw_misc_iotkit-sysctl.c.obj
[697/1209] Compiling C object libsystem.a.p/hw_misc_iotkit-secctl.c.obj
[698/1209] Compiling C object libsystem.a.p/hw_misc_armsse-cpuid.c.obj
[699/1209] Compiling C object libsystem.a.p/hw_misc_armsse-mhu.c.obj
[700/1209] Compiling C object libsystem.a.p/hw_misc_pvpanic-pci.c.obj
[701/1209] Compiling C object libsystem.a.p/hw_misc_auxbus.c.obj
[702/1209] Compiling C object libsystem.a.p/hw_misc_aspeed_ltpi.c.obj
[703/1209] Compiling C object libsystem.a.p/hw_misc_aspeed_pwm.c.obj
[704/1209] Compiling C object libsystem.a.p/hw_misc_aspeed_lpc.c.obj
[705/1209] Compiling C object libsystem.a.p/hw_misc_aspeed_hace.c.obj
[706/1209] Compiling C object libsystem.a.p/hw_misc_aspeed_peci.c.obj
[707/1209] Compiling C object libsystem.a.p/hw_misc_aspeed_xdma.c.obj
[708/1209] Compiling C object libsystem.a.p/hw_misc_aspeed_sbc.c.obj
[709/1209] Compiling C object libsystem.a.p/hw_misc_aspeed_sdmc.c.obj
[710/1209] Compiling C object libsystem.a.p/hw_misc_aspeed_scu.c.obj
[711/1209] Compiling C object libsystem.a.p/hw_misc_aspeed_sli.c.obj
[712/1209] Compiling C object libsystem.a.p/hw_misc_msf2-sysreg.c.obj
[713/1209] Compiling C object libsystem.a.p/hw_misc_nrf51_rng.c.obj
[714/1209] Compiling C object libsystem.a.p/hw_misc_i2c-echo.c.obj
[715/1209] Compiling C object libsystem.a.p/hw_misc_sbsa_ec.c.obj
[716/1209] Compiling C object libsystem.a.p/hw_net_ne2000-pci.c.obj
[717/1209] Compiling C object libsystem.a.p/hw_net_ne2000.c.obj
[718/1209] Compiling C object libsystem.a.p/hw_net_pcnet-pci.c.obj
[719/1209] Compiling C object libsystem.a.p/hw_net_eepro100.c.obj
[720/1209] Compiling C object libsystem.a.p/hw_net_e1000x_common.c.obj
[721/1209] Compiling C object libsystem.a.p/hw_net_e1000e.c.obj
[722/1209] Compiling C object libsystem.a.p/hw_net_net_tx_pkt.c.obj
[723/1209] Compiling C object libsystem.a.p/hw_net_pcnet.c.obj
[724/1209] Compiling C object libsystem.a.p/hw_net_igb.c.obj
[725/1209] Compiling C object libsystem.a.p/hw_net_e1000.c.obj
[726/1209] Compiling C object libsystem.a.p/hw_net_igbvf.c.obj
[727/1209] Compiling C object libsystem.a.p/hw_net_tulip.c.obj
[728/1209] Compiling C object libsystem.a.p/hw_net_rtl8139.c.obj
[729/1209] Compiling C object libsystem.a.p/hw_net_lan9118_phy.c.obj
[730/1209] Compiling C object libsystem.a.p/hw_net_smc91c111.c.obj
[731/1209] Compiling C object libsystem.a.p/hw_net_allwinner_emac.c.obj
[732/1209] Compiling C object libsystem.a.p/hw_net_xilinx_axienet.c.obj
[733/1209] Compiling C object libsystem.a.p/hw_net_lan9118.c.obj
[734/1209] Compiling C object libsystem.a.p/hw_net_e1000e_core.c.obj
[735/1209] Compiling C object libsystem.a.p/hw_net_vmxnet3.c.obj
[736/1209] Compiling C object libsystem.a.p/hw_net_allwinner-sun8i-emac.c.obj
[737/1209] Compiling C object libsystem.a.p/hw_net_igb_core.c.obj
[738/1209] Compiling C object libsystem.a.p/hw_net_msf2-emac.c.obj
[739/1209] Compiling C object libsystem.a.p/hw_net_mv88w8618_eth.c.obj
[740/1209] Compiling C object libsystem.a.p/hw_net_imx_fec.c.obj
[741/1209] Compiling C object libsystem.a.p/hw_net_stellaris_enet.c.obj
[742/1209] Compiling C object libsystem.a.p/hw_net_npcm_pcs.c.obj
[743/1209] Compiling C object libsystem.a.p/hw_net_rocker_rocker_desc.c.obj
[744/1209] Compiling C object libsystem.a.p/hw_net_ftgmac100.c.obj
[745/1209] Compiling C object libsystem.a.p/hw_net_cadence_gem.c.obj
[746/1209] Compiling C object libsystem.a.p/hw_net_npcm7xx_emc.c.obj
[747/1209] Compiling C object libsystem.a.p/hw_net_rocker_rocker_fp.c.obj
[748/1209] Compiling C object libsystem.a.p/hw_net_npcm_gmac.c.obj
[749/1209] Compiling C object libsystem.a.p/hw_net_rocker_rocker.c.obj
[750/1209] Compiling C object libsystem.a.p/hw_net_rocker_rocker-hmp-cmds.c.obj
[751/1209] Compiling C object libsystem.a.p/hw_net_can_can_sja1000.c.obj
[752/1209] Compiling C object libsystem.a.p/hw_net_can_can_kvaser_pci.c.obj
[753/1209] Compiling C object libsystem.a.p/hw_net_rocker_rocker_of_dpa.c.obj
[754/1209] Compiling C object libsystem.a.p/hw_net_can_can_pcm3680_pci.c.obj
[755/1209] Compiling C object libsystem.a.p/hw_net_can_can_mioe3680_pci.c.obj
[756/1209] Compiling C object libsystem.a.p/hw_net_can_ctucan_core.c.obj
[757/1209] Compiling C object libsystem.a.p/hw_net_can_ctucan_pci.c.obj
[758/1209] Compiling C object libsystem.a.p/hw_net_virtio-net.c.obj
[759/1209] Compiling C object libsystem.a.p/hw_net_can_xlnx-zynqmp-can.c.obj
[760/1209] Compiling C object libsystem.a.p/hw_net_can_xlnx-versal-canfd.c.obj
[761/1209] Compiling C object libsystem.a.p/hw_nvme_subsys.c.obj
[762/1209] Compiling C object libsystem.a.p/hw_nvme_nguid.c.obj
[763/1209] Compiling C object libsystem.a.p/hw_net_can_flexcan.c.obj
[764/1209] Compiling C object libsystem.a.p/hw_nvme_ns.c.obj
[765/1209] Compiling C object libsystem.a.p/hw_nvme_dif.c.obj
[766/1209] Compiling C object libsystem.a.p/hw_nvram_fw_cfg-interface.c.obj
[767/1209] Compiling C object libsystem.a.p/hw_nvram_bcm2835_otp.c.obj
[768/1209] Compiling C object libsystem.a.p/hw_nvram_eeprom_at24c.c.obj
[769/1209] Compiling C object libsystem.a.p/hw_nvram_npcm7xx_otp.c.obj
[770/1209] Compiling C object libsystem.a.p/hw_nvram_nrf51_nvm.c.obj
[771/1209] Compiling C object libsystem.a.p/hw_nvram_xlnx-efuse-crc.c.obj
[772/1209] Compiling C object libsystem.a.p/hw_nvram_fw_cfg.c.obj
[773/1209] Compiling C object libsystem.a.p/hw_nvram_xlnx-efuse.c.obj
[774/1209] Compiling C object libsystem.a.p/hw_nvram_xlnx-versal-efuse-cache.c.obj
[775/1209] Compiling C object libsystem.a.p/hw_nvram_fw_cfg-acpi.c.obj
[776/1209] Compiling C object libsystem.a.p/hw_nvram_xlnx-versal-efuse-ctrl.c.obj
[777/1209] Compiling C object libsystem.a.p/hw_nvram_xlnx-zynqmp-efuse.c.obj
[778/1209] Compiling C object libsystem.a.p/hw_nvram_xlnx-bbram.c.obj
[779/1209] Compiling C object libsystem.a.p/hw_nvram_aspeed_otp.c.obj
[780/1209] Compiling C object libsystem.a.p/hw_pci_pcie_port.c.obj
[781/1209] Compiling C object libsystem.a.p/hw_pci_pcie_host.c.obj
[782/1209] Compiling C object libsystem.a.p/hw_pci_msi.c.obj
[783/1209] Compiling C object libsystem.a.p/hw_pci_msix.c.obj
[784/1209] Compiling C object libsystem.a.p/hw_pci_pci_bridge.c.obj
[785/1209] Compiling C object libsystem.a.p/hw_pci_pci_host.c.obj
[786/1209] Compiling C object libsystem.a.p/hw_pci_pci-hmp-cmds.c.obj
[787/1209] Compiling C object libsystem.a.p/hw_pci_pci-qmp-cmds.c.obj
[788/1209] Compiling C object libsystem.a.p/hw_pci_pcie_sriov.c.obj
[789/1209] Compiling C object libsystem.a.p/hw_pci_slotid_cap.c.obj
[790/1209] Compiling C object libsystem.a.p/hw_pci_shpc.c.obj
[791/1209] Compiling C object libsystem.a.p/hw_pci_pcie.c.obj
[792/1209] Compiling C object libsystem.a.p/hw_pci_pci.c.obj
[793/1209] Compiling C object libsystem.a.p/hw_pci_pcie_doe.c.obj
[794/1209] Compiling C object libsystem.a.p/hw_pci-bridge_pci_bridge_dev.c.obj
[795/1209] Compiling C object libsystem.a.p/hw_pci_pcie_aer.c.obj
[796/1209] Compiling C object libsystem.a.p/hw_pci-bridge_i82801b11.c.obj
[797/1209] Compiling C object libsystem.a.p/hw_pci-bridge_ioh3420.c.obj
[798/1209] Compiling C object libsystem.a.p/hw_pci-bridge_gen_pcie_root_port.c.obj
[799/1209] Compiling C object libsystem.a.p/hw_nvme_ctrl.c.obj
[800/1209] Compiling C object libsystem.a.p/hw_pci-bridge_pcie_root_port.c.obj
[801/1209] Compiling C object libsystem.a.p/hw_pci-bridge_pcie_pci_bridge.c.obj
[802/1209] Compiling C object libsystem.a.p/hw_pci-bridge_xio3130_upstream.c.obj
[803/1209] Compiling C object libsystem.a.p/hw_pci-bridge_pci_expander_bridge.c.obj
[804/1209] Compiling C object libsystem.a.p/hw_pci-bridge_xio3130_downstream.c.obj
[805/1209] Compiling C object libsystem.a.p/hw_pci-bridge_cxl_root_port.c.obj
[806/1209] Compiling C object libsystem.a.p/hw_pci-bridge_cxl_downstream.c.obj
[807/1209] Compiling C object libsystem.a.p/hw_pci-bridge_cxl_upstream.c.obj
[808/1209] Compiling C object libsystem.a.p/hw_pci-host_gpex.c.obj
[809/1209] Compiling C object libsystem.a.p/hw_pci-host_designware.c.obj
[810/1209] Compiling C object libsystem.a.p/hw_pci-host_aspeed_pcie.c.obj
[811/1209] Compiling C object libsystem.a.p/hw_pci-host_fsl_imx8m_phy.c.obj
[812/1209] Compiling C object libsystem.a.p/hw_rtc_m41t80.c.obj
[813/1209] Compiling C object libsystem.a.p/hw_rtc_ds1338.c.obj
[814/1209] Compiling C object libsystem.a.p/hw_pci-host_gpex-acpi.c.obj
[815/1209] Compiling C object libsystem.a.p/hw_pci-host_versatile.c.obj
[816/1209] Compiling C object libsystem.a.p/hw_rtc_pl031.c.obj
[817/1209] Compiling C object libsystem.a.p/hw_rtc_xlnx-zynqmp-rtc.c.obj
[818/1209] Compiling C object libsystem.a.p/hw_rtc_exynos4210_rtc.c.obj
[819/1209] Compiling C object libsystem.a.p/hw_rtc_aspeed_rtc.c.obj
[820/1209] Compiling C object libsystem.a.p/hw_rtc_allwinner-rtc.c.obj
[821/1209] Compiling C object libsystem.a.p/hw_rtc_rs5c372.c.obj
[822/1209] Compiling C object libsystem.a.p/hw_scsi_scsi-generic.c.obj
[823/1209] Compiling C object libsystem.a.p/hw_scsi_esp-pci.c.obj
[824/1209] Compiling C object libsystem.a.p/hw_scsi_esp.c.obj
[825/1209] Compiling C object libsystem.a.p/hw_scsi_scsi-bus.c.obj
[826/1209] Compiling C object libsystem.a.p/hw_scsi_mptsas.c.obj
[827/1209] Compiling C object libsystem.a.p/hw_scsi_mptendian.c.obj
[828/1209] Compiling C object libsystem.a.p/hw_scsi_scsi-disk.c.obj
[829/1209] Compiling C object libsystem.a.p/hw_scsi_mptconfig.c.obj
[830/1209] Compiling C object libsystem.a.p/hw_scsi_virtio-scsi-dataplane.c.obj
[831/1209] Compiling C object libsystem.a.p/hw_scsi_lsi53c895a.c.obj
[832/1209] Compiling C object libsystem.a.p/hw_sd_pl181.c.obj
[833/1209] Compiling C object libsystem.a.p/hw_scsi_vmw_pvscsi.c.obj
[834/1209] Compiling C object libsystem.a.p/hw_scsi_megasas.c.obj
[835/1209] Compiling C object libsystem.a.p/hw_sd_core.c.obj
[836/1209] Compiling C object libsystem.a.p/hw_scsi_virtio-scsi.c.obj
[837/1209] Compiling C object libsystem.a.p/hw_sd_ssi-sd.c.obj
[838/1209] Compiling C object libsystem.a.p/hw_sd_sdhci-pci.c.obj
[839/1209] Compiling C object libsystem.a.p/hw_sd_omap_mmc.c.obj
[840/1209] Compiling C object libsystem.a.p/hw_sd_bcm2835_sdhost.c.obj
[841/1209] Compiling C object libsystem.a.p/hw_sd_aspeed_sdhci.c.obj
[842/1209] Compiling C object libsystem.a.p/hw_sd_sd.c.obj
[843/1209] Compiling C object libsystem.a.p/hw_sd_npcm7xx_sdhci.c.obj
[844/1209] Compiling C object libsystem.a.p/hw_sensor_dps310.c.obj
[845/1209] Compiling C object libsystem.a.p/hw_sd_allwinner-sdhost.c.obj
[846/1209] Compiling C object libsystem.a.p/hw_sensor_tmp421.c.obj
[847/1209] Compiling C object libsystem.a.p/hw_sensor_tmp105.c.obj
[848/1209] Compiling C object libsystem.a.p/hw_sd_sdhci.c.obj
[849/1209] Compiling C object libsystem.a.p/hw_sensor_adm1266.c.obj
[850/1209] Compiling C object libsystem.a.p/hw_sensor_emc141x.c.obj
[851/1209] Compiling C object libsystem.a.p/hw_sensor_adm1272.c.obj
[852/1209] Compiling C object libsystem.a.p/hw_sensor_max34451.c.obj
[853/1209] Compiling C object libsystem.a.p/hw_sensor_lsm303dlhc_mag.c.obj
[854/1209] Compiling C object libsystem.a.p/hw_sensor_isl_pmbus_vr.c.obj
[855/1209] Compiling C object libsystem.a.p/hw_sensor_max31785.c.obj
[856/1209] Compiling C object libsystem.a.p/hw_ssi_allwinner-a10-spi.c.obj
[857/1209] Compiling C object libsystem.a.p/hw_ssi_mss-spi.c.obj
[858/1209] Compiling C object libsystem.a.p/hw_ssi_npcm_pspi.c.obj
[859/1209] Compiling C object libsystem.a.p/hw_ssi_npcm7xx_fiu.c.obj
[860/1209] Compiling C object libsystem.a.p/hw_ssi_pl022.c.obj
[861/1209] Compiling C object libsystem.a.p/hw_ssi_ssi.c.obj
[862/1209] Compiling C object libsystem.a.p/hw_ssi_stm32f2xx_spi.c.obj
[863/1209] Compiling C object libsystem.a.p/hw_ssi_aspeed_smc.c.obj
[864/1209] Compiling C object libsystem.a.p/hw_smbios_smbios.c.obj
[865/1209] Compiling C object libsystem.a.p/hw_ssi_xilinx_spi.c.obj
[866/1209] Compiling C object libsystem.a.p/hw_ssi_bcm2835_spi.c.obj
[867/1209] Compiling C object libsystem.a.p/hw_ssi_imx_spi.c.obj
[868/1209] Compiling C object libsystem.a.p/hw_timer_allwinner-a10-pit.c.obj
[869/1209] Compiling C object libsystem.a.p/hw_ssi_xilinx_spips.c.obj
[870/1209] Compiling C object libsystem.a.p/hw_timer_a9gtimer.c.obj
[871/1209] Compiling C object libsystem.a.p/hw_ssi_xlnx-versal-ospi.c.obj
[872/1209] Compiling C object libsystem.a.p/hw_timer_arm_mptimer.c.obj
[873/1209] Compiling C object libsystem.a.p/hw_timer_arm_timer.c.obj
[874/1209] Compiling C object libsystem.a.p/hw_timer_armv7m_systick.c.obj
[875/1209] Compiling C object libsystem.a.p/hw_timer_cadence_ttc.c.obj
[876/1209] Compiling C object libsystem.a.p/hw_timer_cmsdk-apb-timer.c.obj
[877/1209] Compiling C object libsystem.a.p/hw_timer_cmsdk-apb-dualtimer.c.obj
[878/1209] Compiling C object libsystem.a.p/hw_timer_digic-timer.c.obj
[879/1209] Compiling C object libsystem.a.p/hw_timer_aspeed_timer.c.obj
[880/1209] Compiling C object libsystem.a.p/hw_timer_exynos4210_pwm.c.obj
[881/1209] Compiling C object libsystem.a.p/hw_timer_imx_epit.c.obj
[882/1209] Compiling C object libsystem.a.p/hw_timer_exynos4210_mct.c.obj
[883/1209] Compiling C object libsystem.a.p/hw_timer_mss-timer.c.obj
[884/1209] Compiling C object libsystem.a.p/hw_timer_imx_gpt.c.obj
[885/1209] Compiling C object libsystem.a.p/hw_timer_nrf51_timer.c.obj
[886/1209] Compiling C object libsystem.a.p/hw_timer_npcm7xx_timer.c.obj
[887/1209] Compiling C object libsystem.a.p/hw_timer_pxa2xx_timer.c.obj
[888/1209] Compiling C object libsystem.a.p/hw_timer_bcm2835_systmr.c.obj
[889/1209] Compiling C object libsystem.a.p/hw_timer_sse-timer.c.obj
[890/1209] Compiling C object libsystem.a.p/hw_timer_sse-counter.c.obj
[891/1209] Compiling C object libsystem.a.p/hw_timer_stellaris-gptm.c.obj
[892/1209] Compiling C object libsystem.a.p/hw_timer_xilinx_timer.c.obj
[893/1209] Compiling C object libsystem.a.p/hw_timer_stm32f2xx_timer.c.obj
[894/1209] Compiling C object libsystem.a.p/hw_uefi_hardware-info.c.obj
[895/1209] Compiling C object libsystem.a.p/hw_uefi_ovmf-log.c.obj
[896/1209] Compiling C object libsystem.a.p/hw_ufs_lu.c.obj
[897/1209] Compiling C object libsystem.a.p/hw_usb_combined-packet.c.obj
[898/1209] Compiling C object libsystem.a.p/hw_usb_desc-msos.c.obj
[899/1209] Compiling C object libsystem.a.p/hw_usb_bus.c.obj
[900/1209] Compiling C object libsystem.a.p/hw_usb_core.c.obj
[901/1209] Compiling C object libsystem.a.p/hw_usb_pcap.c.obj
[902/1209] Compiling C object libsystem.a.p/hw_usb_desc.c.obj
[903/1209] Compiling C object libsystem.a.p/hw_usb_libhw.c.obj
[904/1209] Compiling C object libsystem.a.p/hw_usb_hcd-ohci-pci.c.obj
[905/1209] Compiling C object libsystem.a.p/hw_ufs_ufs.c.obj
[906/1209] Compiling C object libsystem.a.p/hw_usb_hcd-uhci.c.obj
[907/1209] Compiling C object libsystem.a.p/hw_usb_hcd-ohci-sysbus.c.obj
[908/1209] Compiling C object libsystem.a.p/hw_usb_hcd-ohci.c.obj
[909/1209] Compiling C object libsystem.a.p/hw_usb_hcd-ehci-sysbus.c.obj
[910/1209] Compiling C object libsystem.a.p/hw_usb_hcd-ehci-pci.c.obj
[911/1209] Compiling C object libsystem.a.p/hw_usb_hcd-xhci-nec.c.obj
[912/1209] Compiling C object libsystem.a.p/hw_usb_hcd-xhci-sysbus.c.obj
[913/1209] Compiling C object libsystem.a.p/hw_usb_hcd-xhci-pci.c.obj
[914/1209] Compiling C object libsystem.a.p/hw_usb_hcd-dwc3.c.obj
[915/1209] Compiling C object libsystem.a.p/hw_usb_chipidea.c.obj
[916/1209] Compiling C object libsystem.a.p/hw_usb_imx-usb-phy.c.obj
[917/1209] Compiling C object libsystem.a.p/hw_usb_hcd-dwc2.c.obj
[918/1209] Compiling C object libsystem.a.p/hw_usb_xlnx-versal-usb2-ctrl-regs.c.obj
[919/1209] Compiling C object libsystem.a.p/hw_usb_xlnx-usb-subsystem.c.obj
[920/1209] Compiling C object libsystem.a.p/hw_usb_hcd-ehci.c.obj
[921/1209] Compiling C object libsystem.a.p/hw_usb_hcd-xhci.c.obj
[922/1209] Compiling C object libsystem.a.p/hw_usb_dev-hid.c.obj
[923/1209] Compiling C object libsystem.a.p/hw_usb_dev-hub.c.obj
[924/1209] Compiling C object libsystem.a.p/hw_usb_dev-wacom.c.obj
[925/1209] Compiling C object libsystem.a.p/hw_usb_dev-storage-bot.c.obj
[926/1209] Compiling C object libsystem.a.p/hw_usb_dev-storage-classic.c.obj
[927/1209] Compiling C object libsystem.a.p/hw_usb_dev-storage.c.obj
[928/1209] Compiling C object libsystem.a.p/hw_usb_dev-uas.c.obj
[929/1209] Compiling C object libsystem.a.p/hw_usb_dev-network.c.obj
[930/1209] Compiling C object libsystem.a.p/hw_usb_dev-audio.c.obj
[931/1209] Compiling C object libsystem.a.p/hw_usb_dev-serial.c.obj
[932/1209] Compiling C object libsystem.a.p/hw_usb_u2f.c.obj
[933/1209] Compiling C object libsystem.a.p/hw_usb_dev-smartcard-reader.c.obj
[934/1209] Compiling C object libsystem.a.p/hw_virtio_iothread-vq-mapping.c.obj
[935/1209] Compiling C object libsystem.a.p/hw_virtio_virtio-config-io.c.obj
[936/1209] Compiling C object libsystem.a.p/hw_virtio_virtio-bus.c.obj
[937/1209] Compiling C object libsystem.a.p/hw_virtio_virtio-mmio.c.obj
[938/1209] Compiling C object libsystem.a.p/hw_virtio_virtio-crypto.c.obj
[939/1209] Compiling C object libsystem.a.p/hw_virtio_virtio-qmp.c.obj
[940/1209] Compiling C object libsystem.a.p/hw_virtio_virtio-iommu.c.obj
[941/1209] Compiling C object libsystem.a.p/hw_virtio_virtio-rtc.c.obj
[942/1209] Compiling C object libsystem.a.p/hw_virtio_virtio-rng.c.obj
[943/1209] Compiling C object libsystem.a.p/hw_virtio_virtio-crypto-pci.c.obj
[944/1209] Compiling C object libsystem.a.p/hw_virtio_virtio-pci.c.obj
[945/1209] Compiling C object libsystem.a.p/hw_virtio_virtio-input-pci.c.obj
[946/1209] Compiling C object libsystem.a.p/hw_virtio_virtio-rng-pci.c.obj
[947/1209] Compiling C object libsystem.a.p/hw_virtio_virtio-rtc-pci.c.obj
[948/1209] Compiling C object libsystem.a.p/hw_virtio_virtio-balloon.c.obj
[949/1209] Compiling C object libsystem.a.p/hw_virtio_virtio-balloon-pci.c.obj
[950/1209] Compiling C object libsystem.a.p/hw_virtio_virtio-scsi-pci.c.obj
[951/1209] Compiling C object libsystem.a.p/hw_virtio_virtio-blk-pci.c.obj
[952/1209] Compiling C object libsystem.a.p/hw_virtio_virtio-serial-pci.c.obj
[953/1209] Compiling C object libsystem.a.p/hw_virtio_virtio-net-pci.c.obj
[954/1209] Compiling C object libsystem.a.p/hw_virtio_virtio-hmp-cmds.c.obj
[955/1209] Compiling C object libsystem.a.p/hw_virtio_virtio-iommu-pci.c.obj
[956/1209] Compiling C object libsystem.a.p/hw_virtio_virtio-acpi.c.obj
[957/1209] Compiling C object libsystem.a.p/hw_watchdog_allwinner-wdt.c.obj
[958/1209] Compiling C object libsystem.a.p/hw_virtio_virtio.c.obj
[959/1209] Compiling C object libsystem.a.p/hw_watchdog_sbsa_gwdt.c.obj
[960/1209] Compiling C object libsystem.a.p/hw_watchdog_wdt_i6300esb.c.obj
[961/1209] Compiling C object libsystem.a.p/hw_watchdog_cmsdk-apb-watchdog.c.obj
[962/1209] Compiling C object libsystem.a.p/hw_watchdog_wdt_imx2.c.obj
[963/1209] Compiling C object libsystem.a.p/hw_watchdog_wdt_aspeed.c.obj
[964/1209] Compiling C object libsystem.a.p/hw_fsi_lbus.c.obj
[965/1209] Compiling C object libsystem.a.p/hw_fsi_fsi.c.obj
[966/1209] Compiling C object libsystem.a.p/hw_fsi_cfam.c.obj
[967/1209] Compiling C object libsystem.a.p/gdbstub_syscalls.c.obj
[968/1209] Compiling C object libsystem.a.p/hw_fsi_fsi-master.c.obj
[969/1209] Compiling C object libsystem.a.p/hw_fsi_aspeed_apb2opb.c.obj
[970/1209] Compiling C object libsystem.a.p/cpu-target.c.obj
[971/1209] Compiling C object libsystem.a.p/block_block-ram-registrar.c.obj
[972/1209] Compiling C object libsystem.a.p/block_qapi-system.c.obj
[973/1209] Compiling C object libsystem.a.p/block_blkreplay.c.obj
[974/1209] Compiling C object libsystem.a.p/gdbstub_system.c.obj
[975/1209] Compiling C object libsystem.a.p/block_monitor_block-hmp-cmds.c.obj
[976/1209] Compiling C object libsystem.a.p/gdbstub_gdbstub.c.obj
[977/1209] Compiling C object libsystem.a.p/system_arch_init.c.obj
[978/1209] Compiling C object libsystem.a.p/system_bootdevice.c.obj
[979/1209] Compiling C object libsystem.a.p/system_dma-helpers.c.obj
[980/1209] Compiling C object libsystem.a.p/system_dirtylimit.c.obj
[981/1209] Compiling C object libsystem.a.p/system_globals.c.obj
[982/1209] Compiling C object libsystem.a.p/system_cpu-timers.c.obj
[983/1209] Compiling C object libsystem.a.p/system_ram-block-attributes.c.obj
[984/1209] Compiling C object libsystem.a.p/system_ioport.c.obj
[985/1209] Compiling C object libsystem.a.p/system_cpus.c.obj
[986/1209] Compiling C object libsystem.a.p/system_ram-discard-manager.c.obj
[987/1209] Compiling C object libsystem.a.p/system_memory_mapping.c.obj
[988/1209] Compiling C object libsystem.a.p/system_vl.c.obj
[989/1209] Compiling C object libsystem.a.p/system_qdev-monitor.c.obj
[990/1209] Compiling C object libsystem.a.p/system_qtest.c.obj
[991/1209] Compiling C object libsystem.a.p/system_runstate-hmp-cmds.c.obj
[992/1209] Compiling C object libsystem.a.p/system_tpm-hmp-cmds.c.obj
[993/1209] Compiling C object libsystem.a.p/system_watchpoint.c.obj
[994/1209] Compiling C object libsystem.a.p/system_rtc.c.obj
[995/1209] Compiling C object libsystem.a.p/target-info-qom.c.obj
[996/1209] Compiling C object libsystem.a.p/system_device_tree.c.obj
[997/1209] Compiling C object libsystem.a.p/ui_curses.c.obj
[998/1209] Compiling C object libsystem.a.p/system_runstate.c.obj
[999/1209] Compiling C object libsystem.a.p/system_memory.c.obj
[1000/1209] Compiling C object libsystem.a.p/ui_dbus-chardev.c.obj
[1001/1209] Compiling C object libsystem.a.p/ui_dbus-clipboard.c.obj
[1002/1209] Compiling C object libsystem.a.p/system_physmem.c.obj
[1003/1209] Compiling C object libsystem.a.p/accel_qtest_qtest.c.obj
[1004/1209] Compiling C object libsystem.a.p/hw_display_virtio-gpu-base.c.obj
[1005/1209] Compiling C object libsystem.a.p/ui_dbus-error.c.obj
[1006/1209] Compiling C object libsystem.a.p/ui_dbus-console.c.obj
[1007/1209] Compiling C object libsystem.a.p/hw_display_virtio-gpu-udmabuf-stubs.c.obj
[1008/1209] Compiling C object libsystem.a.p/ui_dbus.c.obj
[1009/1209] Compiling C object libsystem.a.p/hw_uefi_var-service-pcap.c.obj
[1010/1209] Compiling C object libsystem.a.p/hw_uefi_var-service-core.c.obj
[1011/1209] Compiling C object libsystem.a.p/hw_display_virtio-gpu-pci.c.obj
[1012/1209] Compiling C object libsystem.a.p/ui_dbus-listener.c.obj
[1013/1209] Compiling C object libsystem.a.p/hw_uefi_var-service-json.c.obj
[1014/1209] Compiling C object libsystem.a.p/hw_uefi_var-service-vars.c.obj
[1015/1209] Compiling C object libsystem.a.p/hw_display_virtio-gpu.c.obj
[1016/1209] Compiling C object libsystem.a.p/hw_uefi_var-service-auth.c.obj
[1017/1209] Compiling C object libsystem.a.p/hw_uefi_var-service-guid.c.obj
[1018/1209] Compiling C object libsystem.a.p/hw_uefi_var-service-sysbus.c.obj
[1019/1209] Compiling C object libsystem.a.p/hw_uefi_var-service-policy.c.obj
[1020/1209] Compiling C object libsystem.a.p/hw_uefi_var-service-utils.c.obj
[1021/1209] Compiling C object libcommon.a.p/accel_accel-common.c.obj
[1022/1209] Compiling C object libsystem.a.p/hw_uefi_var-service-pkcs7-stub.c.obj
[1023/1209] Compiling C object libcommon.a.p/disas_disas-common.c.obj
[1024/1209] Compiling C object libcommon.a.p/disas_disas-target.c.obj
[1025/1209] Compiling C object libsystem.a.p/hw_uefi_var-service-siglist.c.obj
[1026/1209] Compiling C object libcommon.a.p/plugins_loader.c.obj
[1027/1209] Compiling C object libcommon.a.p/hw_core_cpu-common.c.obj
[1028/1209] Compiling C object libcommon.a.p/hw_core_machine-smp.c.obj
[1029/1209] Compiling C object libcommon_arm.a.p/target_arm_mmuidx.c.obj
[1030/1209] Compiling C object libcommon.a.p/cpu-common.c.obj
[1031/1209] Compiling C object libsystem_arm.a.p/target_arm_common-semi-target.c.obj
[1032/1209] Compiling C object libsystem_arm.a.p/target_arm_arm-qmp-cmds.c.obj
[1033/1209] Compiling C object libsystem_arm.a.p/target_arm_gdbstub.c.obj
[1034/1209] Compiling C object libcommon_arm.a.p/target_arm_tcg_arith_helper.c.obj
[1035/1209] Compiling C object libsystem_arm.a.p/target_arm_arch_dump.c.obj
[1036/1209] Compiling C object libsystem_arm.a.p/target_arm_cortex-regs.c.obj
[1037/1209] Compiling C object libcommon_arm.a.p/target_arm_tcg_crypto_helper.c.obj
[1038/1209] Compiling C object libsystem_arm.a.p/target_arm_arm-powerctl.c.obj
[1039/1209] Compiling C object libsystem_arm.a.p/target_arm_cpregs-omap.c.obj
[1040/1209] Compiling C object libsystem_arm.a.p/target_arm_cpu-irq.c.obj
[1041/1209] Compiling C object libsystem_arm.a.p/target_arm_cpu.c.obj
[1042/1209] Compiling C object libsystem_arm.a.p/target_arm_machine.c.obj
[1043/1209] Compiling C object libsystem_arm.a.p/target_arm_tcg_cpu-v7m.c.obj
[1044/1209] Compiling C object libsystem_arm.a.p/target_arm_tcg_gicv5-cpuif.c.obj
[1045/1209] Compiling C object libsystem_arm.a.p/target_arm_tcg_cpregs-at.c.obj
[1046/1209] Compiling C object libsystem_arm.a.p/target_arm_tcg_psci.c.obj
[1047/1209] Compiling C object libsystem_arm.a.p/target_arm_cpregs-gcs.c.obj
[1048/1209] Compiling C object libsystem_arm.a.p/target_arm_tcg_tlb-insns.c.obj
[1049/1209] Compiling C object libsystem_arm.a.p/target_arm_tcg_tlb_helper.c.obj
[1050/1209] Compiling C object libsystem_arm.a.p/target_arm_cpu-max.c.obj
[1051/1209] Compiling C object libsystem_arm.a.p/target_arm_cpregs-pmu.c.obj
[1052/1209] Compiling C object libsystem_arm.a.p/target_arm_debug_helper.c.obj
[1053/1209] Compiling C object libsystem_arm.a.p/target_arm_vfp_fpscr.c.obj
[1054/1209] Compiling C object libsystem_arm.a.p/target_arm_ptw.c.obj
[1055/1209] Compiling C object libsystem_arm.a.p/target_arm_gdbstub64.c.obj
[1056/1209] Compiling C object libsystem_arm.a.p/target_arm_tcg_debug.c.obj
[1057/1209] Compiling C object libsystem_arm.a.p/target_arm_tcg_hflags.c.obj
[1058/1209] Compiling C object libsystem_arm.a.p/target_arm_tcg_m_helper.c.obj
[1059/1209] Compiling C object libsystem_arm.a.p/target_arm_tcg_translate-m-nocp.c.obj
[1060/1209] Compiling C object libsystem_arm.a.p/target_arm_tcg_op_helper.c.obj
[1061/1209] Compiling C object libsystem_arm.a.p/target_arm_tcg_gengvec.c.obj
[1062/1209] Compiling C object libsystem_arm.a.p/target_arm_tcg_neon_helper.c.obj
[1063/1209] Compiling C object libsystem_arm.a.p/hw_arm_digic_boards.c.obj
[1064/1209] Compiling C object libsystem_arm.a.p/target_arm_tcg_vfp_helper.c.obj
[1065/1209] Compiling C object libsystem_arm.a.p/target_arm_tcg_cpu64.c.obj
[1066/1209] Compiling C object libsystem_arm.a.p/target_arm_helper.c.obj
[1067/1209] Compiling C object libsystem_arm.a.p/hw_arm_virt-acpi-build.c.obj
[1068/1209] Compiling C object libsystem_arm.a.p/target_arm_tcg_translate-vfp.c.obj
[1069/1209] Compiling C object libsystem_arm.a.p/hw_arm_msf2-som.c.obj
[1070/1209] Compiling C object libsystem_arm.a.p/hw_arm_virt.c.obj
[1071/1209] Compiling C object libcommon.a.p/fpu_softfloat.c.obj
[1072/1209] Compiling C object libsystem_arm.a.p/hw_arm_microbit.c.obj
[1073/1209] Compiling C object libsystem_arm.a.p/hw_arm_integratorcp.c.obj
[1074/1209] Compiling C object libsystem_arm.a.p/hw_arm_mps3r.c.obj
[1075/1209] Compiling C object libsystem_arm.a.p/hw_arm_olimex-stm32-h405.c.obj
[1076/1209] Compiling C object libsystem_arm.a.p/hw_arm_netduinoplus2.c.obj
[1077/1209] Compiling C object libsystem_arm.a.p/hw_arm_musicpal.c.obj
[1078/1209] Compiling C object libsystem_arm.a.p/target_arm_tcg_translate-neon.c.obj
[1079/1209] Compiling C object libsystem_arm.a.p/hw_arm_npcm7xx.c.obj
[1080/1209] Compiling C object libsystem_arm.a.p/hw_arm_npcm8xx_boards.c.obj
[1081/1209] Compiling C object libsystem_arm.a.p/hw_arm_npcm7xx_boards.c.obj
[1082/1209] Compiling C object libsystem_arm.a.p/hw_arm_realview.c.obj
[1083/1209] Compiling C object libsystem_arm.a.p/hw_arm_stm32vldiscovery.c.obj
[1084/1209] Compiling C object libsystem_arm.a.p/hw_arm_npcm8xx.c.obj
[1085/1209] Compiling C object libsystem_arm.a.p/hw_arm_sbsa-ref.c.obj
[1086/1209] Compiling C object libsystem_arm.a.p/hw_arm_sabrelite.c.obj
[1087/1209] Compiling C object libsystem_arm.a.p/hw_arm_stellaris.c.obj
[1088/1209] Compiling C object libsystem_arm.a.p/hw_arm_xilinx_zynq.c.obj
[1089/1209] Compiling C object libsystem_arm.a.p/target_arm_tcg_translate-mve.c.obj
[1090/1209] Compiling C object libsystem_arm.a.p/target_arm_tcg_translate.c.obj
[1091/1209] Compiling C object libsystem_arm.a.p/hw_arm_armv7m.c.obj
[1092/1209] Compiling C object libsystem_arm.a.p/hw_arm_digic.c.obj
[1093/1209] Compiling C object libsystem_arm.a.p/hw_arm_exynos4210.c.obj
[1094/1209] Compiling C object libsystem_arm.a.p/hw_arm_cubieboard.c.obj
[1095/1209] Compiling C object libsystem_arm.a.p/hw_arm_allwinner-a10.c.obj
[1096/1209] Compiling C object libsystem_arm.a.p/hw_arm_orangepi.c.obj
[1097/1209] Compiling C object libsystem_arm.a.p/target_arm_tcg_mve_helper.c.obj
[1098/1209] Compiling C object libsystem_arm.a.p/hw_arm_allwinner-h3.c.obj
[1099/1209] Compiling C object libsystem_arm.a.p/hw_arm_allwinner-r40.c.obj
[1100/1209] Compiling C object libsystem_arm.a.p/hw_arm_bananapi_m2u.c.obj
[1101/1209] Compiling C object libsystem_arm.a.p/hw_arm_max78000_soc.c.obj
[1102/1209] Compiling C object libsystem_arm.a.p/hw_arm_bcm2836.c.obj
[1103/1209] Compiling C object libsystem_arm.a.p/hw_arm_omap1.c.obj
[1104/1209] Compiling C object libsystem_arm.a.p/hw_arm_bcm2838.c.obj
[1105/1209] Compiling C object libsystem_arm.a.p/hw_arm_raspi.c.obj
[1106/1209] Compiling C object libsystem_arm.a.p/hw_arm_raspi4b.c.obj
[1107/1209] Compiling C object libsystem_arm.a.p/hw_arm_stm32f100_soc.c.obj
[1108/1209] Compiling C object libsystem_arm.a.p/target_arm_tcg_vec_helper.c.obj
[1109/1209] Compiling C object libsystem_arm.a.p/hw_arm_stm32f205_soc.c.obj
[1110/1209] Compiling C object libsystem_arm.a.p/hw_arm_stm32f405_soc.c.obj
[1111/1209] Compiling C object libsystem_arm.a.p/hw_arm_b-l475e-iot01a.c.obj
[1112/1209] Compiling C object libsystem_arm.a.p/hw_arm_stm32l4x5_soc.c.obj
[1113/1209] Compiling C object libsystem_arm.a.p/hw_arm_xlnx-zcu102.c.obj
[1114/1209] Compiling C object libsystem_arm.a.p/hw_arm_xlnx-versal-virt.c.obj
[1115/1209] Compiling C object libsystem_arm.a.p/hw_arm_xlnx-zynqmp.c.obj
[1116/1209] Compiling C object libsystem_arm.a.p/hw_arm_fsl-imx25.c.obj
[1117/1209] Compiling C object libsystem_arm.a.p/hw_arm_imx25_pdk.c.obj
[1118/1209] Compiling C object libsystem_arm.a.p/hw_arm_fsl-imx31.c.obj
[1119/1209] Compiling C object libsystem_arm.a.p/hw_arm_kzm.c.obj
[1120/1209] Compiling C object libsystem_arm.a.p/hw_arm_xlnx-versal.c.obj
[1121/1209] Compiling C object libsystem_arm.a.p/hw_arm_aspeed_soc_common.c.obj
[1122/1209] Compiling C object libsystem_arm.a.p/hw_arm_fsl-imx6.c.obj
[1123/1209] Compiling C object libsystem_arm.a.p/hw_arm_aspeed_ast2400_palmetto.c.obj
[1124/1209] Compiling C object libsystem_arm.a.p/hw_arm_aspeed.c.obj
[1125/1209] Compiling C object libsystem_arm.a.p/hw_arm_aspeed_ast2400.c.obj
[1126/1209] Compiling C object libsystem_arm.a.p/hw_arm_aspeed_ast2400_quanta-q71l.c.obj
[1127/1209] Compiling C object libsystem_arm.a.p/hw_arm_aspeed_ast2400_supermicrox11.c.obj
[1128/1209] Compiling C object libsystem_arm.a.p/hw_arm_aspeed_ast2500_romulus.c.obj
[1129/1209] Compiling C object libsystem_arm.a.p/hw_arm_aspeed_ast2500_evb.c.obj
[1130/1209] Compiling C object libsystem_arm.a.p/hw_arm_aspeed_ast2500_supermicro-x11spi.c.obj
[1131/1209] Compiling C object libsystem_arm.a.p/hw_arm_aspeed_ast2500_g220a.c.obj
[1132/1209] Compiling C object libsystem_arm.a.p/hw_arm_aspeed_ast2500_tiogapass.c.obj
[1133/1209] Compiling C object libsystem_arm.a.p/hw_arm_aspeed_ast2500_witherspoon.c.obj
[1134/1209] Compiling C object libsystem_arm.a.p/hw_arm_aspeed_ast2500_yosemitev2.c.obj
[1135/1209] Compiling C object libsystem_arm.a.p/hw_arm_aspeed_ast2600_anacapa.c.obj
[1136/1209] Compiling C object libsystem_arm.a.p/hw_arm_aspeed_ast2600_catalina.c.obj
[1137/1209] Compiling C object libsystem_arm.a.p/hw_arm_aspeed_ast2600_bletchley.c.obj
[1138/1209] Compiling C object libsystem_arm.a.p/hw_arm_aspeed_ast2600_evb.c.obj
[1139/1209] Compiling C object libsystem_arm.a.p/hw_arm_aspeed_ast2600.c.obj
[1140/1209] Compiling C object libsystem_arm.a.p/hw_arm_aspeed_ast2600_fby35.c.obj
[1141/1209] Compiling C object libsystem_arm.a.p/hw_arm_aspeed_ast2600_fuji.c.obj
[1142/1209] Compiling C object libsystem_arm.a.p/hw_arm_aspeed_ast2600_gb200nvl.c.obj
[1143/1209] Compiling C object libsystem_arm.a.p/hw_arm_aspeed_ast2600_rainier.c.obj
[1144/1209] Compiling C object libsystem_arm.a.p/hw_arm_aspeed_ast10x0_evb.c.obj
[1145/1209] Compiling C object libsystem_arm.a.p/hw_arm_aspeed_ast1040_evb.c.obj
[1146/1209] Compiling C object libsystem_arm.a.p/hw_arm_aspeed_ast1040.c.obj
[1147/1209] Compiling C object libsystem_arm.a.p/hw_arm_aspeed_ast10x0.c.obj
[1148/1209] Compiling C object libsystem_arm.a.p/hw_arm_aspeed_ast1700.c.obj
[1149/1209] Compiling C object libsystem_arm.a.p/hw_arm_aspeed_ast27x0_evb.c.obj
[1150/1209] Compiling C object libsystem_arm.a.p/hw_arm_aspeed_ast27x0-fc.c.obj
[1151/1209] Compiling C object libsystem_arm.a.p/hw_arm_aspeed_ast27x0-ssp.c.obj
[1152/1209] Compiling C object libsystem_arm.a.p/hw_arm_aspeed_ast27x0-tsp.c.obj
[1153/1209] Compiling C object libsystem_arm.a.p/hw_arm_aspeed_coprocessor_common.c.obj
[1154/1209] Compiling C object libsystem_arm.a.p/hw_arm_aspeed_ast27x0.c.obj
[1155/1209] Compiling C object libsystem_arm.a.p/hw_arm_mps2.c.obj
[1156/1209] Compiling C object libsystem_arm.a.p/hw_arm_msf2-soc.c.obj
[1157/1209] Compiling C object libsystem_arm.a.p/hw_arm_musca.c.obj
[1158/1209] Compiling C object libsystem_arm.a.p/hw_arm_mcimx7d-sabre.c.obj
[1159/1209] Compiling C object libsystem_arm.a.p/hw_arm_fsl-imx7.c.obj
[1160/1209] Compiling C object libsystem_arm.a.p/hw_arm_mps2-tz.c.obj
[1161/1209] Compiling C object libsystem_arm.a.p/hw_arm_armsse.c.obj
[1162/1209] Compiling C object libsystem_arm.a.p/hw_arm_fsl-imx8mp.c.obj
[1163/1209] Compiling C object libsystem_arm.a.p/hw_arm_imx8mp-evk.c.obj
[1164/1209] Compiling C object libsystem_arm.a.p/hw_arm_imx8mm-evk.c.obj
[1165/1209] Compiling C object libsystem_arm.a.p/hw_arm_fsl-imx8mm.c.obj
[1166/1209] Compiling C object libsystem_arm.a.p/hw_arm_mcimx6ul-evk.c.obj
[1167/1209] Compiling C object libsystem_arm.a.p/hw_arm_fsl-imx6ul.c.obj
[1168/1209] Compiling C object libsystem_arm.a.p/hw_arm_nrf51_soc.c.obj
[1169/1209] Compiling C object libsystem_arm.a.p/hw_arm_smmuv3.c.obj
[1170/1209] Compiling C object libsystem_arm.a.p/hw_arm_collie.c.obj
[1171/1209] Compiling C object libsystem_arm.a.p/hw_arm_exynos4_boards.c.obj
[1172/1209] Compiling C object libsystem_arm.a.p/hw_arm_netduino2.c.obj
[1173/1209] Compiling C object libsystem_arm.a.p/hw_arm_smmu-common.c.obj
[1174/1209] Compiling C object libsystem_arm.a.p/hw_arm_max78000fthr.c.obj
[1175/1209] Compiling C object libsystem_arm.a.p/hw_arm_bcm2838_peripherals.c.obj
[1176/1209] Compiling C object libsystem_arm.a.p/hw_arm_bcm2835_peripherals.c.obj
[1177/1209] Compiling C object libsystem_arm.a.p/hw_arm_omap_sx1.c.obj
[1178/1209] Compiling C object libsystem_arm.a.p/hw_arm_strongarm.c.obj
[1179/1209] Compiling C object libsystem_arm.a.p/hw_arm_versatilepb.c.obj
[1180/1209] Linking static target libstubs_arm.a
[1181/1209] Compiling C object libsystem_arm.a.p/hw_arm_vexpress.c.obj
[1182/1209] Compiling C object libsystem_arm.a.p/hw_arm_boot.c.obj
[1183/1209] Compiling C object libsystem_arm.a.p/hw_arm_xnu_patch.c.obj
[1184/1209] Compiling C object libsystem_arm.a.p/hw_arm_darwin.c.obj
[1185/1209] Compiling C object libsystem_arm.a.p/hw_arm_apple_dtree.c.obj
[1186/1209] Compiling C object libsystem_arm.a.p/hw_arm_xnuboot_sptm.c.obj
[1187/1209] Compiling C object libsystem_arm.a.p/hw_arm_apple_amcc.c.obj
[1188/1209] Compiling C object libsystem_arm.a.p/hw_arm_macho.c.obj
[1189/1209] Compiling C object libsystem_arm.a.p/hw_intc_arm_gicv3_cpuif_common.c.obj
[1190/1209] Compiling C object libsystem_arm.a.p/hw_arm_apple_regs.c.obj
[1191/1209] Compiling C object libqemu-aarch64-softmmu.a.p/configs_targets_aarch64-softmmu.c.obj
[1192/1209] Compiling C object libqemu-aarch64-softmmu.a.p/target_arm_cpu64.c.obj
[1193/1209] Compiling C object libqemu-aarch64-softmmu.a.p/target_arm_tcg_cpu32.c.obj
[1194/1209] Compiling C object libsystem_arm.a.p/hw_intc_armv7m_nvic.c.obj
[1195/1209] Compiling C object libsystem_arm.a.p/hw_intc_arm_gicv3_cpuif.c.obj
[1196/1209] Compiling C object libqemu-aarch64-softmmu.a.p/target_arm_tcg_translate-gxf.c.obj
[1197/1209] Compiling C object libqemu-aarch64-softmmu.a.p/target_arm_tcg_gengvec64.c.obj
[1198/1209] Compiling C object libqemu-aarch64-softmmu.a.p/target_arm_tcg_mte_helper.c.obj
[1199/1209] Compiling C object libqemu-aarch64-softmmu.a.p/target_arm_tcg_pauth_helper.c.obj
[1200/1209] Compiling C object libqemu-aarch64-softmmu.a.p/target_arm_tcg_helper-a64.c.obj
[1201/1209] Compiling C object qemu-system-aarch64.exe.p/system_main.c.obj
[1202/1209] Compiling C object libqemu-aarch64-softmmu.a.p/target_arm_tcg_fp8_helper.c.obj
[1203/1209] Compiling C object libqemu-aarch64-softmmu.a.p/target_arm_tcg_vec_helper64.c.obj
[1204/1209] Compiling C object libqemu-aarch64-softmmu.a.p/target_arm_tcg_translate-sme.c.obj
[1205/1209] Compiling C object libqemu-aarch64-softmmu.a.p/target_arm_tcg_sme_helper.c.obj
[1206/1209] Compiling C object libqemu-aarch64-softmmu.a.p/target_arm_tcg_translate-a64.c.obj
[1207/1209] Compiling C object libqemu-aarch64-softmmu.a.p/target_arm_tcg_translate-sve.c.obj
[1208/1209] Compiling C object libqemu-aarch64-softmmu.a.p/target_arm_tcg_sve_helper.c.obj
[1209/1209] Linking target qemu-system-aarch64.exe
EXIT: 0
