[1/10] Generating qemu-version.h with a custom command (wrapped by meson to capture output)
fatal: No names found, cannot describe anything.

[2/8] Compiling C object libsystem_arm.a.p/hw_arm_xnuboot_sptm.c.obj
FAILED: [code=1] libsystem_arm.a.p/hw_arm_xnuboot_sptm.c.obj 
"cc" "-m64" "-Ilibsystem_arm.a.p" "-I." "-I.." "-Itarget/arm" "-I../target/arm" "-Isubprojects/dtc/libfdt" "-I../subprojects/dtc/libfdt" "-Ihw/arm" "-Iqapi" "-Itrace" "-Iui" "-Iui/shader" "-IC:/devkitPro/msys2/mingw64/bin/../include/pixman-1" "-IC:/devkitPro/msys2/mingw64/bin/../include" "-IC:/devkitPro/msys2/mingw64/bin/../include/glib-2.0" "-IC:/devkitPro/msys2/mingw64/bin/../lib/glib-2.0/include" "-IC:/devkitPro/msys2/mingw64/bin/../include/ncursesw" "-fdiagnostics-color=auto" "-Wall" "-Winvalid-pch" "-Werror" "-std=gnu11" "-O2" "-g" "-mcx16" "-msse2" "-fno-link-libatomic" "-D_GNU_SOURCE" "-D_FILE_OFFSET_BITS=64" "-D_LARGEFILE_SOURCE" "-fno-strict-aliasing" "-fno-common" "-fwrapv" "-fno-pie" "-no-pie" "-ftrivial-auto-var-init=zero" "-fzero-init-padding-bits=all" "-fzero-call-used-regs=used-gpr" "-fstack-protector-strong" "-Wempty-body" "-Wendif-labels" "-Wexpansion-to-defined" "-Wformat-overflow=2" "-Wformat-security" "-Wformat-y2k" "-Wignored-qualifiers" "-Wimplicit-fallthrough=2" "-Winit-self" "-Wmissing-format-attribute" "-Wmissing-prototypes" "-Wnested-externs" "-Wold-style-declaration" "-Wold-style-definition" "-Wredundant-decls" "-Wshadow=local" "-Wstrict-prototypes" "-Wtype-limits" "-Wundef" "-Wvla" "-Wwrite-strings" "-Wno-missing-include-dirs" "-Wno-psabi" "-Wno-shift-negative-value" "-iquote" "." "-iquote" "C:/GoldenGate/darwin-vm/qemu-sptm" "-iquote" "C:/GoldenGate/darwin-vm/qemu-sptm/include" "-iquote" "C:/GoldenGate/darwin-vm/qemu-sptm/host/include/x86_64" "-iquote" "C:/GoldenGate/darwin-vm/qemu-sptm/host/include/generic" "-iquote" "C:/GoldenGate/darwin-vm/qemu-sptm/tcg/x86_64" "-DNCURSES_WIDECHAR" "-DNCURSES_WIDECHAR=1" "-DCPU_DEFS_H" "-DCOMPILING_SYSTEM_VS_USER" "-DCONFIG_SOFTMMU" -MD -MQ libsystem_arm.a.p/hw_arm_xnuboot_sptm.c.obj -MF "libsystem_arm.a.p/hw_arm_xnuboot_sptm.c.obj.d" -o libsystem_arm.a.p/hw_arm_xnuboot_sptm.c.obj "-c" ../hw/arm/xnuboot_sptm.c
In file included from C:/devkitPro/msys2/mingw64/lib/glib-2.0/include/glibconfig.h:9,
                 from C:/devkitPro/msys2/mingw64/include/glib-2.0/glib/gtypes.h:34,
                 from C:/devkitPro/msys2/mingw64/include/glib-2.0/glib/galloca.h:34,
                 from C:/devkitPro/msys2/mingw64/include/glib-2.0/glib.h:32,
                 from C:/GoldenGate/darwin-vm/qemu-sptm/include/glib-compat.h:32,
                 from C:/GoldenGate/darwin-vm/qemu-sptm/include/qemu/osdep.h:174,
                 from ../hw/arm/xnuboot_sptm.c:1:
../hw/arm/xnuboot_sptm.c: In function 'arm_load_xnu_sptm':
C:/GoldenGate/darwin-vm/qemu-sptm/include/qemu/bitops.h:24:38: error: left shift count >= width of type [-Werror=shift-count-overflow]
   24 | #define BIT(nr)                 (1UL << (nr))
      |                                      ^~
C:/devkitPro/msys2/mingw64/include/glib-2.0/glib/gmacros.h:1279:8: note: in definition of macro '_G_BOOLEAN_EXPR_IMPL'
 1279 |    if (expr)                                    \
      |        ^~~~
C:/devkitPro/msys2/mingw64/include/glib-2.0/glib/gmacros.h:1284:43: note: in expansion of macro '_G_BOOLEAN_EXPR'
 1284 | #define G_LIKELY(expr) (__builtin_expect (_G_BOOLEAN_EXPR(expr), 1))
      |                                           ^~~~~~~~~~~~~~~
C:/devkitPro/msys2/mingw64/include/glib-2.0/glib/gtestutils.h:276:49: note: in expansion of macro 'G_LIKELY'
  276 |                                              if G_LIKELY (expr) ; else \
      |                                                 ^~~~~~~~
C:/GoldenGate/darwin-vm/qemu-sptm/include/qemu/osdep.h:263:20: note: in expansion of macro 'g_assert'
  263 | #define assert(x)  g_assert(x)
      |                    ^~~~~~~~
../hw/arm/xnuboot_sptm.c:177:5: note: in expansion of macro 'assert'
  177 |     assert(GET_L2_PT_INDEX(bkc_mi.virtlo) > bytes_before_sptm);
      |     ^~~~~~
../hw/arm/xnuboot_sptm.c:32:47: note: in expansion of macro 'BIT'
   32 | #define GET_L2_PT_INDEX(a)      (( ((a)) & ( (BIT(36)-1)) ))
      |                                               ^~~
../hw/arm/xnuboot_sptm.c:177:12: note: in expansion of macro 'GET_L2_PT_INDEX'
  177 |     assert(GET_L2_PT_INDEX(bkc_mi.virtlo) > bytes_before_sptm);
      |            ^~~~~~~~~~~~~~~
C:/GoldenGate/darwin-vm/qemu-sptm/include/qemu/bitops.h:24:38: error: left shift count >= width of type [-Werror=shift-count-overflow]
   24 | #define BIT(nr)                 (1UL << (nr))
      |                                      ^~
../hw/arm/xnuboot_sptm.c:135:18: note: in definition of macro 'SKIP'
  135 |     blob_head += n; \
      |                  ^
../hw/arm/xnuboot_sptm.c:32:47: note: in expansion of macro 'BIT'
   32 | #define GET_L2_PT_INDEX(a)      (( ((a)) & ( (BIT(36)-1)) ))
      |                                               ^~~
../hw/arm/xnuboot_sptm.c:178:10: note: in expansion of macro 'GET_L2_PT_INDEX'
  178 |     SKIP(GET_L2_PT_INDEX(bkc_mi.virtlo) - bytes_before_sptm);
      |          ^~~~~~~~~~~~~~~
C:/GoldenGate/darwin-vm/qemu-sptm/include/qemu/bitops.h:24:38: error: left shift count >= width of type [-Werror=shift-count-overflow]
   24 | #define BIT(nr)                 (1UL << (nr))
      |                                      ^~
C:/devkitPro/msys2/mingw64/include/glib-2.0/glib/gmacros.h:1279:8: note: in definition of macro '_G_BOOLEAN_EXPR_IMPL'
 1279 |    if (expr)                                    \
      |        ^~~~
C:/devkitPro/msys2/mingw64/include/glib-2.0/glib/gmacros.h:1284:43: note: in expansion of macro '_G_BOOLEAN_EXPR'
 1284 | #define G_LIKELY(expr) (__builtin_expect (_G_BOOLEAN_EXPR(expr), 1))
      |                                           ^~~~~~~~~~~~~~~
C:/devkitPro/msys2/mingw64/include/glib-2.0/glib/gtestutils.h:276:49: note: in expansion of macro 'G_LIKELY'
  276 |                                              if G_LIKELY (expr) ; else \
      |                                                 ^~~~~~~~
C:/GoldenGate/darwin-vm/qemu-sptm/include/qemu/osdep.h:263:20: note: in expansion of macro 'g_assert'
  263 | #define assert(x)  g_assert(x)
      |                    ^~~~~~~~
../hw/arm/xnuboot_sptm.c:362:5: note: in expansion of macro 'assert'
  362 |     assert(1 * SPTM_EXPECTED_STRIDE == GET_L2_PT_INDEX(sptm_mi.virtlo - txm_mi.virtlo));
      |     ^~~~~~
../hw/arm/xnuboot_sptm.c:32:47: note: in expansion of macro 'BIT'
   32 | #define GET_L2_PT_INDEX(a)      (( ((a)) & ( (BIT(36)-1)) ))
      |                                               ^~~
../hw/arm/xnuboot_sptm.c:362:40: note: in expansion of macro 'GET_L2_PT_INDEX'
  362 |     assert(1 * SPTM_EXPECTED_STRIDE == GET_L2_PT_INDEX(sptm_mi.virtlo - txm_mi.virtlo));
      |                                        ^~~~~~~~~~~~~~~
C:/GoldenGate/darwin-vm/qemu-sptm/include/qemu/bitops.h:24:38: error: left shift count >= width of type [-Werror=shift-count-overflow]
   24 | #define BIT(nr)                 (1UL << (nr))
      |                                      ^~
C:/devkitPro/msys2/mingw64/include/glib-2.0/glib/gmacros.h:1279:8: note: in definition of macro '_G_BOOLEAN_EXPR_IMPL'
 1279 |    if (expr)                                    \
      |        ^~~~
C:/devkitPro/msys2/mingw64/include/glib-2.0/glib/gmacros.h:1284:43: note: in expansion of macro '_G_BOOLEAN_EXPR'
 1284 | #define G_LIKELY(expr) (__builtin_expect (_G_BOOLEAN_EXPR(expr), 1))
      |                                           ^~~~~~~~~~~~~~~
C:/devkitPro/msys2/mingw64/include/glib-2.0/glib/gtestutils.h:276:49: note: in expansion of macro 'G_LIKELY'
  276 |                                              if G_LIKELY (expr) ; else \
      |                                                 ^~~~~~~~
C:/GoldenGate/darwin-vm/qemu-sptm/include/qemu/osdep.h:263:20: note: in expansion of macro 'g_assert'
  263 | #define assert(x)  g_assert(x)
      |                    ^~~~~~~~
../hw/arm/xnuboot_sptm.c:363:5: note: in expansion of macro 'assert'
  363 |     assert(2 * SPTM_EXPECTED_STRIDE == GET_L2_PT_INDEX(sptm_mi.virtlo - bkc_mi.virtlo));
      |     ^~~~~~
../hw/arm/xnuboot_sptm.c:32:47: note: in expansion of macro 'BIT'
   32 | #define GET_L2_PT_INDEX(a)      (( ((a)) & ( (BIT(36)-1)) ))
      |                                               ^~~
../hw/arm/xnuboot_sptm.c:363:40: note: in expansion of macro 'GET_L2_PT_INDEX'
  363 |     assert(2 * SPTM_EXPECTED_STRIDE == GET_L2_PT_INDEX(sptm_mi.virtlo - bkc_mi.virtlo));
      |                                        ^~~~~~~~~~~~~~~
In file included from C:/GoldenGate/darwin-vm/qemu-sptm/include/qemu/range.h:23,
                 from C:/GoldenGate/darwin-vm/qemu-sptm/include/system/memory.h:25,
                 from C:/GoldenGate/darwin-vm/qemu-sptm/include/hw/core/boards.h:6,
                 from C:/GoldenGate/darwin-vm/qemu-sptm/include/hw/arm/machines-qom.h:12,
                 from ../hw/arm/xnuboot_sptm.c:3:
C:/GoldenGate/darwin-vm/qemu-sptm/include/qemu/bitops.h:24:38: error: left shift count >= width of type [-Werror=shift-count-overflow]
   24 | #define BIT(nr)                 (1UL << (nr))
      |                                      ^~
../hw/arm/xnuboot_sptm.c:33:47: note: in expansion of macro 'BIT'
   33 | #define STRIP_L2_PT_INDEX(a)    (( ((a)) & (~(BIT(36)-1)) ))
      |                                               ^~~
../hw/arm/xnuboot_sptm.c:372:21: note: in expansion of macro 'STRIP_L2_PT_INDEX'
  372 |     args.virtBase = STRIP_L2_PT_INDEX(bkc_mi.virtlo);
      |                     ^~~~~~~~~~~~~~~~~
../hw/arm/xnuboot_sptm.c: In function 'arm_load_xnu_nosptm':
C:/GoldenGate/darwin-vm/qemu-sptm/include/qemu/bitops.h:24:38: error: left shift count >= width of type [-Werror=shift-count-overflow]
   24 | #define BIT(nr)                 (1UL << (nr))
      |                                      ^~
C:/GoldenGate/darwin-vm/qemu-sptm/include/xnu/boot/xnuboot.h:23:49: note: in expansion of macro 'BIT'
   23 | #define XNU_STRIP_VMA(x)           (( ((x)) & ((BIT(35)-1)) ))
      |                                                 ^~~
../hw/arm/xnuboot_sptm.c:455:46: note: in expansion of macro 'XNU_STRIP_VMA'
  455 |     hwaddr xnu_load_phys = info->dram_base + XNU_STRIP_VMA(bkc_mi.virtlo);
      |                                              ^~~~~~~~~~~~~
C:/GoldenGate/darwin-vm/qemu-sptm/include/qemu/bitops.h:24:38: error: left shift count >= width of type [-Werror=shift-count-overflow]
   24 | #define BIT(nr)                 (1UL << (nr))
      |                                      ^~
C:/GoldenGate/darwin-vm/qemu-sptm/include/xnu/boot/xnuboot.h:23:49: note: in expansion of macro 'BIT'
   23 | #define XNU_STRIP_VMA(x)           (( ((x)) & ((BIT(35)-1)) ))
      |                                                 ^~~
../hw/arm/xnuboot_sptm.c:456:48: note: in expansion of macro 'XNU_STRIP_VMA'
  456 |     hwaddr args_base_phys  = info->dram_base + XNU_STRIP_VMA(bkc_mi.virthi);
      |                                                ^~~~~~~~~~~~~
C:/GoldenGate/darwin-vm/qemu-sptm/include/qemu/bitops.h:24:38: error: left shift count >= width of type [-Werror=shift-count-overflow]
   24 | #define BIT(nr)                 (1UL << (nr))
      |                                      ^~
../hw/arm/xnuboot_sptm.c:33:47: note: in expansion of macro 'BIT'
   33 | #define STRIP_L2_PT_INDEX(a)    (( ((a)) & (~(BIT(36)-1)) ))
      |                                               ^~~
../hw/arm/xnuboot_sptm.c:481:21: note: in expansion of macro 'STRIP_L2_PT_INDEX'
  481 |     args.virtBase = STRIP_L2_PT_INDEX(bkc_mi.virtlo);
      |                     ^~~~~~~~~~~~~~~~~
cc1.exe: all warnings being treated as errors
[3/8] Compiling C object qemu-system-aarch64.exe.p/system_main.c.obj
[4/8] Compiling C object libqemu-aarch64-softmmu.a.p/target_arm_tcg_fp8_helper.c.obj
[5/8] Compiling C object libqemu-aarch64-softmmu.a.p/target_arm_tcg_vec_helper64.c.obj
[6/8] Compiling C object libqemu-aarch64-softmmu.a.p/target_arm_tcg_translate-a64.c.obj
[7/8] Compiling C object libqemu-aarch64-softmmu.a.p/target_arm_tcg_sve_helper.c.obj
ninja: build stopped: subcommand failed.
EXIT: 1
