[0/1] Regenerating build files
Cleaning... 0 files.
The Meson build system
Version: 1.12.0
Source dir: C:/GoldenGate/darwin-vm/qemu-sptm
Build dir: C:/GoldenGate/darwin-vm/qemu-sptm/build
Build type: native build
Project name: qemu
Project version: 11.1.0
C compiler for the host machine: cc -m64 (gcc 16.2.0 "cc (Rev3, Built by MSYS2 project) 16.2.0")
C linker for the host machine: cc -m64 ld.bfd 2.47.20260726
Host machine cpu family: x86_64
Host machine cpu: x86_64
Program scripts/symlink-install-tree.py found: YES (C:/GoldenGate/darwin-vm/qemu-sptm/build/pyvenv/bin/python.exe C:/GoldenGate/darwin-vm/qemu-sptm/scripts/symlink-install-tree.py)
Program sh found: YES (C:\Program Files\Git\usr\bin/sh.exe)
Program python3 found: YES (C:/GoldenGate/darwin-vm/qemu-sptm/build/pyvenv/bin/python.exe)
C++ compiler for the host machine: c++ -m64 (gcc 16.2.0 "c++ (Rev3, Built by MSYS2 project) 16.2.0")
C++ linker for the host machine: c++ -m64 ld.bfd 2.47.20260726
Compiler for language rust skipped: feature rust disabled
Program iasl found: NO
Program bzip2 found: YES (C:\devkitPro\msys2\mingw64\bin/bzip2.exe)
Checking for size of "void *" : 8 (cached)
Compiler for C supports arguments -fno-link-libatomic: YES (cached)
Compiler for C supports arguments -fno-pie: YES (cached)
Compiler for C supports arguments -no-pie: YES (cached)
Compiler for C supports link arguments -Wl,-z,relro: NO (cached)
Compiler for C supports link arguments -Wl,-z,now: NO (cached)
Compiler for C supports link arguments -Wl,--no-seh: YES (cached)
Compiler for C supports link arguments -Wl,--nxcompat: YES (cached)
Compiler for C supports link arguments -Wl,--dynamicbase: YES (cached)
Compiler for C supports link arguments -Wl,--high-entropy-va: YES (cached)
Checking if "-fzero-call-used-regs=used-gpr" compiles: YES (cached)
Compiler for C supports arguments -mcx16: YES (cached)
Compiler for C supports arguments -msse2: YES (cached)
Compiler for C supports arguments -fno-link-libatomic: YES (cached)
Compiler for C supports arguments -D_GNU_SOURCE: YES (cached)
Compiler for C supports arguments -D_FILE_OFFSET_BITS=64: YES (cached)
Compiler for C supports arguments -D_LARGEFILE_SOURCE: YES (cached)
Compiler for C supports arguments -fno-strict-aliasing: YES (cached)
Compiler for C supports arguments -fno-common: YES (cached)
Compiler for C supports arguments -fwrapv: YES (cached)
Compiler for C supports arguments -fno-pie: YES (cached)
Compiler for C supports arguments -no-pie: YES (cached)
Compiler for C supports arguments -ftrivial-auto-var-init=zero: YES (cached)
Compiler for C supports arguments -fzero-init-padding-bits=all: YES (cached)
Compiler for C supports arguments -fzero-call-used-regs=used-gpr: YES (cached)
Compiler for C supports arguments -fstack-protector-strong: YES (cached)
Compiler for C supports arguments -Wempty-body: YES (cached)
Compiler for C supports arguments -Wendif-labels: YES (cached)
Compiler for C supports arguments -Wexpansion-to-defined: YES (cached)
Compiler for C supports arguments -Wformat-overflow=2: YES (cached)
Compiler for C supports arguments -Wformat-security: YES (cached)
Compiler for C supports arguments -Wformat-y2k: YES (cached)
Compiler for C supports arguments -Wignored-qualifiers: YES (cached)
Compiler for C supports arguments -Wimplicit-fallthrough=2: YES (cached)
Compiler for C supports arguments -Winit-self: YES (cached)
Compiler for C supports arguments -Wmissing-format-attribute: YES (cached)
Compiler for C supports arguments -Wmissing-prototypes: YES (cached)
Compiler for C supports arguments -Wnested-externs: YES (cached)
Compiler for C supports arguments -Wold-style-declaration: YES (cached)
Compiler for C supports arguments -Wold-style-definition: YES (cached)
Compiler for C supports arguments -Wredundant-decls: YES (cached)
Compiler for C supports arguments -Wshadow=local: YES (cached)
Compiler for C supports arguments -Wstrict-prototypes: YES (cached)
Compiler for C supports arguments -Wtype-limits: YES (cached)
Compiler for C supports arguments -Wundef: YES (cached)
Compiler for C supports arguments -Wvla: YES (cached)
Compiler for C supports arguments -Wwrite-strings: YES (cached)
Compiler for C supports arguments -Wno-gnu-variable-sized-type-not-at-end: NO (cached)
Compiler for C supports arguments -Wno-initializer-overrides: NO (cached)
Compiler for C supports arguments -Wno-missing-include-dirs: YES (cached)
Compiler for C supports arguments -Wno-psabi: YES (cached)
Compiler for C supports arguments -Wno-shift-negative-value: YES (cached)
Compiler for C supports arguments -Wno-string-plus-int: NO (cached)
Compiler for C supports arguments -Wno-tautological-type-limit-compare: NO (cached)
Compiler for C supports arguments -Wno-typedef-redefinition: NO (cached)
Compiler for C++ supports arguments -mcx16: YES (cached)
Compiler for C++ supports arguments -msse2: YES (cached)
Compiler for C++ supports arguments -fno-link-libatomic: YES (cached)
Compiler for C++ supports arguments -D_GNU_SOURCE: YES (cached)
Compiler for C++ supports arguments -D_FILE_OFFSET_BITS=64: YES (cached)
Compiler for C++ supports arguments -D_LARGEFILE_SOURCE: YES (cached)
Compiler for C++ supports arguments -fno-strict-aliasing: YES (cached)
Compiler for C++ supports arguments -fno-common: YES (cached)
Compiler for C++ supports arguments -fwrapv: YES (cached)
Compiler for C++ supports arguments -fno-pie: YES (cached)
Compiler for C++ supports arguments -no-pie: YES (cached)
Compiler for C++ supports arguments -ftrivial-auto-var-init=zero: YES (cached)
Compiler for C++ supports arguments -fzero-init-padding-bits=all: YES (cached)
Compiler for C++ supports arguments -fzero-call-used-regs=used-gpr: YES (cached)
Compiler for C++ supports arguments -D__STDC_LIMIT_MACROS: YES (cached)
Compiler for C++ supports arguments -D__STDC_CONSTANT_MACROS: YES (cached)
Compiler for C++ supports arguments -D__STDC_FORMAT_MACROS: YES (cached)
Compiler for C++ supports arguments -fstack-protector-strong: YES (cached)
Compiler for C++ supports arguments -Wempty-body: YES (cached)
Compiler for C++ supports arguments -Wendif-labels: YES (cached)
Compiler for C++ supports arguments -Wexpansion-to-defined: YES (cached)
Compiler for C++ supports arguments -Wformat-overflow=2: YES (cached)
Compiler for C++ supports arguments -Wformat-security: YES (cached)
Compiler for C++ supports arguments -Wformat-y2k: YES (cached)
Compiler for C++ supports arguments -Wignored-qualifiers: YES (cached)
Compiler for C++ supports arguments -Wimplicit-fallthrough=2: YES (cached)
Compiler for C++ supports arguments -Winit-self: YES (cached)
Compiler for C++ supports arguments -Wmissing-format-attribute: YES (cached)
Compiler for C++ supports arguments -Wmissing-prototypes: NO (cached)
Compiler for C++ supports arguments -Wnested-externs: NO (cached)
Compiler for C++ supports arguments -Wold-style-declaration: NO (cached)
Compiler for C++ supports arguments -Wold-style-definition: NO (cached)
Compiler for C++ supports arguments -Wredundant-decls: YES (cached)
Compiler for C++ supports arguments -Wshadow=local: YES (cached)
Compiler for C++ supports arguments -Wstrict-prototypes: NO (cached)
Compiler for C++ supports arguments -Wtype-limits: YES (cached)
Compiler for C++ supports arguments -Wundef: YES (cached)
Compiler for C++ supports arguments -Wvla: YES (cached)
Compiler for C++ supports arguments -Wwrite-strings: YES (cached)
Compiler for C++ supports arguments -Wno-gnu-variable-sized-type-not-at-end: NO (cached)
Compiler for C++ supports arguments -Wno-initializer-overrides: NO (cached)
Compiler for C++ supports arguments -Wno-missing-include-dirs: YES (cached)
Compiler for C++ supports arguments -Wno-psabi: YES (cached)
Compiler for C++ supports arguments -Wno-shift-negative-value: YES (cached)
Compiler for C++ supports arguments -Wno-string-plus-int: NO (cached)
Compiler for C++ supports arguments -Wno-tautological-type-limit-compare: NO (cached)
Compiler for C++ supports arguments -Wno-typedef-redefinition: NO (cached)
Program cgcc found: NO
Library m found: YES
Dependency threads for host machine found: YES unknown (cached)
Library util found: NO
Program midl found: NO
Program widl found: YES
Library pathcch found: YES
Library synchronization found: YES
Library ws2_32 found: YES
Library winmm found: YES
Windows resource compiler: GNU windres (GNU Binutils) 2.47.20260726
Has header "winhvplatform.h" : YES (cached)
Run-time dependency appleframeworks found: NO  (tried framework)
Found pkg-config: YES (C:\devkitPro\msys2\mingw64\bin/pkg-config.exe) 3.0.7
Run-time dependency xencontrol found: NO  (tried pkg-config)
Library xenstore found: NO
Library xenctrl found: NO
Library xendevicemodel found: NO
Library xenforeignmemory found: NO
Library xengnttab found: NO
Library xenevtchn found: NO
Library xentoolcore found: NO
Dependency glib-2.0 for host machine found: YES 2.90.0 (cached)
Dependency gmodule-no-export-2.0 for host machine found: YES 2.90.0 (cached)
Dependency gio-2.0 for host machine found: YES 2.90.0 (cached)
Program gdbus-codegen found: YES (C:\devkitPro\msys2\mingw64\bin/gdbus-codegen.exe)
Run-time dependency gio-unix-2.0 found: NO  (tried pkg-config)
Program scripts/xml-preprocess.py found: YES (C:/GoldenGate/darwin-vm/qemu-sptm/build/pyvenv/bin/python.exe C:/GoldenGate/darwin-vm/qemu-sptm/scripts/xml-preprocess.py)
Dependency pixman-1 for host machine found: YES 0.46.4 (cached)
Dependency zlib for host machine found: YES 1.3.2 (cached)
Has header "libaio.h" : NO (cached)
Run-time dependency liburing found: NO  (tried pkg-config)
Run-time dependency libnfs found: NO  (tried pkg-config)
Has header "attr/xattr.h" : NO (cached)
Run-time dependency appleframeworks found: NO  (tried framework)
Run-time dependency appleframeworks found: NO  (tried framework)
Run-time dependency libseccomp found: NO  (tried pkg-config)
Has header "cap-ng.h" : NO (cached)
Run-time dependency xkbcommon found: NO  (tried pkg-config)
Run-time dependency slirp found: NO  (tried pkg-config)
Has header "libvdeplug.h" : NO (cached)
Run-time dependency jack found: NO  (tried pkg-config)
Run-time dependency sndio found: NO  (tried pkg-config)
Run-time dependency spice-protocol found: NO  (tried pkg-config)
Run-time dependency spice-server found: NO  (tried pkg-config)
Run-time dependency libiscsi found: NO  (tried pkg-config)
Dependency libzstd for host machine found: YES 1.5.7 (cached)
Run-time dependency qpl found: NO  (tried pkg-config)
Run-time dependency libwd found: NO  (tried pkg-config)
Run-time dependency libwd_comp found: NO  (tried pkg-config)
Run-time dependency qatzip found: NO  (tried pkg-config)
Run-time dependency virglrenderer found: NO  (tried pkg-config)
Run-time dependency rutabaga_gfx_ffi found: NO  (tried pkg-config)
Run-time dependency blkio found: NO  (tried pkg-config)
Run-time dependency libcurl found: NO  (tried pkg-config)
Run-time dependency igvm found: NO  (tried pkg-config)
Dependency ncurses for host machine found: YES 6.6.20251230 (cached)
Has header "brlapi.h" : NO (cached)
sdl2-config found: NO
Found CMake: C:\devkitPro\msys2\usr\bin/cmake.exe (4.0.2)
WARNING: CMake Toolchain: Failed to determine CMake compilers state
Run-time dependency sdl2 found: NO  (tried pkg-config and config-tool)
Library rados found: NO
Has header "rbd/librbd.h" : NO (cached)
Run-time dependency libssh found: NO  (tried pkg-config)
Has header "bzlib.h" : YES (cached)
Library bz2 found: YES
Has header "lzfse.h" : NO (cached)
Has header "sys/soundcard.h" : NO (cached)
Has header "dsound.h" : YES (cached)
Run-time dependency epoxy found: NO  (tried pkg-config)
Has header "epoxy/egl.h" with dependency epoxy: NO (cached)
WARNING: CMake Toolchain: Failed to determine CMake compilers state
Run-time dependency libcbor found: NO  (tried pkg-config)
Run-time dependency gnutls found: NO  (tried pkg-config)
libgcrypt-config found: NO need ['>=1.9.4']
Run-time dependency libgcrypt found: NO  (tried pkg-config and config-tool)
Run-time dependency nettle found: NO  (tried pkg-config)
Run-time dependency capstone found: NO  (tried pkg-config)
Dependency gmp for host machine found: YES 6.3.0 (cached)
Run-time dependency gtk+-3.0 found: NO  (tried pkg-config)
Run-time dependency x11 found: NO  (tried pkg-config)
Run-time dependency libpng found: NO  (tried pkg-config)
Run-time dependency libjpeg found: NO  (tried pkg-config)
Has header "sasl/sasl.h" : NO (cached)
Has header "security/pam_appl.h" : NO (cached)
Has header "snappy-c.h" : NO (cached)
Has header "lzo/lzo1x.h" : NO (cached)
Has header "numa.h" : NO (cached)
Library fdt found: NO

Executing subproject dtc for machine: host 

dtc| Project name: dtc
dtc| Project version: 1.6.0
dtc| C compiler for the host machine: cc -m64 (gcc 16.2.0 "cc (Rev3, Built by MSYS2 project) 16.2.0")
dtc| C linker for the host machine: cc -m64 ld.bfd 2.47.20260726
dtc| Compiler for C supports arguments -Wpointer-arith: YES (cached)
dtc| Compiler for C supports arguments -Wcast-qual: YES (cached)
dtc| Compiler for C supports arguments -Wnested-externs: YES (cached)
dtc| Compiler for C supports arguments -Wstrict-prototypes: YES (cached)
dtc| Compiler for C supports arguments -Wmissing-prototypes: YES (cached)
dtc| Compiler for C supports arguments -Wredundant-decls: YES (cached)
dtc| Compiler for C supports arguments -Wshadow: YES (cached)
dtc| Dependency yaml-0.1 for host machine skipped: feature yaml disabled
dtc| Run-time dependency valgrind found: NO  (tried pkg-config)
dtc| Program python found: NO (disabled by: python )
dtc| Program swig skipped: feature python disabled
dtc| Found git repository at C:/GoldenGate/darwin-vm/qemu-sptm/subprojects/dtc
dtc| Compiler for C supports link arguments -Wl,--version-script=C:/GoldenGate/darwin-vm/qemu-sptm/subprojects/dtc/libfdt/version.lds: YES (cached)
dtc| Found pkg-config: YES (C:\devkitPro\msys2\mingw64\bin/pkg-config.exe) 3.0.7
dtc| Build targets in project: 3
dtc| Subproject dtc finished.

Has header "rdma/rdma_cma.h" : NO (cached)
Library ibverbs found: NO
Run-time dependency libcacard found: NO  (tried pkg-config)
Run-time dependency u2f-emu found: NO  (tried pkg-config)
Run-time dependency canokey-qemu found: NO  (tried pkg-config)
Run-time dependency libusbredirparser-0.5 found: NO  (tried pkg-config)
Run-time dependency libusb-1.0 found: NO  (tried pkg-config)
Run-time dependency libpmem found: NO  (tried pkg-config)
Run-time dependency libdaxctl found: NO  (tried pkg-config)
Run-time dependency libkeyutils found: NO  (tried pkg-config)
Checking for function "gettid" : NO (cached)
Run-time dependency libselinux found: NO  (tried pkg-config)
Checking for function "malloc_trim" : NO (cached)
Run-time dependency fuse3 found: NO  (tried pkg-config)
Run-time dependency libbpf found: NO  (tried pkg-config)
Run-time dependency libdw found: NO  (tried pkg-config)
Has header "linux/magic.h" : NO (cached)
Has header "valgrind/valgrind.h" : NO (cached)
Has header "linux/btrfs.h" : NO (cached)
Has header "libdrm/drm.h" : NO (cached)
Has header "linux/openat2.h" : NO (cached)
Has header "pty.h" : NO (cached)
Has header "sys/disk.h" : NO (cached)
Has header "sys/ioccom.h" : NO (cached)
Has header "sys/kcov.h" : NO (cached)
Has header "afunix.h" : YES (cached)
Checking for function "close_range" : NO (cached)
Checking for function "accept4" : NO (cached)
Checking for function "clock_adjtime" : NO (cached)
Checking for function "dup3" : NO (cached)
Checking for function "fallocate" : NO (cached)
Checking for function "posix_fallocate" : NO (cached)
Checking for function "sched_getcpu" : NO (cached)
Checking for function "posix_memalign" : NO (cached)
Checking for function "_aligned_malloc" : YES (cached)
Checking for function "valloc" : NO (cached)
Checking for function "memalign" : NO (cached)
Checking for function "ppoll" : NO (cached)
Checking for function "preadv" : NO (cached)
Checking for function "pthread_fchdir_np" : NO (cached)
Checking for function "sendfile" : NO (cached)
Checking for function "setns" : NO (cached)
Checking for function "syncfs" : NO (cached)
Checking for function "sync_file_range" : NO (cached)
Checking for function "timerfd_create" : NO (cached)
Checking for function "getloadavg" : NO (cached)
Checking for function "htonll" : NO (cached)
Checking for function "copy_file_range" : NO (cached)
Checking for function "getifaddrs" : NO (cached)
Checking for function "openpty" with dependency -lutil: NO (cached)
Checking for function "strchrnul" : NO (cached)
Checking for function "system" : YES (cached)
Header "sys/inotify.h" has symbol "inotify_init1" : NO (cached)
Header "linux/blkzoned.h" has symbol "BLKOPENZONE" : NO (cached)
Header "linux/falloc.h" has symbol "FALLOC_FL_PUNCH_HOLE" : NO (cached)
Header "linux/falloc.h" has symbol "FALLOC_FL_ZERO_RANGE" : NO (cached)
Has header "linux/fiemap.h" : NO (cached)
Header "sched.h" has symbol "getcpu" : NO (cached)
Checking for function "getrandom" : NO (cached)
Header "sys/prctl.h" has symbol "PR_SET_TIMERSLACK" : NO (cached)
Header "linux/rtnetlink.h" has symbol "IFLA_PROTO_DOWN" : NO (cached)
Header "sys/sysmacros.h" has symbol "makedev" : NO (cached)
Header "getopt.h" has symbol "optreset" : NO (cached)
Header "netinet/in.h" has symbol "IPPROTO_MPTCP" : NO (cached)
Header "netinet/tcp.h" has symbol "TCP_KEEPCNT" : NO (cached)
Checking if "Win32 TCP_KEEPCNT" compiles: YES (cached)
Header "netinet/tcp.h" has symbol "TCP_KEEPIDLE" : NO (cached)
Header "netinet/tcp.h" has symbol "TCP_KEEPALIVE" : NO (cached)
Checking if "Win32 TCP_KEEPIDLE" compiles: YES (cached)
Header "netinet/tcp.h" has symbol "TCP_KEEPINTVL" : NO (cached)
Checking if "Win32 TCP_KEEPINTVL" compiles: YES (cached)
Checking whether type "struct sigevent" has member "sigev_notify_thread_id" : NO (cached)
Checking whether type "struct stat" has member "st_atim" : NO (cached)
Checking whether type "struct blk_zone" has member "capacity" : NO (cached)
Checking for type "struct iovec" : NO (cached)
Checking for type "struct utmpx" : NO (cached)
Checking for type "struct mmsghdr" : NO (cached)
Header "asm/hwprobe.h" has symbol "RISCV_HWPROBE_EXT_ZBA" : NO (cached)
Header "linux/vm_sockets.h" has symbol "AF_VSOCK" : NO (cached)
Has header "vscoordint.h" : NO (cached)
Checking if "_lock_file and _unlock_file" links: YES (cached)
Checking if "mingw setjmp and longjmp" links: NO (cached)
Program scripts/minikconf.py found: YES (C:/GoldenGate/darwin-vm/qemu-sptm/build/pyvenv/bin/python.exe C:/GoldenGate/darwin-vm/qemu-sptm/scripts/minikconf.py)
Configuring aarch64-softmmu-config-target.h using configuration
Configuring aarch64-softmmu-config-devices.mak with command
Reading depfile: C:/GoldenGate/darwin-vm/qemu-sptm/build/meson-private/aarch64-softmmu-config-devices.mak.d
Configuring aarch64-softmmu-config-devices.h using configuration
Program scripts/make-config-poison.sh found: YES (sh C:/GoldenGate/darwin-vm/qemu-sptm/scripts/make-config-poison.sh)
Configuring config-host.h using configuration
Configuring run using configuration
Program scripts/hxtool found: YES (sh C:/GoldenGate/darwin-vm/qemu-sptm/scripts/hxtool)
Program scripts/shaderinclude.py found: YES (C:/GoldenGate/darwin-vm/qemu-sptm/build/pyvenv/bin/python.exe C:/GoldenGate/darwin-vm/qemu-sptm/scripts/shaderinclude.py)
Program scripts/qapi-gen.py found: YES (C:/GoldenGate/darwin-vm/qemu-sptm/build/pyvenv/bin/python.exe C:/GoldenGate/darwin-vm/qemu-sptm/scripts/qapi-gen.py)
Program scripts/qemu-version.sh found: YES (sh C:/GoldenGate/darwin-vm/qemu-sptm/scripts/qemu-version.sh)

Executing subproject keycodemapdb for machine: host 

keycodemapdb| Project name: keycodemapdb
keycodemapdb| Project version: undefined
keycodemapdb| Program tools/keymap-gen found: YES (C:/GoldenGate/darwin-vm/qemu-sptm/build/pyvenv/bin/python.exe C:/GoldenGate/darwin-vm/qemu-sptm/subprojects/keycodemapdb/tools/keymap-gen)
keycodemapdb| Build targets in project: 449
keycodemapdb| Subproject keycodemapdb finished.

Configuring qemu-plugin.symbols with command
Configuring qemu_plugin_api.def with command
Program dlltool found: YES
Configuring libqemu_plugin_api.a with command
WARNING: Build target win32_qemu_plugin_api has no sources. This was never supposed to be allowed but did because of a bug, support will be removed in a future release of Meson
Program ../../scripts/darwin/dumpregs.py found: YES (C:/GoldenGate/darwin-vm/qemu-sptm/build/pyvenv/bin/python.exe C:/GoldenGate/darwin-vm/qemu-sptm/hw/arm/../../scripts/darwin/dumpregs.py)
Program scripts/decodetree.py found: YES (C:/GoldenGate/darwin-vm/qemu-sptm/build/pyvenv/bin/python.exe C:/GoldenGate/darwin-vm/qemu-sptm/scripts/decodetree.py)
Program ../scripts/feature_to_c.py found: YES (C:/GoldenGate/darwin-vm/qemu-sptm/build/pyvenv/bin/python.exe C:/GoldenGate/darwin-vm/qemu-sptm/gdbstub/../scripts/feature_to_c.py)
Program ../scripts/modules/module_block.py found: YES (C:/GoldenGate/darwin-vm/qemu-sptm/build/pyvenv/bin/python.exe C:/GoldenGate/darwin-vm/qemu-sptm/block/../scripts/modules/module_block.py)
Program ../scripts/block-coroutine-wrapper.py found: YES (C:/GoldenGate/darwin-vm/qemu-sptm/build/pyvenv/bin/python.exe C:/GoldenGate/darwin-vm/qemu-sptm/block/../scripts/block-coroutine-wrapper.py)
Program scripts/modinfo-collect.py found: YES (C:/GoldenGate/darwin-vm/qemu-sptm/build/pyvenv/bin/python.exe C:/GoldenGate/darwin-vm/qemu-sptm/scripts/modinfo-collect.py)
Program scripts/modinfo-generate.py found: YES (C:/GoldenGate/darwin-vm/qemu-sptm/build/pyvenv/bin/python.exe C:/GoldenGate/darwin-vm/qemu-sptm/scripts/modinfo-generate.py)
Program scripts/rust/rust_root_crate.sh found: YES (sh C:/GoldenGate/darwin-vm/qemu-sptm/scripts/rust/rust_root_crate.sh)
Compiler for C supports link arguments -fstack-protector-all: YES (cached)
Compiler for C supports link arguments -fstack-protector-strong: YES (cached)
Compiler for C supports link arguments -Wl,--add-stdcall-alias: YES (cached)
Compiler for C supports link arguments -Wl,--enable-stdcall-fixup: YES (cached)
Library ole32 found: YES
Library oleaut32 found: YES
Library shlwapi found: YES
Library uuid found: YES
Program windmc found: YES
Program wixl found: NO
Configuring 50-edk2-i386-secure.json using configuration
Configuring 50-edk2-x86_64-secure.json using configuration
Configuring 60-edk2-aarch64.json using configuration
Configuring 60-edk2-arm.json using configuration
Configuring 60-edk2-i386.json using configuration
Configuring 60-edk2-x86_64.json using configuration
Configuring 60-edk2-loongarch64.json using configuration
Configuring 60-edk2-riscv64.json using configuration
Program dtc found: NO
Program qemu-keymap found: NO
Program C:/GoldenGate/darwin-vm/qemu-sptm/build/pyvenv/bin/sphinx-build skipped: feature docs disabled
Program C:/GoldenGate/darwin-vm/qemu-sptm/scripts/decodetree.py found: YES (C:/GoldenGate/darwin-vm/qemu-sptm/build/pyvenv/bin/python.exe C:/GoldenGate/darwin-vm/qemu-sptm/scripts/decodetree.py)
Program diff found: YES (C:\Program Files\Git\usr\bin/diff.exe)
Program dbus-daemon found: NO
Run-time dependency gvnc-1.0 found: NO  (tried pkg-config)
Run-time dependency sysprof-capture-4 found: NO  (tried pkg-config)
Dependency glib-2.0 for host machine found: YES 2.90.0 (cached)
Program initrd-stress.sh found: YES (sh C:/GoldenGate/darwin-vm/qemu-sptm/tests/migration-stress/initrd-stress.sh)
Program scripts/nsis.py found: YES (C:/GoldenGate/darwin-vm/qemu-sptm/build/pyvenv/bin/python.exe C:/GoldenGate/darwin-vm/qemu-sptm/scripts/nsis.py)
Build targets in project: 724

qemu 11.1.0

  Build environment
    Build directory                 : C:/GoldenGate/darwin-vm/qemu-sptm/build
    Source path                     : C:/GoldenGate/darwin-vm/qemu-sptm
    Download dependencies           : YES

  Directories
    Install prefix                  : C:/GoldenGate/darwin-vm/qemu-sptm/build/pyvenv
    BIOS directory                  : share/
    firmware path                   : share/qemu-firmware
    binary directory                : C:/GoldenGate/darwin-vm/qemu-sptm/build/pyvenv/.
    library directory               : C:/GoldenGate/darwin-vm/qemu-sptm/build/pyvenv/lib
    module directory                : lib/
    libexec directory               : C:/GoldenGate/darwin-vm/qemu-sptm/build/pyvenv/libexec
    include directory               : C:/GoldenGate/darwin-vm/qemu-sptm/build/pyvenv/include
    config directory                : C:/GoldenGate/darwin-vm/qemu-sptm/build/pyvenv/etc
    local state directory           : queried at runtime
    Doc directory                   : C:/GoldenGate/darwin-vm/qemu-sptm/build/pyvenv/share/doc

  Host binaries
    python                          : C:/GoldenGate/darwin-vm/qemu-sptm/build/pyvenv/bin/python.exe (version: 3.14)
    sphinx-build                    : NO
    gdb                             : 
    iasl                            : NO
    genisoimage                     : 
    wixl                            : NO

  Configurable features
    Documentation                   : NO
    system-mode emulation           : YES
    user-mode emulation             : NO
    block layer                     : YES
    Install blobs                   : YES
    module support                  : NO
    fuzzing support                 : NO
    Audio drivers                   : dsound
    Trace backends                  : log
    QOM debugging                   : YES
    Relocatable install             : YES
    vhost-kernel support            : NO
    vhost-net support               : NO
    vhost-user support              : NO
    vhost-user-crypto support       : NO
    vhost-user-blk server support   : NO
    vhost-vdpa support              : NO
    build guest agent               : YES

  Compilation
    host CPU                        : x86_64
    host endianness                 : little
    C compiler                      : cc -m64
    Host C compiler                 : cc -m64
    C++ compiler                    : c++ -m64
    Objective-C compiler            : NO
    Rust support                    : NO
    CFLAGS                          : -g -O2
    CXXFLAGS                        : -g -O2
    QEMU_CFLAGS                     : -mcx16 -msse2 -fno-link-libatomic -D_GNU_SOURCE -D_FILE_OFFSET_BITS=64 -D_LARGEFILE_SOURCE -fno-strict-aliasing -fno-common -fwrapv -fno-pie -no-pie -ftrivial-auto-var-init=zero -fzero-init-padding-bits=all -fzero-call-used-regs=used-gpr -fstack-protector-strong
    QEMU_CXXFLAGS                   : -mcx16 -msse2 -fno-link-libatomic -D_GNU_SOURCE -D_FILE_OFFSET_BITS=64 -D_LARGEFILE_SOURCE -fno-strict-aliasing -fno-common -fwrapv -fno-pie -no-pie -ftrivial-auto-var-init=zero -fzero-init-padding-bits=all -fzero-call-used-regs=used-gpr -D__STDC_LIMIT_MACROS -D__STDC_CONSTANT_MACROS -D__STDC_FORMAT_MACROS -fstack-protector-strong
    QEMU_LDFLAGS                    : -fstack-protector-strong -Wl,--no-seh -Wl,--nxcompat -Wl,--dynamicbase -Wl,--high-entropy-va
    link-time optimization (LTO)    : NO
    PIE                             : NO
    static build                    : NO
    malloc trim support             : NO
    membarrier                      : NO
    debug graph lock                : NO
    debug stack usage               : NO
    mutex debugging                 : NO
    memory allocator                : system
    avx2 optimization               : YES
    avx512bw optimization           : YES
    gcov                            : NO
    thread sanitizer                : NO
    CFI support                     : NO
    strip binaries                  : NO
    sparse                          : NO
    mingw32 support                 : YES

  Targets and accelerators
    KVM support                     : NO
    Nitro support                   : NO
    HVF support                     : NO
    WHPX support                    : NO
    NVMM support                    : NO
    MSHV support                    : NO
    Xen support                     : NO
    Xen emulation                   : NO
    TCG support                     : YES
    TCG backend                     : native (x86_64)
    TCG plugins                     : YES
    TCG debug enabled               : NO
    target list                     : aarch64-softmmu
    default devices                 : YES
    out of process emulation        : NO
    vfio-user server                : NO

  Block layer support
    coroutine backend               : windows
    coroutine pool                  : YES
    Block whitelist (rw)            : 
    Block whitelist (ro)            : 
    Use block whitelist in tools    : NO
    VirtFS (9P) support             : NO
    replication support             : YES
    bochs support                   : YES
    cloop support                   : YES
    dmg support                     : YES
    qcow v1 support                 : YES
    vdi support                     : YES
    vhdx support                    : YES
    vmdk support                    : YES
    vpc support                     : YES
    vvfat support                   : YES
    qed support                     : YES
    parallels support               : YES
    FUSE exports                    : NO
    VDUSE block exports             : NO

  Crypto
    TLS priority                    : NORMAL
    GNUTLS support                  : NO
    libgcrypt                       : NO
    nettle                          : NO
    SM4 ALG support                 : NO
    SM3 ALG support                 : NO
    AF_ALG support                  : NO
    rng-none                        : NO
    Linux keyring                   : NO
    Linux keyutils                  : NO

  User interface
    D-Bus display                   : YES
    SDL support                     : NO
    SDL image support               : NO
    GTK support                     : NO
    pixman                          : YES 0.46.4
    VTE support                     : NO
    PNG support                     : NO
    VNC support                     : YES
    VNC SASL support                : NO
    VNC JPEG support                : NO
    VNC D-Bus server (qemu-vnc)     : NO
    spice protocol support          : NO
    curses support                  : YES
    brlapi support                  : NO

  Graphics backends
    VirGL support                   : NO
    Rutabaga support                : NO

  Audio backends
    DirectSound support             : YES
    PipeWire support                : NO
    JACK support                    : NO

  Network backends
    AF_XDP support                  : NO
    passt support                   : NO
    slirp support                   : NO
    vde support                     : NO
    netmap support                  : NO
    l2tpv3 support                  : NO

  Dependencies
    libtasn1                        : NO
    PAM                             : NO
    iconv support                   : YES
    blkio support                   : NO
    curl support                    : NO
    Multipath support               : NO
    Linux AIO support               : NO
    Linux io_uring support          : NO
    ATTR/XATTR support              : NO
    RDMA support                    : NO
    fdt support                     : internal
    libcap-ng support               : NO
    bpf support                     : NO
    rbd support                     : NO
    smartcard support               : NO
    U2F support                     : NO
    libusb                          : NO
    usb net redir                   : NO
    OpenGL support (epoxy)          : NO
    GBM                             : NO
    libiscsi support                : NO
    libnfs support                  : NO
    QGA VSS support                 : YES
    seccomp support                 : NO
    hv-balloon support              : YES
    TPM support                     : NO
    IGVM support                    : NO
    libssh support                  : NO
    lzo support                     : NO
    snappy support                  : NO
    bzip2 support                   : YES
    lzfse support                   : NO
    zstd support                    : YES 1.5.7
    Query Processing Library support: NO
    UADK Library support            : NO
    qatzip support                  : NO
    NUMA host support               : NO
    capstone                        : NO
    libpmem support                 : NO
    libdaxctl support               : NO
    libcbor support                 : NO
    libudev                         : NO
    FUSE lseek                      : NO
    selinux                         : NO
    libdw                           : NO
    valgrind                        : NO

  Subprojects (for host machine)
    dtc                             : YES
    keycodemapdb                    : YES

  User defined options
    Native files                    : C:/GoldenGate/darwin-vm/qemu-sptm/build/config-meson.cross
                                      C:/GoldenGate/darwin-vm/qemu-sptm/configs/meson/windows.txt
    b_pie                           : false
    docs                            : disabled
    plugins                         : true
    pvg                             : disabled

Found ninja-1.13.2 at C:\devkitPro\msys2\mingw64\bin/ninja.exe
Running postconf script 'C:/GoldenGate/darwin-vm/qemu-sptm/build/pyvenv/bin/python.exe C:/GoldenGate/darwin-vm/qemu-sptm/scripts/symlink-install-tree.py'
[1/2069] Generating trace/trace-crypto.c with a custom command
[2/2069] Generating trace/trace-root.c with a custom command
[3/2069] Generating trace/trace-crypto.h with a custom command
[4/2069] Generating trace/trace-qapi.c with a custom command
[5/2069] Generating trace/trace-root.h with a custom command
[6/2069] Generating trace/trace-qapi.h with a custom command
[7/2069] Generating trace/trace-qom.h with a custom command
[8/2069] Generating trace/trace-qom.c with a custom command
[9/2069] Generating trace/trace-monitor.c with a custom command
[10/2069] Generating trace/trace-monitor.h with a custom command
[11/2069] Generating trace/trace-gdbstub.c with a custom command
[12/2069] Generating trace/trace-gdbstub.h with a custom command
[13/2069] Generating trace/trace-util.c with a custom command
[14/2069] Generating trace/trace-util.h with a custom command
[15/2069] Generating config-poison.h with a custom command (wrapped by meson to capture output)
[16/2069] Generating qemu-img-cmds.h with a custom command (wrapped by meson to capture output)
[17/2069] Generating trace/trace-tools_qemu_vnc.c with a custom command
[18/2069] Generating trace/trace-tools_qemu_vnc.h with a custom command
[19/2069] Generating trace/trace-authz.h with a custom command
[20/2069] Generating hmp-commands-info.h with a custom command (wrapped by meson to capture output)
[21/2069] Generating qemu-version.h with a custom command (wrapped by meson to capture output)
fatal: No names found, cannot describe anything.

[22/2069] Generating trace/trace-authz.c with a custom command
[23/2069] Generating trace/trace-chardev.h with a custom command
[24/2069] Generating trace/trace-chardev.c with a custom command
[25/2069] Generating trace/trace-block.c with a custom command
[26/2069] Generating trace/trace-block.h with a custom command
[27/2069] Generating trace/trace-io.c with a custom command
[28/2069] Generating trace/trace-io.h with a custom command
[29/2069] Generating hmp-commands.h with a custom command (wrapped by meson to capture output)
[30/2069] Generating trace/trace-scsi.h with a custom command
[31/2069] Generating trace/trace-scsi.c with a custom command
[32/2069] Generating trace/trace-accel_hvf.h with a custom command
[33/2069] Generating trace/trace-nbd.c with a custom command
[34/2069] Generating trace/trace-accel_hvf.c with a custom command
[35/2069] Generating trace/trace-nbd.h with a custom command
[36/2069] Generating trace/trace-accel_kvm.c with a custom command
[37/2069] Generating trace/trace-accel_kvm.h with a custom command
[38/2069] Generating trace/trace-accel_mshv.h with a custom command
[39/2069] Generating trace/trace-accel_mshv.c with a custom command
[40/2069] Generating trace/trace-accel_nitro.h with a custom command
[41/2069] Generating trace/trace-accel_nitro.c with a custom command
[42/2069] Generating trace/trace-audio.c with a custom command
[43/2069] Generating trace/trace-audio.h with a custom command
[44/2069] Generating trace/trace-backends.c with a custom command
[45/2069] Generating trace/trace-backends.h with a custom command
[46/2069] Generating trace/trace-backends_tpm.c with a custom command
[47/2069] Generating trace/trace-ebpf.h with a custom command
[48/2069] Generating trace/trace-ebpf.c with a custom command
[49/2069] Generating trace/trace-backends_tpm.h with a custom command
[50/2069] Generating trace/trace-hw_9pfs.h with a custom command
[51/2069] Generating trace/trace-hw_9pfs.c with a custom command
[52/2069] Generating trace/trace-hw_acpi.c with a custom command
[53/2069] Generating trace/trace-hw_acpi.h with a custom command
[54/2069] Generating trace/trace-hw_adc.c with a custom command
[55/2069] Generating trace/trace-hw_adc.h with a custom command
[56/2069] Generating trace/trace-hw_alpha.h with a custom command
[57/2069] Generating trace/trace-hw_alpha.c with a custom command
[58/2069] Generating trace/trace-hw_arm.c with a custom command
[59/2069] Generating trace/trace-hw_arm.h with a custom command
[60/2069] Generating trace/trace-hw_audio.c with a custom command
[61/2069] Generating trace/trace-hw_audio.h with a custom command
[62/2069] Generating trace/trace-hw_block.c with a custom command
[63/2069] Generating trace/trace-hw_block.h with a custom command
[64/2069] Generating trace/trace-hw_char.h with a custom command
[65/2069] Generating trace/trace-hw_char.c with a custom command
[66/2069] Generating trace/trace-hw_display.c with a custom command
[67/2069] Generating trace/trace-hw_dma.h with a custom command
[68/2069] Generating trace/trace-hw_dma.c with a custom command
[69/2069] Generating trace/trace-hw_fsi.c with a custom command
[70/2069] Generating trace/trace-hw_fsi.h with a custom command
[71/2069] Generating trace/trace-hw_display.h with a custom command
[72/2069] Generating trace/trace-hw_hexagon.c with a custom command
[73/2069] Generating trace/trace-hw_hexagon.h with a custom command
[74/2069] Generating trace/trace-hw_hyperv.h with a custom command
[75/2069] Generating trace/trace-hw_hyperv.c with a custom command
[76/2069] Generating qemu-options.def with a custom command (wrapped by meson to capture output)
[77/2069] Generating trace/trace-hw_i3c.c with a custom command
[78/2069] Generating trace/trace-hw_i3c.h with a custom command
[79/2069] Generating trace/trace-hw_i2c.h with a custom command
[80/2069] Generating trace/trace-hw_i2c.c with a custom command
[81/2069] Generating trace/trace-hw_i386.c with a custom command
[82/2069] Generating trace/trace-hw_i386_xen.c with a custom command
[83/2069] Generating trace/trace-hw_i386_xen.h with a custom command
[84/2069] Generating trace/trace-hw_i386.h with a custom command
[85/2069] Generating trace/trace-hw_i386_kvm.c with a custom command
[86/2069] Generating trace/trace-hw_i386_kvm.h with a custom command
[87/2069] Generating trace/trace-hw_ide.c with a custom command
[88/2069] Generating trace/trace-hw_input.h with a custom command
[89/2069] Generating trace/trace-hw_ide.h with a custom command
[90/2069] Generating trace/trace-hw_mem.c with a custom command
[91/2069] Generating trace/trace-hw_mem.h with a custom command
[92/2069] Generating trace/trace-hw_input.c with a custom command
[93/2069] Generating trace/trace-hw_mips.h with a custom command
[94/2069] Generating trace/trace-hw_isa.c with a custom command
[95/2069] Generating trace/trace-hw_intc.c with a custom command
[96/2069] Generating trace/trace-hw_isa.h with a custom command
[97/2069] Generating trace/trace-hw_mips.c with a custom command
[98/2069] Generating trace/trace-hw_intc.h with a custom command
[99/2069] Generating trace/trace-hw_misc_macio.c with a custom command
[100/2069] Generating trace/trace-hw_misc_macio.h with a custom command
[101/2069] Generating trace/trace-hw_misc.c with a custom command
[102/2069] Generating trace/trace-hw_nitro.h with a custom command
[103/2069] Generating trace/trace-hw_nubus.h with a custom command
[104/2069] Generating trace/trace-hw_nitro.c with a custom command
[105/2069] Generating trace/trace-hw_net.c with a custom command
[106/2069] Generating trace/trace-hw_misc.h with a custom command
[107/2069] Generating trace/trace-hw_nubus.c with a custom command
[108/2069] Generating trace/trace-hw_net_can.c with a custom command
[109/2069] Generating trace/trace-hw_net_can.h with a custom command
[110/2069] Generating trace/trace-hw_net.h with a custom command
[111/2069] Generating trace/trace-hw_nvram.h with a custom command
[112/2069] Generating trace/trace-hw_nvram.c with a custom command
[113/2069] Generating trace/trace-hw_nvme.c with a custom command
[114/2069] Generating trace/trace-hw_pci.h with a custom command
[115/2069] Generating trace/trace-hw_nvme.h with a custom command
[116/2069] Generating trace/trace-hw_pci_host.h with a custom command
[117/2069] Generating trace/trace-hw_pci.c with a custom command
[118/2069] Generating trace/trace-hw_rtc.h with a custom command
[119/2069] Generating trace/trace-hw_pci_host.c with a custom command
[120/2069] Generating trace/trace-hw_ppc.c with a custom command
[121/2069] Generating trace/trace-hw_rtc.c with a custom command
[122/2069] Generating trace/trace-hw_ppc.h with a custom command
[123/2069] Generating trace/trace-hw_riscv.h with a custom command
[124/2069] Generating trace/trace-hw_s390x.h with a custom command
[125/2069] Generating trace/trace-hw_s390x.c with a custom command
[126/2069] Generating trace/trace-hw_riscv.c with a custom command
[127/2069] Generating trace/trace-hw_sd.h with a custom command
[128/2069] Generating trace/trace-hw_sd.c with a custom command
[129/2069] Generating trace/trace-hw_sensor.h with a custom command
[130/2069] Generating trace/trace-hw_sensor.c with a custom command
[131/2069] Generating trace/trace-hw_sh4.h with a custom command
[132/2069] Generating trace/trace-hw_scsi.h with a custom command
[133/2069] Generating trace/trace-hw_sh4.c with a custom command
[134/2069] Generating trace/trace-hw_scsi.c with a custom command
[135/2069] Generating trace/trace-hw_sparc.c with a custom command
[136/2069] Generating trace/trace-hw_sparc.h with a custom command
[137/2069] Generating trace/trace-hw_sparc64.h with a custom command
[138/2069] Generating trace/trace-hw_sparc64.c with a custom command
[139/2069] Generating trace/trace-hw_ssi.h with a custom command
[140/2069] Generating trace/trace-hw_ssi.c with a custom command
[141/2069] Generating trace/trace-hw_timer.h with a custom command
[142/2069] Generating trace/trace-hw_tpm.h with a custom command
[143/2069] Generating trace/trace-hw_tpm.c with a custom command
[144/2069] Generating trace/trace-hw_uefi.h with a custom command
[145/2069] Generating trace/trace-hw_timer.c with a custom command
[146/2069] Generating trace/trace-hw_uefi.c with a custom command
[147/2069] Generating trace/trace-hw_ufs.c with a custom command
[148/2069] Generating trace/trace-hw_ufs.h with a custom command
[149/2069] Generating trace/trace-hw_vfio.c with a custom command
[150/2069] Generating trace/trace-hw_usb.c with a custom command
[151/2069] Generating trace/trace-hw_vfio_user.c with a custom command
[152/2069] Generating trace/trace-hw_usb.h with a custom command
[153/2069] Generating trace/trace-hw_vfio.h with a custom command
[154/2069] Generating trace/trace-hw_vmapple.c with a custom command
[155/2069] Generating trace/trace-hw_vmapple.h with a custom command
[156/2069] Generating trace/trace-hw_watchdog.c with a custom command
[157/2069] Generating trace/trace-hw_virtio.h with a custom command
[158/2069] Generating trace/trace-hw_virtio.c with a custom command
[159/2069] Generating trace/trace-hw_watchdog.h with a custom command
[160/2069] Generating trace/trace-hw_xen.h with a custom command
[161/2069] Generating trace/trace-hw_xen.c with a custom command
[162/2069] Generating trace/trace-hw_gpio.c with a custom command
[163/2069] Generating trace/trace-hw_gpio.h with a custom command
[164/2069] Generating trace/trace-net.c with a custom command
[165/2069] Generating trace/trace-net.h with a custom command
[166/2069] Generating trace/trace-replay.h with a custom command
[167/2069] Generating trace/trace-migration.c with a custom command
[168/2069] Generating trace/trace-replay.c with a custom command
[169/2069] Generating trace/trace-system.c with a custom command
[170/2069] Generating trace/trace-system.h with a custom command
[171/2069] Generating trace/trace-hw_vfio_user.h with a custom command
[172/2069] Generating trace/trace-hw_remote.h with a custom command
[173/2069] Generating trace/trace-migration.h with a custom command
[174/2069] Generating trace/trace-ui.c with a custom command
[175/2069] Generating trace/trace-ui.h with a custom command
[176/2069] Generating trace/trace-hw_remote.c with a custom command
[177/2069] Generating trace/trace-accel_tcg.c with a custom command
[178/2069] Generating trace/trace-accel_tcg.h with a custom command
[179/2069] Generating trace/trace-hw_core.h with a custom command
[180/2069] Generating trace/trace-target_arm.c with a custom command
[181/2069] Generating trace/trace-hw_core.c with a custom command
[182/2069] Generating trace/trace-target_arm.h with a custom command
[183/2069] Generating trace/trace-target_arm_hvf.h with a custom command
[184/2069] Generating trace/trace-target_arm_hvf.c with a custom command
[185/2069] Generating trace/trace-target_arm_tcg.c with a custom command
[186/2069] Generating trace/trace-target_arm_tcg.h with a custom command
[187/2069] Generating trace/trace-target_hppa.c with a custom command
[188/2069] Generating trace/trace-target_hppa.h with a custom command
[189/2069] Generating trace/trace-target_i386_kvm.h with a custom command
[190/2069] Generating trace/trace-target_i386_kvm.c with a custom command
[191/2069] Generating trace/trace-target_i386.c with a custom command
[192/2069] Generating trace/trace-target_i386.h with a custom command
[193/2069] Generating trace/trace-target_i386_whpx.h with a custom command
[194/2069] Generating trace/trace-target_i386_whpx.c with a custom command
[195/2069] Generating trace/trace-target_loongarch.c with a custom command
[196/2069] Generating trace/trace-target_mips_tcg.c with a custom command
[197/2069] Generating trace/trace-target_mips_tcg.h with a custom command
[198/2069] Generating trace/trace-target_loongarch.h with a custom command
[199/2069] Generating trace/trace-target_ppc.h with a custom command
[200/2069] Generating trace/trace-target_ppc.c with a custom command
[201/2069] Generating qapi/shared QAPI source files with a custom command
[202/2069] Generating trace/trace-target_riscv.h with a custom command
[203/2069] Generating trace/trace-target_riscv.c with a custom command
[204/2069] Generating trace/trace-target_s390x.h with a custom command
[205/2069] Generating trace/trace-target_s390x.c with a custom command
[206/2069] Generating trace/trace-target_sparc.h with a custom command
[207/2069] Generating trace/trace-target_s390x_kvm.h with a custom command
[208/2069] Generating trace/trace-target_sparc.c with a custom command
[209/2069] Generating trace/trace-target_s390x_kvm.c with a custom command
[210/2069] Generating ui/shader/texture-blit-vert.h with a custom command (wrapped by meson to capture output)
[211/2069] Generating ui/shader/texture-blit-frag.h with a custom command (wrapped by meson to capture output)
[212/2069] Generating ui/shader/texture-blit-flip-vert.h with a custom command (wrapped by meson to capture output)
[213/2069] Generating ui/dbus-display preprocess with a custom command (wrapped by meson to set env)
[214/2069] Generating hw/arm/apple_regs_autogen.h with a custom command (wrapped by meson to capture output)
[215/2069] Generating trace/trace-qapi_commands_authz_trace_events.h with a custom command
[216/2069] Generating trace/trace-qapi_commands_authz_trace_events.c with a custom command
[217/2069] Generating trace/trace-qapi_commands_block_trace_events.h with a custom command
[218/2069] Generating trace/trace-qapi_commands_block_trace_events.c with a custom command
[219/2069] Generating trace/trace-qapi_commands_block_core_trace_events.h with a custom command
[220/2069] Generating trace/trace-qapi_commands_block_core_trace_events.c with a custom command
[221/2069] Generating trace/trace-qapi_commands_block_export_trace_events.h with a custom command
[222/2069] Generating trace/trace-qapi_commands_block_export_trace_events.c with a custom command
[223/2069] Generating trace/trace-qapi_commands_char_trace_events.h with a custom command
[224/2069] Generating trace/trace-qapi_commands_char_trace_events.c with a custom command
[225/2069] Generating trace/trace-qapi_commands_common_trace_events.h with a custom command
[226/2069] Generating trace/trace-qapi_commands_common_trace_events.c with a custom command
[227/2069] Generating trace/trace-qapi_commands_compat_trace_events.h with a custom command
[228/2069] Generating trace/trace-qapi_commands_compat_trace_events.c with a custom command
[229/2069] Generating trace/trace-qapi_commands_control_trace_events.c with a custom command
[230/2069] Generating trace/trace-qapi_commands_control_trace_events.h with a custom command
[231/2069] Generating trace/trace-qapi_commands_crypto_trace_events.h with a custom command
[232/2069] Generating trace/trace-qapi_commands_crypto_trace_events.c with a custom command
[233/2069] Generating trace/trace-qapi_commands_cxl_trace_events.c with a custom command
[234/2069] Generating trace/trace-qapi_commands_dump_trace_events.h with a custom command
[235/2069] Generating trace/trace-qapi_commands_ebpf_trace_events.c with a custom command
[236/2069] Generating trace/trace-qapi_commands_cxl_trace_events.h with a custom command
[237/2069] Generating trace/trace-qapi_commands_dump_trace_events.c with a custom command
[238/2069] Generating trace/trace-qapi_commands_ebpf_trace_events.h with a custom command
[239/2069] Generating trace/trace-qapi_commands_error_trace_events.h with a custom command
[240/2069] Generating trace/trace-qapi_commands_error_trace_events.c with a custom command
[241/2069] Generating trace/trace-qapi_commands_job_trace_events.h with a custom command
[242/2069] Generating trace/trace-qapi_commands_introspect_trace_events.h with a custom command
[243/2069] Generating trace/trace-qapi_commands_introspect_trace_events.c with a custom command
[244/2069] Generating trace/trace-qapi_commands_machine_common_trace_events.h with a custom command
[245/2069] Generating trace/trace-qapi_commands_job_trace_events.c with a custom command
[246/2069] Generating trace/trace-qapi_commands_machine_common_trace_events.c with a custom command
[247/2069] Generating trace/trace-qapi_commands_machine_trace_events.c with a custom command
[248/2069] Generating trace/trace-qapi_commands_machine_trace_events.h with a custom command
[249/2069] Generating trace/trace-qapi_commands_machine_s390x_trace_events.c with a custom command
[250/2069] Generating trace/trace-qapi_commands_misc_trace_events.c with a custom command
[251/2069] Generating trace/trace-qapi_commands_machine_s390x_trace_events.h with a custom command
[252/2069] Generating trace/trace-qapi_commands_misc_trace_events.h with a custom command
[253/2069] Generating trace/trace-qapi_commands_migration_trace_events.c with a custom command
[254/2069] Generating trace/trace-qapi_commands_net_trace_events.h with a custom command
[255/2069] Generating trace/trace-qapi_commands_migration_trace_events.h with a custom command
[256/2069] Generating trace/trace-qapi_commands_net_trace_events.c with a custom command
[257/2069] Generating trace/trace-qapi_commands_pragma_trace_events.c with a custom command
[258/2069] Generating trace/trace-qapi_commands_pragma_trace_events.h with a custom command
[259/2069] Generating trace/trace-qapi_commands_qom_trace_events.c with a custom command
[260/2069] Generating trace/trace-qapi_commands_qom_trace_events.h with a custom command
[261/2069] Generating trace/trace-qapi_commands_replay_trace_events.h with a custom command
[262/2069] Generating trace/trace-qapi_commands_replay_trace_events.c with a custom command
[263/2069] Generating trace/trace-qapi_commands_run_state_trace_events.h with a custom command
[264/2069] Generating trace/trace-qapi_commands_run_state_trace_events.c with a custom command
[265/2069] Generating trace/trace-qapi_commands_sockets_trace_events.h with a custom command
[266/2069] Generating trace/trace-qapi_commands_stats_trace_events.h with a custom command
[267/2069] Generating trace/trace-qapi_commands_stats_trace_events.c with a custom command
[268/2069] Generating trace/trace-qapi_commands_sockets_trace_events.c with a custom command
[269/2069] Generating trace/trace-qapi_commands_trace_trace_events.c with a custom command
[270/2069] Generating trace/trace-qapi_commands_transaction_trace_events.h with a custom command
[271/2069] Generating trace/trace-qapi_commands_vfio_trace_events.h with a custom command
[272/2069] Generating trace/trace-qapi_commands_trace_trace_events.h with a custom command
[273/2069] Generating trace/trace-qapi_commands_transaction_trace_events.c with a custom command
[274/2069] Generating trace/trace-qapi_commands_vfio_trace_events.c with a custom command
[275/2069] Generating trace/trace-qapi_commands_virtio_trace_events.h with a custom command
[276/2069] Generating trace/trace-qapi_commands_virtio_trace_events.c with a custom command
[277/2069] Generating trace/trace-qapi_commands_yank_trace_events.h with a custom command
[278/2069] Generating trace/trace-qapi_commands_yank_trace_events.c with a custom command
[279/2069] Generating trace/trace-qapi_commands_accelerator_trace_events.h with a custom command
[280/2069] Generating trace/trace-qapi_commands_acpi_trace_events.h with a custom command
[281/2069] Generating trace/trace-qapi_commands_accelerator_trace_events.c with a custom command
[282/2069] Generating trace/trace-qapi_commands_acpi_trace_events.c with a custom command
[283/2069] Generating trace/trace-qapi_commands_acpi_hest_trace_events.h with a custom command
[284/2069] Generating trace/trace-qapi_commands_acpi_hest_trace_events.c with a custom command
[285/2069] Generating trace/trace-qapi_commands_cryptodev_trace_events.c with a custom command
[286/2069] Generating trace/trace-qapi_commands_cryptodev_trace_events.h with a custom command
[287/2069] Generating trace/trace-qapi_commands_audio_trace_events.h with a custom command
[288/2069] Generating trace/trace-qapi_commands_audio_trace_events.c with a custom command
[289/2069] Generating trace/trace-qapi_commands_qdev_trace_events.h with a custom command
[290/2069] Generating trace/trace-qapi_commands_qdev_trace_events.c with a custom command
[291/2069] Generating trace/trace-qapi_commands_pci_trace_events.h with a custom command
[292/2069] Generating trace/trace-qapi_commands_rocker_trace_events.h with a custom command
[293/2069] Generating trace/trace-qapi_commands_rocker_trace_events.c with a custom command
[294/2069] Generating trace/trace-qapi_commands_pci_trace_events.c with a custom command
[295/2069] Generating trace/trace-qapi_commands_misc_arm_trace_events.h with a custom command
[296/2069] Generating trace/trace-qapi_commands_misc_i386_trace_events.h with a custom command
[297/2069] Generating trace/trace-qapi_commands_misc_arm_trace_events.c with a custom command
[298/2069] Generating trace/trace-qapi_commands_misc_i386_trace_events.c with a custom command
[299/2069] Generating trace/trace-qapi_commands_uefi_trace_events.h with a custom command
[300/2069] Generating trace/trace-qapi_commands_tpm_trace_events.c with a custom command
[301/2069] Generating trace/trace-qapi_commands_uefi_trace_events.c with a custom command
[302/2069] Generating trace/trace-qapi_commands_tpm_trace_events.h with a custom command
[303/2069] Generating trace/trace-qapi_commands_ui_trace_events.h with a custom command
[304/2069] Generating trace/trace-qapi_commands_ui_trace_events.c with a custom command
[305/2069] Generating block/module_block.h with a custom command
[306/2069] Generating 'libsystem_arm.a.p/decode-m-nocp.c.inc'
[307/2069] Generating 'libsystem_arm.a.p/decode-neon-shared.c.inc'
[308/2069] Generating 'libsystem_arm.a.p/decode-neon-ls.c.inc'
[309/2069] Generating 'libsystem_arm.a.p/decode-neon-dp.c.inc'
[310/2069] Generating 'libsystem_arm.a.p/decode-a32-uncond.c.inc'
[311/2069] Generating block/block-gen.c with a custom command
[312/2069] Generating 'libsystem_arm.a.p/decode-mve.c.inc'
[313/2069] Generating 'libsystem_arm.a.p/decode-a32.c.inc'
[314/2069] Generating 'libcommon.a.p/decode-insns.c.inc'
[315/2069] Generating ui/dbus-display gdbus-codegen with a custom command
[316/2069] Generating gdbstub/gdbstub-xml.c with a custom command (wrapped by meson to capture output)
C:/GoldenGate/darwin-vm/qemu-sptm/gdbstub/../scripts/feature_to_c.py:28: SyntaxWarning: "\{" is an invalid escape sequence. Such sequences will not work in the future. Did you mean "\\{"? A raw string is also an option.
  sys.stdout.write(f'\{c:03o}')

[317/2069] Compiling C object libqemuutil.a.p/meson-generated_.._qapi_qapi-types.c.obj
FAILED: [code=1] libqemuutil.a.p/meson-generated_.._qapi_qapi-types.c.obj 
"cc" "-m64" "-Ilibqemuutil.a.p" "-I." "-I.." "-Iqapi" "-Itrace" "-Iui" "-Iui/shader" "-IC:/devkitPro/msys2/mingw64/bin/../include" "-IC:/devkitPro/msys2/mingw64/bin/../include/glib-2.0" "-IC:/devkitPro/msys2/mingw64/bin/../lib/glib-2.0/include" "-IC:/devkitPro/msys2/mingw64/bin/../include/pixman-1" "-fdiagnostics-color=auto" "-Wall" "-Winvalid-pch" "-Werror" "-std=gnu11" "-O2" "-g" "-mcx16" "-msse2" "-fno-link-libatomic" "-D_GNU_SOURCE" "-D_FILE_OFFSET_BITS=64" "-D_LARGEFILE_SOURCE" "-fno-strict-aliasing" "-fno-common" "-fwrapv" "-fno-pie" "-no-pie" "-ftrivial-auto-var-init=zero" "-fzero-init-padding-bits=all" "-fzero-call-used-regs=used-gpr" "-fstack-protector-strong" "-Wempty-body" "-Wendif-labels" "-Wexpansion-to-defined" "-Wformat-overflow=2" "-Wformat-security" "-Wformat-y2k" "-Wignored-qualifiers" "-Wimplicit-fallthrough=2" "-Winit-self" "-Wmissing-format-attribute" "-Wmissing-prototypes" "-Wnested-externs" "-Wold-style-declaration" "-Wold-style-definition" "-Wredundant-decls" "-Wshadow=local" "-Wstrict-prototypes" "-Wtype-limits" "-Wundef" "-Wvla" "-Wwrite-strings" "-Wno-missing-include-dirs" "-Wno-psabi" "-Wno-shift-negative-value" "-iquote" "." "-iquote" "C:/GoldenGate/darwin-vm/qemu-sptm" "-iquote" "C:/GoldenGate/darwin-vm/qemu-sptm/include" "-iquote" "C:/GoldenGate/darwin-vm/qemu-sptm/host/include/x86_64" "-iquote" "C:/GoldenGate/darwin-vm/qemu-sptm/host/include/generic" "-iquote" "C:/GoldenGate/darwin-vm/qemu-sptm/tcg/x86_64" "-pthread" -MD -MQ libqemuutil.a.p/meson-generated_.._qapi_qapi-types.c.obj -MF "libqemuutil.a.p/meson-generated_.._qapi_qapi-types.c.obj.d" -o libqemuutil.a.p/meson-generated_.._qapi_qapi-types.c.obj "-c" qapi/qapi-types.c
[318/2069] Compiling C object libqemuutil.a.p/meson-generated_.._qapi_qapi-visit.c.obj
FAILED: [code=1] libqemuutil.a.p/meson-generated_.._qapi_qapi-visit.c.obj 
"cc" "-m64" "-Ilibqemuutil.a.p" "-I." "-I.." "-Iqapi" "-Itrace" "-Iui" "-Iui/shader" "-IC:/devkitPro/msys2/mingw64/bin/../include" "-IC:/devkitPro/msys2/mingw64/bin/../include/glib-2.0" "-IC:/devkitPro/msys2/mingw64/bin/../lib/glib-2.0/include" "-IC:/devkitPro/msys2/mingw64/bin/../include/pixman-1" "-fdiagnostics-color=auto" "-Wall" "-Winvalid-pch" "-Werror" "-std=gnu11" "-O2" "-g" "-mcx16" "-msse2" "-fno-link-libatomic" "-D_GNU_SOURCE" "-D_FILE_OFFSET_BITS=64" "-D_LARGEFILE_SOURCE" "-fno-strict-aliasing" "-fno-common" "-fwrapv" "-fno-pie" "-no-pie" "-ftrivial-auto-var-init=zero" "-fzero-init-padding-bits=all" "-fzero-call-used-regs=used-gpr" "-fstack-protector-strong" "-Wempty-body" "-Wendif-labels" "-Wexpansion-to-defined" "-Wformat-overflow=2" "-Wformat-security" "-Wformat-y2k" "-Wignored-qualifiers" "-Wimplicit-fallthrough=2" "-Winit-self" "-Wmissing-format-attribute" "-Wmissing-prototypes" "-Wnested-externs" "-Wold-style-declaration" "-Wold-style-definition" "-Wredundant-decls" "-Wshadow=local" "-Wstrict-prototypes" "-Wtype-limits" "-Wundef" "-Wvla" "-Wwrite-strings" "-Wno-missing-include-dirs" "-Wno-psabi" "-Wno-shift-negative-value" "-iquote" "." "-iquote" "C:/GoldenGate/darwin-vm/qemu-sptm" "-iquote" "C:/GoldenGate/darwin-vm/qemu-sptm/include" "-iquote" "C:/GoldenGate/darwin-vm/qemu-sptm/host/include/x86_64" "-iquote" "C:/GoldenGate/darwin-vm/qemu-sptm/host/include/generic" "-iquote" "C:/GoldenGate/darwin-vm/qemu-sptm/tcg/x86_64" "-pthread" -MD -MQ libqemuutil.a.p/meson-generated_.._qapi_qapi-visit.c.obj -MF "libqemuutil.a.p/meson-generated_.._qapi_qapi-visit.c.obj.d" -o libqemuutil.a.p/meson-generated_.._qapi_qapi-visit.c.obj "-c" qapi/qapi-visit.c
[319/2069] Compiling C object libqemuutil.a.p/meson-generated_.._qapi_qapi-events.c.obj
FAILED: [code=1] libqemuutil.a.p/meson-generated_.._qapi_qapi-events.c.obj 
"cc" "-m64" "-Ilibqemuutil.a.p" "-I." "-I.." "-Iqapi" "-Itrace" "-Iui" "-Iui/shader" "-IC:/devkitPro/msys2/mingw64/bin/../include" "-IC:/devkitPro/msys2/mingw64/bin/../include/glib-2.0" "-IC:/devkitPro/msys2/mingw64/bin/../lib/glib-2.0/include" "-IC:/devkitPro/msys2/mingw64/bin/../include/pixman-1" "-fdiagnostics-color=auto" "-Wall" "-Winvalid-pch" "-Werror" "-std=gnu11" "-O2" "-g" "-mcx16" "-msse2" "-fno-link-libatomic" "-D_GNU_SOURCE" "-D_FILE_OFFSET_BITS=64" "-D_LARGEFILE_SOURCE" "-fno-strict-aliasing" "-fno-common" "-fwrapv" "-fno-pie" "-no-pie" "-ftrivial-auto-var-init=zero" "-fzero-init-padding-bits=all" "-fzero-call-used-regs=used-gpr" "-fstack-protector-strong" "-Wempty-body" "-Wendif-labels" "-Wexpansion-to-defined" "-Wformat-overflow=2" "-Wformat-security" "-Wformat-y2k" "-Wignored-qualifiers" "-Wimplicit-fallthrough=2" "-Winit-self" "-Wmissing-format-attribute" "-Wmissing-prototypes" "-Wnested-externs" "-Wold-style-declaration" "-Wold-style-definition" "-Wredundant-decls" "-Wshadow=local" "-Wstrict-prototypes" "-Wtype-limits" "-Wundef" "-Wvla" "-Wwrite-strings" "-Wno-missing-include-dirs" "-Wno-psabi" "-Wno-shift-negative-value" "-iquote" "." "-iquote" "C:/GoldenGate/darwin-vm/qemu-sptm" "-iquote" "C:/GoldenGate/darwin-vm/qemu-sptm/include" "-iquote" "C:/GoldenGate/darwin-vm/qemu-sptm/host/include/x86_64" "-iquote" "C:/GoldenGate/darwin-vm/qemu-sptm/host/include/generic" "-iquote" "C:/GoldenGate/darwin-vm/qemu-sptm/tcg/x86_64" "-pthread" -MD -MQ libqemuutil.a.p/meson-generated_.._qapi_qapi-events.c.obj -MF "libqemuutil.a.p/meson-generated_.._qapi_qapi-events.c.obj.d" -o libqemuutil.a.p/meson-generated_.._qapi_qapi-events.c.obj "-c" qapi/qapi-events.c
[320/2069] Compiling C object libqemuutil.a.p/meson-generated_.._qapi_qapi-init-commands.c.obj
FAILED: [code=1] libqemuutil.a.p/meson-generated_.._qapi_qapi-init-commands.c.obj 
"cc" "-m64" "-Ilibqemuutil.a.p" "-I." "-I.." "-Iqapi" "-Itrace" "-Iui" "-Iui/shader" "-IC:/devkitPro/msys2/mingw64/bin/../include" "-IC:/devkitPro/msys2/mingw64/bin/../include/glib-2.0" "-IC:/devkitPro/msys2/mingw64/bin/../lib/glib-2.0/include" "-IC:/devkitPro/msys2/mingw64/bin/../include/pixman-1" "-fdiagnostics-color=auto" "-Wall" "-Winvalid-pch" "-Werror" "-std=gnu11" "-O2" "-g" "-mcx16" "-msse2" "-fno-link-libatomic" "-D_GNU_SOURCE" "-D_FILE_OFFSET_BITS=64" "-D_LARGEFILE_SOURCE" "-fno-strict-aliasing" "-fno-common" "-fwrapv" "-fno-pie" "-no-pie" "-ftrivial-auto-var-init=zero" "-fzero-init-padding-bits=all" "-fzero-call-used-regs=used-gpr" "-fstack-protector-strong" "-Wempty-body" "-Wendif-labels" "-Wexpansion-to-defined" "-Wformat-overflow=2" "-Wformat-security" "-Wformat-y2k" "-Wignored-qualifiers" "-Wimplicit-fallthrough=2" "-Winit-self" "-Wmissing-format-attribute" "-Wmissing-prototypes" "-Wnested-externs" "-Wold-style-declaration" "-Wold-style-definition" "-Wredundant-decls" "-Wshadow=local" "-Wstrict-prototypes" "-Wtype-limits" "-Wundef" "-Wvla" "-Wwrite-strings" "-Wno-missing-include-dirs" "-Wno-psabi" "-Wno-shift-negative-value" "-iquote" "." "-iquote" "C:/GoldenGate/darwin-vm/qemu-sptm" "-iquote" "C:/GoldenGate/darwin-vm/qemu-sptm/include" "-iquote" "C:/GoldenGate/darwin-vm/qemu-sptm/host/include/x86_64" "-iquote" "C:/GoldenGate/darwin-vm/qemu-sptm/host/include/generic" "-iquote" "C:/GoldenGate/darwin-vm/qemu-sptm/tcg/x86_64" "-pthread" -MD -MQ libqemuutil.a.p/meson-generated_.._qapi_qapi-init-commands.c.obj -MF "libqemuutil.a.p/meson-generated_.._qapi_qapi-init-commands.c.obj.d" -o libqemuutil.a.p/meson-generated_.._qapi_qapi-init-commands.c.obj "-c" qapi/qapi-init-commands.c
[321/2069] Compiling C object libqemuutil.a.p/meson-generated_.._qapi_qapi-commands.c.obj
FAILED: [code=1] libqemuutil.a.p/meson-generated_.._qapi_qapi-commands.c.obj 
"cc" "-m64" "-Ilibqemuutil.a.p" "-I." "-I.." "-Iqapi" "-Itrace" "-Iui" "-Iui/shader" "-IC:/devkitPro/msys2/mingw64/bin/../include" "-IC:/devkitPro/msys2/mingw64/bin/../include/glib-2.0" "-IC:/devkitPro/msys2/mingw64/bin/../lib/glib-2.0/include" "-IC:/devkitPro/msys2/mingw64/bin/../include/pixman-1" "-fdiagnostics-color=auto" "-Wall" "-Winvalid-pch" "-Werror" "-std=gnu11" "-O2" "-g" "-mcx16" "-msse2" "-fno-link-libatomic" "-D_GNU_SOURCE" "-D_FILE_OFFSET_BITS=64" "-D_LARGEFILE_SOURCE" "-fno-strict-aliasing" "-fno-common" "-fwrapv" "-fno-pie" "-no-pie" "-ftrivial-auto-var-init=zero" "-fzero-init-padding-bits=all" "-fzero-call-used-regs=used-gpr" "-fstack-protector-strong" "-Wempty-body" "-Wendif-labels" "-Wexpansion-to-defined" "-Wformat-overflow=2" "-Wformat-security" "-Wformat-y2k" "-Wignored-qualifiers" "-Wimplicit-fallthrough=2" "-Winit-self" "-Wmissing-format-attribute" "-Wmissing-prototypes" "-Wnested-externs" "-Wold-style-declaration" "-Wold-style-definition" "-Wredundant-decls" "-Wshadow=local" "-Wstrict-prototypes" "-Wtype-limits" "-Wundef" "-Wvla" "-Wwrite-strings" "-Wno-missing-include-dirs" "-Wno-psabi" "-Wno-shift-negative-value" "-iquote" "." "-iquote" "C:/GoldenGate/darwin-vm/qemu-sptm" "-iquote" "C:/GoldenGate/darwin-vm/qemu-sptm/include" "-iquote" "C:/GoldenGate/darwin-vm/qemu-sptm/host/include/x86_64" "-iquote" "C:/GoldenGate/darwin-vm/qemu-sptm/host/include/generic" "-iquote" "C:/GoldenGate/darwin-vm/qemu-sptm/tcg/x86_64" "-pthread" -MD -MQ libqemuutil.a.p/meson-generated_.._qapi_qapi-commands.c.obj -MF "libqemuutil.a.p/meson-generated_.._qapi_qapi-commands.c.obj.d" -o libqemuutil.a.p/meson-generated_.._qapi_qapi-commands.c.obj "-c" qapi/qapi-commands.c
[322/2069] Compiling C object libqemuutil.a.p/meson-generated_.._qapi_qapi-builtin-types.c.obj
FAILED: [code=1] libqemuutil.a.p/meson-generated_.._qapi_qapi-builtin-types.c.obj 
"cc" "-m64" "-Ilibqemuutil.a.p" "-I." "-I.." "-Iqapi" "-Itrace" "-Iui" "-Iui/shader" "-IC:/devkitPro/msys2/mingw64/bin/../include" "-IC:/devkitPro/msys2/mingw64/bin/../include/glib-2.0" "-IC:/devkitPro/msys2/mingw64/bin/../lib/glib-2.0/include" "-IC:/devkitPro/msys2/mingw64/bin/../include/pixman-1" "-fdiagnostics-color=auto" "-Wall" "-Winvalid-pch" "-Werror" "-std=gnu11" "-O2" "-g" "-mcx16" "-msse2" "-fno-link-libatomic" "-D_GNU_SOURCE" "-D_FILE_OFFSET_BITS=64" "-D_LARGEFILE_SOURCE" "-fno-strict-aliasing" "-fno-common" "-fwrapv" "-fno-pie" "-no-pie" "-ftrivial-auto-var-init=zero" "-fzero-init-padding-bits=all" "-fzero-call-used-regs=used-gpr" "-fstack-protector-strong" "-Wempty-body" "-Wendif-labels" "-Wexpansion-to-defined" "-Wformat-overflow=2" "-Wformat-security" "-Wformat-y2k" "-Wignored-qualifiers" "-Wimplicit-fallthrough=2" "-Winit-self" "-Wmissing-format-attribute" "-Wmissing-prototypes" "-Wnested-externs" "-Wold-style-declaration" "-Wold-style-definition" "-Wredundant-decls" "-Wshadow=local" "-Wstrict-prototypes" "-Wtype-limits" "-Wundef" "-Wvla" "-Wwrite-strings" "-Wno-missing-include-dirs" "-Wno-psabi" "-Wno-shift-negative-value" "-iquote" "." "-iquote" "C:/GoldenGate/darwin-vm/qemu-sptm" "-iquote" "C:/GoldenGate/darwin-vm/qemu-sptm/include" "-iquote" "C:/GoldenGate/darwin-vm/qemu-sptm/host/include/x86_64" "-iquote" "C:/GoldenGate/darwin-vm/qemu-sptm/host/include/generic" "-iquote" "C:/GoldenGate/darwin-vm/qemu-sptm/tcg/x86_64" "-pthread" -MD -MQ libqemuutil.a.p/meson-generated_.._qapi_qapi-builtin-types.c.obj -MF "libqemuutil.a.p/meson-generated_.._qapi_qapi-builtin-types.c.obj.d" -o libqemuutil.a.p/meson-generated_.._qapi_qapi-builtin-types.c.obj "-c" qapi/qapi-builtin-types.c
[323/2069] Compiling C object libqemuutil.a.p/meson-generated_.._qapi_qapi-introspect.c.obj
FAILED: [code=1] libqemuutil.a.p/meson-generated_.._qapi_qapi-introspect.c.obj 
"cc" "-m64" "-Ilibqemuutil.a.p" "-I." "-I.." "-Iqapi" "-Itrace" "-Iui" "-Iui/shader" "-IC:/devkitPro/msys2/mingw64/bin/../include" "-IC:/devkitPro/msys2/mingw64/bin/../include/glib-2.0" "-IC:/devkitPro/msys2/mingw64/bin/../lib/glib-2.0/include" "-IC:/devkitPro/msys2/mingw64/bin/../include/pixman-1" "-fdiagnostics-color=auto" "-Wall" "-Winvalid-pch" "-Werror" "-std=gnu11" "-O2" "-g" "-mcx16" "-msse2" "-fno-link-libatomic" "-D_GNU_SOURCE" "-D_FILE_OFFSET_BITS=64" "-D_LARGEFILE_SOURCE" "-fno-strict-aliasing" "-fno-common" "-fwrapv" "-fno-pie" "-no-pie" "-ftrivial-auto-var-init=zero" "-fzero-init-padding-bits=all" "-fzero-call-used-regs=used-gpr" "-fstack-protector-strong" "-Wempty-body" "-Wendif-labels" "-Wexpansion-to-defined" "-Wformat-overflow=2" "-Wformat-security" "-Wformat-y2k" "-Wignored-qualifiers" "-Wimplicit-fallthrough=2" "-Winit-self" "-Wmissing-format-attribute" "-Wmissing-prototypes" "-Wnested-externs" "-Wold-style-declaration" "-Wold-style-definition" "-Wredundant-decls" "-Wshadow=local" "-Wstrict-prototypes" "-Wtype-limits" "-Wundef" "-Wvla" "-Wwrite-strings" "-Wno-missing-include-dirs" "-Wno-psabi" "-Wno-shift-negative-value" "-iquote" "." "-iquote" "C:/GoldenGate/darwin-vm/qemu-sptm" "-iquote" "C:/GoldenGate/darwin-vm/qemu-sptm/include" "-iquote" "C:/GoldenGate/darwin-vm/qemu-sptm/host/include/x86_64" "-iquote" "C:/GoldenGate/darwin-vm/qemu-sptm/host/include/generic" "-iquote" "C:/GoldenGate/darwin-vm/qemu-sptm/tcg/x86_64" "-pthread" -MD -MQ libqemuutil.a.p/meson-generated_.._qapi_qapi-introspect.c.obj -MF "libqemuutil.a.p/meson-generated_.._qapi_qapi-introspect.c.obj.d" -o libqemuutil.a.p/meson-generated_.._qapi_qapi-introspect.c.obj "-c" qapi/qapi-introspect.c
[324/2069] Compiling C object libqemuutil.a.p/meson-generated_.._qapi_qapi-builtin-visit.c.obj
FAILED: [code=1] libqemuutil.a.p/meson-generated_.._qapi_qapi-builtin-visit.c.obj 
"cc" "-m64" "-Ilibqemuutil.a.p" "-I." "-I.." "-Iqapi" "-Itrace" "-Iui" "-Iui/shader" "-IC:/devkitPro/msys2/mingw64/bin/../include" "-IC:/devkitPro/msys2/mingw64/bin/../include/glib-2.0" "-IC:/devkitPro/msys2/mingw64/bin/../lib/glib-2.0/include" "-IC:/devkitPro/msys2/mingw64/bin/../include/pixman-1" "-fdiagnostics-color=auto" "-Wall" "-Winvalid-pch" "-Werror" "-std=gnu11" "-O2" "-g" "-mcx16" "-msse2" "-fno-link-libatomic" "-D_GNU_SOURCE" "-D_FILE_OFFSET_BITS=64" "-D_LARGEFILE_SOURCE" "-fno-strict-aliasing" "-fno-common" "-fwrapv" "-fno-pie" "-no-pie" "-ftrivial-auto-var-init=zero" "-fzero-init-padding-bits=all" "-fzero-call-used-regs=used-gpr" "-fstack-protector-strong" "-Wempty-body" "-Wendif-labels" "-Wexpansion-to-defined" "-Wformat-overflow=2" "-Wformat-security" "-Wformat-y2k" "-Wignored-qualifiers" "-Wimplicit-fallthrough=2" "-Winit-self" "-Wmissing-format-attribute" "-Wmissing-prototypes" "-Wnested-externs" "-Wold-style-declaration" "-Wold-style-definition" "-Wredundant-decls" "-Wshadow=local" "-Wstrict-prototypes" "-Wtype-limits" "-Wundef" "-Wvla" "-Wwrite-strings" "-Wno-missing-include-dirs" "-Wno-psabi" "-Wno-shift-negative-value" "-iquote" "." "-iquote" "C:/GoldenGate/darwin-vm/qemu-sptm" "-iquote" "C:/GoldenGate/darwin-vm/qemu-sptm/include" "-iquote" "C:/GoldenGate/darwin-vm/qemu-sptm/host/include/x86_64" "-iquote" "C:/GoldenGate/darwin-vm/qemu-sptm/host/include/generic" "-iquote" "C:/GoldenGate/darwin-vm/qemu-sptm/tcg/x86_64" "-pthread" -MD -MQ libqemuutil.a.p/meson-generated_.._qapi_qapi-builtin-visit.c.obj -MF "libqemuutil.a.p/meson-generated_.._qapi_qapi-builtin-visit.c.obj.d" -o libqemuutil.a.p/meson-generated_.._qapi_qapi-builtin-visit.c.obj "-c" qapi/qapi-builtin-visit.c
[325/2069] Compiling C object libqemuutil.a.p/meson-generated_.._qapi_qapi-visit-authz.c.obj
FAILED: [code=1] libqemuutil.a.p/meson-generated_.._qapi_qapi-visit-authz.c.obj 
"cc" "-m64" "-Ilibqemuutil.a.p" "-I." "-I.." "-Iqapi" "-Itrace" "-Iui" "-Iui/shader" "-IC:/devkitPro/msys2/mingw64/bin/../include" "-IC:/devkitPro/msys2/mingw64/bin/../include/glib-2.0" "-IC:/devkitPro/msys2/mingw64/bin/../lib/glib-2.0/include" "-IC:/devkitPro/msys2/mingw64/bin/../include/pixman-1" "-fdiagnostics-color=auto" "-Wall" "-Winvalid-pch" "-Werror" "-std=gnu11" "-O2" "-g" "-mcx16" "-msse2" "-fno-link-libatomic" "-D_GNU_SOURCE" "-D_FILE_OFFSET_BITS=64" "-D_LARGEFILE_SOURCE" "-fno-strict-aliasing" "-fno-common" "-fwrapv" "-fno-pie" "-no-pie" "-ftrivial-auto-var-init=zero" "-fzero-init-padding-bits=all" "-fzero-call-used-regs=used-gpr" "-fstack-protector-strong" "-Wempty-body" "-Wendif-labels" "-Wexpansion-to-defined" "-Wformat-overflow=2" "-Wformat-security" "-Wformat-y2k" "-Wignored-qualifiers" "-Wimplicit-fallthrough=2" "-Winit-self" "-Wmissing-format-attribute" "-Wmissing-prototypes" "-Wnested-externs" "-Wold-style-declaration" "-Wold-style-definition" "-Wredundant-decls" "-Wshadow=local" "-Wstrict-prototypes" "-Wtype-limits" "-Wundef" "-Wvla" "-Wwrite-strings" "-Wno-missing-include-dirs" "-Wno-psabi" "-Wno-shift-negative-value" "-iquote" "." "-iquote" "C:/GoldenGate/darwin-vm/qemu-sptm" "-iquote" "C:/GoldenGate/darwin-vm/qemu-sptm/include" "-iquote" "C:/GoldenGate/darwin-vm/qemu-sptm/host/include/x86_64" "-iquote" "C:/GoldenGate/darwin-vm/qemu-sptm/host/include/generic" "-iquote" "C:/GoldenGate/darwin-vm/qemu-sptm/tcg/x86_64" "-pthread" -MD -MQ libqemuutil.a.p/meson-generated_.._qapi_qapi-visit-authz.c.obj -MF "libqemuutil.a.p/meson-generated_.._qapi_qapi-visit-authz.c.obj.d" -o libqemuutil.a.p/meson-generated_.._qapi_qapi-visit-authz.c.obj "-c" qapi/qapi-visit-authz.c
[326/2069] Compiling C object libqemuutil.a.p/meson-generated_.._qapi_qapi-types-authz.c.obj
FAILED: [code=1] libqemuutil.a.p/meson-generated_.._qapi_qapi-types-authz.c.obj 
"cc" "-m64" "-Ilibqemuutil.a.p" "-I." "-I.." "-Iqapi" "-Itrace" "-Iui" "-Iui/shader" "-IC:/devkitPro/msys2/mingw64/bin/../include" "-IC:/devkitPro/msys2/mingw64/bin/../include/glib-2.0" "-IC:/devkitPro/msys2/mingw64/bin/../lib/glib-2.0/include" "-IC:/devkitPro/msys2/mingw64/bin/../include/pixman-1" "-fdiagnostics-color=auto" "-Wall" "-Winvalid-pch" "-Werror" "-std=gnu11" "-O2" "-g" "-mcx16" "-msse2" "-fno-link-libatomic" "-D_GNU_SOURCE" "-D_FILE_OFFSET_BITS=64" "-D_LARGEFILE_SOURCE" "-fno-strict-aliasing" "-fno-common" "-fwrapv" "-fno-pie" "-no-pie" "-ftrivial-auto-var-init=zero" "-fzero-init-padding-bits=all" "-fzero-call-used-regs=used-gpr" "-fstack-protector-strong" "-Wempty-body" "-Wendif-labels" "-Wexpansion-to-defined" "-Wformat-overflow=2" "-Wformat-security" "-Wformat-y2k" "-Wignored-qualifiers" "-Wimplicit-fallthrough=2" "-Winit-self" "-Wmissing-format-attribute" "-Wmissing-prototypes" "-Wnested-externs" "-Wold-style-declaration" "-Wold-style-definition" "-Wredundant-decls" "-Wshadow=local" "-Wstrict-prototypes" "-Wtype-limits" "-Wundef" "-Wvla" "-Wwrite-strings" "-Wno-missing-include-dirs" "-Wno-psabi" "-Wno-shift-negative-value" "-iquote" "." "-iquote" "C:/GoldenGate/darwin-vm/qemu-sptm" "-iquote" "C:/GoldenGate/darwin-vm/qemu-sptm/include" "-iquote" "C:/GoldenGate/darwin-vm/qemu-sptm/host/include/x86_64" "-iquote" "C:/GoldenGate/darwin-vm/qemu-sptm/host/include/generic" "-iquote" "C:/GoldenGate/darwin-vm/qemu-sptm/tcg/x